01:36:16 **** Build of project dijkstra_bsp ****
make -k all 
Running Make include in ps7_cortexa9_0/libsrc/standalone_v6_7/src
make -C ps7_cortexa9_0/libsrc/standalone_v6_7/src -s include  "SHELL=/bin/sh" "COMPILER=arm-none-eabi-gcc" "ARCHIVER=arm-none-eabi-ar" "COMPILER_FLAGS=  -O2 -c" "EXTRA_COMPILER_FLAGS=-mcpu=cortex-a9 -mfpu=vfpv3 -mfloat-abi=hard -nostartfiles -g -Wall -Wextra"
Running Make include in ps7_cortexa9_0/libsrc/ddrps_v1_0/src
make -C ps7_cortexa9_0/libsrc/ddrps_v1_0/src -s include  "SHELL=/bin/sh" "COMPILER=arm-none-eabi-gcc" "ARCHIVER=arm-none-eabi-ar" "COMPILER_FLAGS=  -O2 -c" "EXTRA_COMPILER_FLAGS=-mcpu=cortex-a9 -mfpu=vfpv3 -mfloat-abi=hard -nostartfiles -g -Wall -Wextra"
Running Make include in ps7_cortexa9_0/libsrc/dmaps_v2_3/src
make -C ps7_cortexa9_0/libsrc/dmaps_v2_3/src -s include  "SHELL=/bin/sh" "COMPILER=arm-none-eabi-gcc" "ARCHIVER=arm-none-eabi-ar" "COMPILER_FLAGS=  -O2 -c" "EXTRA_COMPILER_FLAGS=-mcpu=cortex-a9 -mfpu=vfpv3 -mfloat-abi=hard -nostartfiles -g -Wall -Wextra"
Running Make include in ps7_cortexa9_0/libsrc/qspips_v3_4/src
make -C ps7_cortexa9_0/libsrc/qspips_v3_4/src -s include  "SHELL=/bin/sh" "COMPILER=arm-none-eabi-gcc" "ARCHIVER=arm-none-eabi-ar" "COMPILER_FLAGS=  -O2 -c" "EXTRA_COMPILER_FLAGS=-mcpu=cortex-a9 -mfpu=vfpv3 -mfloat-abi=hard -nostartfiles -g -Wall -Wextra"
Running Make include in ps7_cortexa9_0/libsrc/dijkstra_v1_0/src
make -C ps7_cortexa9_0/libsrc/dijkstra_v1_0/src -s include  "SHELL=/bin/sh" "COMPILER=arm-none-eabi-gcc" "ARCHIVER=arm-none-eabi-ar" "COMPILER_FLAGS=  -O2 -c" "EXTRA_COMPILER_FLAGS=-mcpu=cortex-a9 -mfpu=vfpv3 -mfloat-abi=hard -nostartfiles -g -Wall -Wextra"
Running Make include in ps7_cortexa9_0/libsrc/gpiops_v3_3/src
make -C ps7_cortexa9_0/libsrc/gpiops_v3_3/src -s include  "SHELL=/bin/sh" "COMPILER=arm-none-eabi-gcc" "ARCHIVER=arm-none-eabi-ar" "COMPILER_FLAGS=  -O2 -c" "EXTRA_COMPILER_FLAGS=-mcpu=cortex-a9 -mfpu=vfpv3 -mfloat-abi=hard -nostartfiles -g -Wall -Wextra"
Running Make include in ps7_cortexa9_0/libsrc/emacps_v3_7/src
make -C ps7_cortexa9_0/libsrc/emacps_v3_7/src -s include  "SHELL=/bin/sh" "COMPILER=arm-none-eabi-gcc" "ARCHIVER=arm-none-eabi-ar" "COMPILER_FLAGS=  -O2 -c" "EXTRA_COMPILER_FLAGS=-mcpu=cortex-a9 -mfpu=vfpv3 -mfloat-abi=hard -nostartfiles -g -Wall -Wextra"
Running Make include in ps7_cortexa9_0/libsrc/scugic_v3_9/src
make -C ps7_cortexa9_0/libsrc/scugic_v3_9/src -s include  "SHELL=/bin/sh" "COMPILER=arm-none-eabi-gcc" "ARCHIVER=arm-none-eabi-ar" "COMPILER_FLAGS=  -O2 -c" "EXTRA_COMPILER_FLAGS=-mcpu=cortex-a9 -mfpu=vfpv3 -mfloat-abi=hard -nostartfiles -g -Wall -Wextra"
Running Make include in ps7_cortexa9_0/libsrc/uartps_v3_6/src
make -C ps7_cortexa9_0/libsrc/uartps_v3_6/src -s include  "SHELL=/bin/sh" "COMPILER=arm-none-eabi-gcc" "ARCHIVER=arm-none-eabi-ar" "COMPILER_FLAGS=  -O2 -c" "EXTRA_COMPILER_FLAGS=-mcpu=cortex-a9 -mfpu=vfpv3 -mfloat-abi=hard -nostartfiles -g -Wall -Wextra"
Running Make include in ps7_cortexa9_0/libsrc/axidma_v9_7/src
make -C ps7_cortexa9_0/libsrc/axidma_v9_7/src -s include  "SHELL=/bin/sh" "COMPILER=arm-none-eabi-gcc" "ARCHIVER=arm-none-eabi-ar" "COMPILER_FLAGS=  -O2 -c" "EXTRA_COMPILER_FLAGS=-mcpu=cortex-a9 -mfpu=vfpv3 -mfloat-abi=hard -nostartfiles -g -Wall -Wextra"
Running Make include in ps7_cortexa9_0/libsrc/xadcps_v2_2/src
make -C ps7_cortexa9_0/libsrc/xadcps_v2_2/src -s include  "SHELL=/bin/sh" "COMPILER=arm-none-eabi-gcc" "ARCHIVER=arm-none-eabi-ar" "COMPILER_FLAGS=  -O2 -c" "EXTRA_COMPILER_FLAGS=-mcpu=cortex-a9 -mfpu=vfpv3 -mfloat-abi=hard -nostartfiles -g -Wall -Wextra"
Running Make include in ps7_cortexa9_0/libsrc/devcfg_v3_5/src
make -C ps7_cortexa9_0/libsrc/devcfg_v3_5/src -s include  "SHELL=/bin/sh" "COMPILER=arm-none-eabi-gcc" "ARCHIVER=arm-none-eabi-ar" "COMPILER_FLAGS=  -O2 -c" "EXTRA_COMPILER_FLAGS=-mcpu=cortex-a9 -mfpu=vfpv3 -mfloat-abi=hard -nostartfiles -g -Wall -Wextra"
Running Make include in ps7_cortexa9_0/libsrc/scuwdt_v2_1/src
make -C ps7_cortexa9_0/libsrc/scuwdt_v2_1/src -s include  "SHELL=/bin/sh" "COMPILER=arm-none-eabi-gcc" "ARCHIVER=arm-none-eabi-ar" "COMPILER_FLAGS=  -O2 -c" "EXTRA_COMPILER_FLAGS=-mcpu=cortex-a9 -mfpu=vfpv3 -mfloat-abi=hard -nostartfiles -g -Wall -Wextra"
Running Make include in ps7_cortexa9_0/libsrc/ttcps_v3_6/src
make -C ps7_cortexa9_0/libsrc/ttcps_v3_6/src -s include  "SHELL=/bin/sh" "COMPILER=arm-none-eabi-gcc" "ARCHIVER=arm-none-eabi-ar" "COMPILER_FLAGS=  -O2 -c" "EXTRA_COMPILER_FLAGS=-mcpu=cortex-a9 -mfpu=vfpv3 -mfloat-abi=hard -nostartfiles -g -Wall -Wextra"
Running Make include in ps7_cortexa9_0/libsrc/usbps_v2_4/src
make -C ps7_cortexa9_0/libsrc/usbps_v2_4/src -s include  "SHELL=/bin/sh" "COMPILER=arm-none-eabi-gcc" "ARCHIVER=arm-none-eabi-ar" "COMPILER_FLAGS=  -O2 -c" "EXTRA_COMPILER_FLAGS=-mcpu=cortex-a9 -mfpu=vfpv3 -mfloat-abi=hard -nostartfiles -g -Wall -Wextra"
Running Make include in ps7_cortexa9_0/libsrc/sdps_v3_5/src
make -C ps7_cortexa9_0/libsrc/sdps_v3_5/src -s include  "SHELL=/bin/sh" "COMPILER=arm-none-eabi-gcc" "ARCHIVER=arm-none-eabi-ar" "COMPILER_FLAGS=  -O2 -c" "EXTRA_COMPILER_FLAGS=-mcpu=cortex-a9 -mfpu=vfpv3 -mfloat-abi=hard -nostartfiles -g -Wall -Wextra"
Running Make include in ps7_cortexa9_0/libsrc/cpu_cortexa9_v2_6/src
make -C ps7_cortexa9_0/libsrc/cpu_cortexa9_v2_6/src -s include  "SHELL=/bin/sh" "COMPILER=arm-none-eabi-gcc" "ARCHIVER=arm-none-eabi-ar" "COMPILER_FLAGS=  -O2 -c" "EXTRA_COMPILER_FLAGS=-mcpu=cortex-a9 -mfpu=vfpv3 -mfloat-abi=hard -nostartfiles -g -Wall -Wextra"
Running Make include in ps7_cortexa9_0/libsrc/coresightps_dcc_v1_4/src
make -C ps7_cortexa9_0/libsrc/coresightps_dcc_v1_4/src -s include  "SHELL=/bin/sh" "COMPILER=arm-none-eabi-gcc" "ARCHIVER=arm-none-eabi-ar" "COMPILER_FLAGS=  -O2 -c" "EXTRA_COMPILER_FLAGS=-mcpu=cortex-a9 -mfpu=vfpv3 -mfloat-abi=hard -nostartfiles -g -Wall -Wextra"
Running Make include in ps7_cortexa9_0/libsrc/tmrctr_v4_4/src
make -C ps7_cortexa9_0/libsrc/tmrctr_v4_4/src -s include  "SHELL=/bin/sh" "COMPILER=arm-none-eabi-gcc" "ARCHIVER=arm-none-eabi-ar" "COMPILER_FLAGS=  -O2 -c" "EXTRA_COMPILER_FLAGS=-mcpu=cortex-a9 -mfpu=vfpv3 -mfloat-abi=hard -nostartfiles -g -Wall -Wextra"
Running Make include in ps7_cortexa9_0/libsrc/scutimer_v2_1/src
make -C ps7_cortexa9_0/libsrc/scutimer_v2_1/src -s include  "SHELL=/bin/sh" "COMPILER=arm-none-eabi-gcc" "ARCHIVER=arm-none-eabi-ar" "COMPILER_FLAGS=  -O2 -c" "EXTRA_COMPILER_FLAGS=-mcpu=cortex-a9 -mfpu=vfpv3 -mfloat-abi=hard -nostartfiles -g -Wall -Wextra"
Running Make libs in ps7_cortexa9_0/libsrc/standalone_v6_7/src
make -C ps7_cortexa9_0/libsrc/standalone_v6_7/src -s libs  "SHELL=/bin/sh" "COMPILER=arm-none-eabi-gcc" "ARCHIVER=arm-none-eabi-ar" "COMPILER_FLAGS=  -O2 -c" "EXTRA_COMPILER_FLAGS=-mcpu=cortex-a9 -mfpu=vfpv3 -mfloat-abi=hard -nostartfiles -g -Wall -Wextra"
Compiling standalone
In file included from xtime_l.c:53:0:
xtime_l.h:89:9: note: #pragma message: For the sleep routines, Global timer is being used
 #pragma message ("For the sleep routines, Global timer is being used")
         ^~~~~~~
In file included from usleep.c:60:0:
xtime_l.h:89:9: note: #pragma message: For the sleep routines, Global timer is being used
 #pragma message ("For the sleep routines, Global timer is being used")
         ^~~~~~~
In file included from sleep.c:57:0:
xtime_l.h:89:9: note: #pragma message: For the sleep routines, Global timer is being used
 #pragma message ("For the sleep routines, Global timer is being used")
         ^~~~~~~
In file included from xil_sleeptimer.c:55:0:
xtime_l.h:89:9: note: #pragma message: For the sleep routines, Global timer is being used
 #pragma message ("For the sleep routines, Global timer is being used")
         ^~~~~~~
arm-none-eabi-ar: creating ../../../lib/libxil.a
Running Make libs in ps7_cortexa9_0/libsrc/ddrps_v1_0/src
make -C ps7_cortexa9_0/libsrc/ddrps_v1_0/src -s libs  "SHELL=/bin/sh" "COMPILER=arm-none-eabi-gcc" "ARCHIVER=arm-none-eabi-ar" "COMPILER_FLAGS=  -O2 -c" "EXTRA_COMPILER_FLAGS=-mcpu=cortex-a9 -mfpu=vfpv3 -mfloat-abi=hard -nostartfiles -g -Wall -Wextra"
Compiling ddrps
Running Make libs in ps7_cortexa9_0/libsrc/dmaps_v2_3/src
make -C ps7_cortexa9_0/libsrc/dmaps_v2_3/src -s libs  "SHELL=/bin/sh" "COMPILER=arm-none-eabi-gcc" "ARCHIVER=arm-none-eabi-ar" "COMPILER_FLAGS=  -O2 -c" "EXTRA_COMPILER_FLAGS=-mcpu=cortex-a9 -mfpu=vfpv3 -mfloat-abi=hard -nostartfiles -g -Wall -Wextra"
Compiling dmaps
Running Make libs in ps7_cortexa9_0/libsrc/qspips_v3_4/src
make -C ps7_cortexa9_0/libsrc/qspips_v3_4/src -s libs  "SHELL=/bin/sh" "COMPILER=arm-none-eabi-gcc" "ARCHIVER=arm-none-eabi-ar" "COMPILER_FLAGS=  -O2 -c" "EXTRA_COMPILER_FLAGS=-mcpu=cortex-a9 -mfpu=vfpv3 -mfloat-abi=hard -nostartfiles -g -Wall -Wextra"
Compiling qspips
Running Make libs in ps7_cortexa9_0/libsrc/dijkstra_v1_0/src
make -C ps7_cortexa9_0/libsrc/dijkstra_v1_0/src -s libs  "SHELL=/bin/sh" "COMPILER=arm-none-eabi-gcc" "ARCHIVER=arm-none-eabi-ar" "COMPILER_FLAGS=  -O2 -c" "EXTRA_COMPILER_FLAGS=-mcpu=cortex-a9 -mfpu=vfpv3 -mfloat-abi=hard -nostartfiles -g -Wall -Wextra"
Compiling dijkstra
Running Make libs in ps7_cortexa9_0/libsrc/gpiops_v3_3/src
make -C ps7_cortexa9_0/libsrc/gpiops_v3_3/src -s libs  "SHELL=/bin/sh" "COMPILER=arm-none-eabi-gcc" "ARCHIVER=arm-none-eabi-ar" "COMPILER_FLAGS=  -O2 -c" "EXTRA_COMPILER_FLAGS=-mcpu=cortex-a9 -mfpu=vfpv3 -mfloat-abi=hard -nostartfiles -g -Wall -Wextra"
Compiling gpiops
Running Make libs in ps7_cortexa9_0/libsrc/emacps_v3_7/src
make -C ps7_cortexa9_0/libsrc/emacps_v3_7/src -s libs  "SHELL=/bin/sh" "COMPILER=arm-none-eabi-gcc" "ARCHIVER=arm-none-eabi-ar" "COMPILER_FLAGS=  -O2 -c" "EXTRA_COMPILER_FLAGS=-mcpu=cortex-a9 -mfpu=vfpv3 -mfloat-abi=hard -nostartfiles -g -Wall -Wextra"
Compiling emacps
Running Make libs in ps7_cortexa9_0/libsrc/scugic_v3_9/src
make -C ps7_cortexa9_0/libsrc/scugic_v3_9/src -s libs  "SHELL=/bin/sh" "COMPILER=arm-none-eabi-gcc" "ARCHIVER=arm-none-eabi-ar" "COMPILER_FLAGS=  -O2 -c" "EXTRA_COMPILER_FLAGS=-mcpu=cortex-a9 -mfpu=vfpv3 -mfloat-abi=hard -nostartfiles -g -Wall -Wextra"
Compiling scugic
Running Make libs in ps7_cortexa9_0/libsrc/uartps_v3_6/src
make -C ps7_cortexa9_0/libsrc/uartps_v3_6/src -s libs  "SHELL=/bin/sh" "COMPILER=arm-none-eabi-gcc" "ARCHIVER=arm-none-eabi-ar" "COMPILER_FLAGS=  -O2 -c" "EXTRA_COMPILER_FLAGS=-mcpu=cortex-a9 -mfpu=vfpv3 -mfloat-abi=hard -nostartfiles -g -Wall -Wextra"
Compiling uartps
Running Make libs in ps7_cortexa9_0/libsrc/axidma_v9_7/src
make -C ps7_cortexa9_0/libsrc/axidma_v9_7/src -s libs  "SHELL=/bin/sh" "COMPILER=arm-none-eabi-gcc" "ARCHIVER=arm-none-eabi-ar" "COMPILER_FLAGS=  -O2 -c" "EXTRA_COMPILER_FLAGS=-mcpu=cortex-a9 -mfpu=vfpv3 -mfloat-abi=hard -nostartfiles -g -Wall -Wextra"
Compiling axidma
Running Make libs in ps7_cortexa9_0/libsrc/xadcps_v2_2/src
make -C ps7_cortexa9_0/libsrc/xadcps_v2_2/src -s libs  "SHELL=/bin/sh" "COMPILER=arm-none-eabi-gcc" "ARCHIVER=arm-none-eabi-ar" "COMPILER_FLAGS=  -O2 -c" "EXTRA_COMPILER_FLAGS=-mcpu=cortex-a9 -mfpu=vfpv3 -mfloat-abi=hard -nostartfiles -g -Wall -Wextra"
Compiling xadcps
Running Make libs in ps7_cortexa9_0/libsrc/devcfg_v3_5/src
make -C ps7_cortexa9_0/libsrc/devcfg_v3_5/src -s libs  "SHELL=/bin/sh" "COMPILER=arm-none-eabi-gcc" "ARCHIVER=arm-none-eabi-ar" "COMPILER_FLAGS=  -O2 -c" "EXTRA_COMPILER_FLAGS=-mcpu=cortex-a9 -mfpu=vfpv3 -mfloat-abi=hard -nostartfiles -g -Wall -Wextra"
Compiling devcfg
Running Make libs in ps7_cortexa9_0/libsrc/scuwdt_v2_1/src
make -C ps7_cortexa9_0/libsrc/scuwdt_v2_1/src -s libs  "SHELL=/bin/sh" "COMPILER=arm-none-eabi-gcc" "ARCHIVER=arm-none-eabi-ar" "COMPILER_FLAGS=  -O2 -c" "EXTRA_COMPILER_FLAGS=-mcpu=cortex-a9 -mfpu=vfpv3 -mfloat-abi=hard -nostartfiles -g -Wall -Wextra"
Compiling scuwdt
Running Make libs in ps7_cortexa9_0/libsrc/ttcps_v3_6/src
make -C ps7_cortexa9_0/libsrc/ttcps_v3_6/src -s libs  "SHELL=/bin/sh" "COMPILER=arm-none-eabi-gcc" "ARCHIVER=arm-none-eabi-ar" "COMPILER_FLAGS=  -O2 -c" "EXTRA_COMPILER_FLAGS=-mcpu=cortex-a9 -mfpu=vfpv3 -mfloat-abi=hard -nostartfiles -g -Wall -Wextra"
Compiling ttcps
Running Make libs in ps7_cortexa9_0/libsrc/usbps_v2_4/src
make -C ps7_cortexa9_0/libsrc/usbps_v2_4/src -s libs  "SHELL=/bin/sh" "COMPILER=arm-none-eabi-gcc" "ARCHIVER=arm-none-eabi-ar" "COMPILER_FLAGS=  -O2 -c" "EXTRA_COMPILER_FLAGS=-mcpu=cortex-a9 -mfpu=vfpv3 -mfloat-abi=hard -nostartfiles -g -Wall -Wextra"
Compiling usbps
Running Make libs in ps7_cortexa9_0/libsrc/sdps_v3_5/src
make -C ps7_cortexa9_0/libsrc/sdps_v3_5/src -s libs  "SHELL=/bin/sh" "COMPILER=arm-none-eabi-gcc" "ARCHIVER=arm-none-eabi-ar" "COMPILER_FLAGS=  -O2 -c" "EXTRA_COMPILER_FLAGS=-mcpu=cortex-a9 -mfpu=vfpv3 -mfloat-abi=hard -nostartfiles -g -Wall -Wextra"
Compiling sdps
Running Make libs in ps7_cortexa9_0/libsrc/cpu_cortexa9_v2_6/src
make -C ps7_cortexa9_0/libsrc/cpu_cortexa9_v2_6/src -s libs  "SHELL=/bin/sh" "COMPILER=arm-none-eabi-gcc" "ARCHIVER=arm-none-eabi-ar" "COMPILER_FLAGS=  -O2 -c" "EXTRA_COMPILER_FLAGS=-mcpu=cortex-a9 -mfpu=vfpv3 -mfloat-abi=hard -nostartfiles -g -Wall -Wextra"
Compiling cpu_cortexa9
Running Make libs in ps7_cortexa9_0/libsrc/coresightps_dcc_v1_4/src
make -C ps7_cortexa9_0/libsrc/coresightps_dcc_v1_4/src -s libs  "SHELL=/bin/sh" "COMPILER=arm-none-eabi-gcc" "ARCHIVER=arm-none-eabi-ar" "COMPILER_FLAGS=  -O2 -c" "EXTRA_COMPILER_FLAGS=-mcpu=cortex-a9 -mfpu=vfpv3 -mfloat-abi=hard -nostartfiles -g -Wall -Wextra"
Compiling coresightps_dcc
Running Make libs in ps7_cortexa9_0/libsrc/tmrctr_v4_4/src
make -C ps7_cortexa9_0/libsrc/tmrctr_v4_4/src -s libs  "SHELL=/bin/sh" "COMPILER=arm-none-eabi-gcc" "ARCHIVER=arm-none-eabi-ar" "COMPILER_FLAGS=  -O2 -c" "EXTRA_COMPILER_FLAGS=-mcpu=cortex-a9 -mfpu=vfpv3 -mfloat-abi=hard -nostartfiles -g -Wall -Wextra"
Compiling tmrctr
Running Make libs in ps7_cortexa9_0/libsrc/scutimer_v2_1/src
make -C ps7_cortexa9_0/libsrc/scutimer_v2_1/src -s libs  "SHELL=/bin/sh" "COMPILER=arm-none-eabi-gcc" "ARCHIVER=arm-none-eabi-ar" "COMPILER_FLAGS=  -O2 -c" "EXTRA_COMPILER_FLAGS=-mcpu=cortex-a9 -mfpu=vfpv3 -mfloat-abi=hard -nostartfiles -g -Wall -Wextra"
Compiling scutimer
Finished building libraries
01:36:48 **** Build of project dijkstra_bsp ****
make -k all 
Running Make include in ps7_cortexa9_0/libsrc/standalone_v6_7/src
make -C ps7_cortexa9_0/libsrc/standalone_v6_7/src -s include  "SHELL=/bin/sh" "COMPILER=arm-none-eabi-gcc" "ARCHIVER=arm-none-eabi-ar" "COMPILER_FLAGS=  -O2 -c" "EXTRA_COMPILER_FLAGS=-mcpu=cortex-a9 -mfpu=vfpv3 -mfloat-abi=hard -nostartfiles -g -Wall -Wextra"
Running Make include in ps7_cortexa9_0/libsrc/ddrps_v1_0/src
make -C ps7_cortexa9_0/libsrc/ddrps_v1_0/src -s include  "SHELL=/bin/sh" "COMPILER=arm-none-eabi-gcc" "ARCHIVER=arm-none-eabi-ar" "COMPILER_FLAGS=  -O2 -c" "EXTRA_COMPILER_FLAGS=-mcpu=cortex-a9 -mfpu=vfpv3 -mfloat-abi=hard -nostartfiles -g -Wall -Wextra"
Running Make include in ps7_cortexa9_0/libsrc/dmaps_v2_3/src
make -C ps7_cortexa9_0/libsrc/dmaps_v2_3/src -s include  "SHELL=/bin/sh" "COMPILER=arm-none-eabi-gcc" "ARCHIVER=arm-none-eabi-ar" "COMPILER_FLAGS=  -O2 -c" "EXTRA_COMPILER_FLAGS=-mcpu=cortex-a9 -mfpu=vfpv3 -mfloat-abi=hard -nostartfiles -g -Wall -Wextra"
Running Make include in ps7_cortexa9_0/libsrc/qspips_v3_4/src
make -C ps7_cortexa9_0/libsrc/qspips_v3_4/src -s include  "SHELL=/bin/sh" "COMPILER=arm-none-eabi-gcc" "ARCHIVER=arm-none-eabi-ar" "COMPILER_FLAGS=  -O2 -c" "EXTRA_COMPILER_FLAGS=-mcpu=cortex-a9 -mfpu=vfpv3 -mfloat-abi=hard -nostartfiles -g -Wall -Wextra"
Running Make include in ps7_cortexa9_0/libsrc/dijkstra_v1_0/src
make -C ps7_cortexa9_0/libsrc/dijkstra_v1_0/src -s include  "SHELL=/bin/sh" "COMPILER=arm-none-eabi-gcc" "ARCHIVER=arm-none-eabi-ar" "COMPILER_FLAGS=  -O2 -c" "EXTRA_COMPILER_FLAGS=-mcpu=cortex-a9 -mfpu=vfpv3 -mfloat-abi=hard -nostartfiles -g -Wall -Wextra"
Running Make include in ps7_cortexa9_0/libsrc/gpiops_v3_3/src
make -C ps7_cortexa9_0/libsrc/gpiops_v3_3/src -s include  "SHELL=/bin/sh" "COMPILER=arm-none-eabi-gcc" "ARCHIVER=arm-none-eabi-ar" "COMPILER_FLAGS=  -O2 -c" "EXTRA_COMPILER_FLAGS=-mcpu=cortex-a9 -mfpu=vfpv3 -mfloat-abi=hard -nostartfiles -g -Wall -Wextra"
Running Make include in ps7_cortexa9_0/libsrc/emacps_v3_7/src
make -C ps7_cortexa9_0/libsrc/emacps_v3_7/src -s include  "SHELL=/bin/sh" "COMPILER=arm-none-eabi-gcc" "ARCHIVER=arm-none-eabi-ar" "COMPILER_FLAGS=  -O2 -c" "EXTRA_COMPILER_FLAGS=-mcpu=cortex-a9 -mfpu=vfpv3 -mfloat-abi=hard -nostartfiles -g -Wall -Wextra"
Running Make include in ps7_cortexa9_0/libsrc/scugic_v3_9/src
make -C ps7_cortexa9_0/libsrc/scugic_v3_9/src -s include  "SHELL=/bin/sh" "COMPILER=arm-none-eabi-gcc" "ARCHIVER=arm-none-eabi-ar" "COMPILER_FLAGS=  -O2 -c" "EXTRA_COMPILER_FLAGS=-mcpu=cortex-a9 -mfpu=vfpv3 -mfloat-abi=hard -nostartfiles -g -Wall -Wextra"
Running Make include in ps7_cortexa9_0/libsrc/uartps_v3_6/src
make -C ps7_cortexa9_0/libsrc/uartps_v3_6/src -s include  "SHELL=/bin/sh" "COMPILER=arm-none-eabi-gcc" "ARCHIVER=arm-none-eabi-ar" "COMPILER_FLAGS=  -O2 -c" "EXTRA_COMPILER_FLAGS=-mcpu=cortex-a9 -mfpu=vfpv3 -mfloat-abi=hard -nostartfiles -g -Wall -Wextra"
Running Make include in ps7_cortexa9_0/libsrc/axidma_v9_7/src
make -C ps7_cortexa9_0/libsrc/axidma_v9_7/src -s include  "SHELL=/bin/sh" "COMPILER=arm-none-eabi-gcc" "ARCHIVER=arm-none-eabi-ar" "COMPILER_FLAGS=  -O2 -c" "EXTRA_COMPILER_FLAGS=-mcpu=cortex-a9 -mfpu=vfpv3 -mfloat-abi=hard -nostartfiles -g -Wall -Wextra"
Running Make include in ps7_cortexa9_0/libsrc/xadcps_v2_2/src
make -C ps7_cortexa9_0/libsrc/xadcps_v2_2/src -s include  "SHELL=/bin/sh" "COMPILER=arm-none-eabi-gcc" "ARCHIVER=arm-none-eabi-ar" "COMPILER_FLAGS=  -O2 -c" "EXTRA_COMPILER_FLAGS=-mcpu=cortex-a9 -mfpu=vfpv3 -mfloat-abi=hard -nostartfiles -g -Wall -Wextra"
Running Make include in ps7_cortexa9_0/libsrc/devcfg_v3_5/src
make -C ps7_cortexa9_0/libsrc/devcfg_v3_5/src -s include  "SHELL=/bin/sh" "COMPILER=arm-none-eabi-gcc" "ARCHIVER=arm-none-eabi-ar" "COMPILER_FLAGS=  -O2 -c" "EXTRA_COMPILER_FLAGS=-mcpu=cortex-a9 -mfpu=vfpv3 -mfloat-abi=hard -nostartfiles -g -Wall -Wextra"
Running Make include in ps7_cortexa9_0/libsrc/scuwdt_v2_1/src
make -C ps7_cortexa9_0/libsrc/scuwdt_v2_1/src -s include  "SHELL=/bin/sh" "COMPILER=arm-none-eabi-gcc" "ARCHIVER=arm-none-eabi-ar" "COMPILER_FLAGS=  -O2 -c" "EXTRA_COMPILER_FLAGS=-mcpu=cortex-a9 -mfpu=vfpv3 -mfloat-abi=hard -nostartfiles -g -Wall -Wextra"
Running Make include in ps7_cortexa9_0/libsrc/ttcps_v3_6/src
make -C ps7_cortexa9_0/libsrc/ttcps_v3_6/src -s include  "SHELL=/bin/sh" "COMPILER=arm-none-eabi-gcc" "ARCHIVER=arm-none-eabi-ar" "COMPILER_FLAGS=  -O2 -c" "EXTRA_COMPILER_FLAGS=-mcpu=cortex-a9 -mfpu=vfpv3 -mfloat-abi=hard -nostartfiles -g -Wall -Wextra"
Running Make include in ps7_cortexa9_0/libsrc/usbps_v2_4/src
make -C ps7_cortexa9_0/libsrc/usbps_v2_4/src -s include  "SHELL=/bin/sh" "COMPILER=arm-none-eabi-gcc" "ARCHIVER=arm-none-eabi-ar" "COMPILER_FLAGS=  -O2 -c" "EXTRA_COMPILER_FLAGS=-mcpu=cortex-a9 -mfpu=vfpv3 -mfloat-abi=hard -nostartfiles -g -Wall -Wextra"
Running Make include in ps7_cortexa9_0/libsrc/sdps_v3_5/src
make -C ps7_cortexa9_0/libsrc/sdps_v3_5/src -s include  "SHELL=/bin/sh" "COMPILER=arm-none-eabi-gcc" "ARCHIVER=arm-none-eabi-ar" "COMPILER_FLAGS=  -O2 -c" "EXTRA_COMPILER_FLAGS=-mcpu=cortex-a9 -mfpu=vfpv3 -mfloat-abi=hard -nostartfiles -g -Wall -Wextra"
Running Make include in ps7_cortexa9_0/libsrc/cpu_cortexa9_v2_6/src
make -C ps7_cortexa9_0/libsrc/cpu_cortexa9_v2_6/src -s include  "SHELL=/bin/sh" "COMPILER=arm-none-eabi-gcc" "ARCHIVER=arm-none-eabi-ar" "COMPILER_FLAGS=  -O2 -c" "EXTRA_COMPILER_FLAGS=-mcpu=cortex-a9 -mfpu=vfpv3 -mfloat-abi=hard -nostartfiles -g -Wall -Wextra"
Running Make include in ps7_cortexa9_0/libsrc/coresightps_dcc_v1_4/src
make -C ps7_cortexa9_0/libsrc/coresightps_dcc_v1_4/src -s include  "SHELL=/bin/sh" "COMPILER=arm-none-eabi-gcc" "ARCHIVER=arm-none-eabi-ar" "COMPILER_FLAGS=  -O2 -c" "EXTRA_COMPILER_FLAGS=-mcpu=cortex-a9 -mfpu=vfpv3 -mfloat-abi=hard -nostartfiles -g -Wall -Wextra"
Running Make include in ps7_cortexa9_0/libsrc/tmrctr_v4_4/src
make -C ps7_cortexa9_0/libsrc/tmrctr_v4_4/src -s include  "SHELL=/bin/sh" "COMPILER=arm-none-eabi-gcc" "ARCHIVER=arm-none-eabi-ar" "COMPILER_FLAGS=  -O2 -c" "EXTRA_COMPILER_FLAGS=-mcpu=cortex-a9 -mfpu=vfpv3 -mfloat-abi=hard -nostartfiles -g -Wall -Wextra"
Running Make include in ps7_cortexa9_0/libsrc/scutimer_v2_1/src
make -C ps7_cortexa9_0/libsrc/scutimer_v2_1/src -s include  "SHELL=/bin/sh" "COMPILER=arm-none-eabi-gcc" "ARCHIVER=arm-none-eabi-ar" "COMPILER_FLAGS=  -O2 -c" "EXTRA_COMPILER_FLAGS=-mcpu=cortex-a9 -mfpu=vfpv3 -mfloat-abi=hard -nostartfiles -g -Wall -Wextra"
Running Make libs in ps7_cortexa9_0/libsrc/standalone_v6_7/src
make -C ps7_cortexa9_0/libsrc/standalone_v6_7/src -s libs  "SHELL=/bin/sh" "COMPILER=arm-none-eabi-gcc" "ARCHIVER=arm-none-eabi-ar" "COMPILER_FLAGS=  -O2 -c" "EXTRA_COMPILER_FLAGS=-mcpu=cortex-a9 -mfpu=vfpv3 -mfloat-abi=hard -nostartfiles -g -Wall -Wextra"
Compiling standalone
In file included from xtime_l.c:53:0:
xtime_l.h:89:9: note: #pragma message: For the sleep routines, Global timer is being used
 #pragma message ("For the sleep routines, Global timer is being used")
         ^~~~~~~
In file included from usleep.c:60:0:
xtime_l.h:89:9: note: #pragma message: For the sleep routines, Global timer is being used
 #pragma message ("For the sleep routines, Global timer is being used")
         ^~~~~~~
In file included from sleep.c:57:0:
xtime_l.h:89:9: note: #pragma message: For the sleep routines, Global timer is being used
 #pragma message ("For the sleep routines, Global timer is being used")
         ^~~~~~~
In file included from xil_sleeptimer.c:55:0:
xtime_l.h:89:9: note: #pragma message: For the sleep routines, Global timer is being used
 #pragma message ("For the sleep routines, Global timer is being used")
         ^~~~~~~
arm-none-eabi-ar: creating ../../../lib/libxil.a
Running Make libs in ps7_cortexa9_0/libsrc/ddrps_v1_0/src
make -C ps7_cortexa9_0/libsrc/ddrps_v1_0/src -s libs  "SHELL=/bin/sh" "COMPILER=arm-none-eabi-gcc" "ARCHIVER=arm-none-eabi-ar" "COMPILER_FLAGS=  -O2 -c" "EXTRA_COMPILER_FLAGS=-mcpu=cortex-a9 -mfpu=vfpv3 -mfloat-abi=hard -nostartfiles -g -Wall -Wextra"
Compiling ddrps
Running Make libs in ps7_cortexa9_0/libsrc/dmaps_v2_3/src
make -C ps7_cortexa9_0/libsrc/dmaps_v2_3/src -s libs  "SHELL=/bin/sh" "COMPILER=arm-none-eabi-gcc" "ARCHIVER=arm-none-eabi-ar" "COMPILER_FLAGS=  -O2 -c" "EXTRA_COMPILER_FLAGS=-mcpu=cortex-a9 -mfpu=vfpv3 -mfloat-abi=hard -nostartfiles -g -Wall -Wextra"
Compiling dmaps
Running Make libs in ps7_cortexa9_0/libsrc/qspips_v3_4/src
make -C ps7_cortexa9_0/libsrc/qspips_v3_4/src -s libs  "SHELL=/bin/sh" "COMPILER=arm-none-eabi-gcc" "ARCHIVER=arm-none-eabi-ar" "COMPILER_FLAGS=  -O2 -c" "EXTRA_COMPILER_FLAGS=-mcpu=cortex-a9 -mfpu=vfpv3 -mfloat-abi=hard -nostartfiles -g -Wall -Wextra"
Compiling qspips
Running Make libs in ps7_cortexa9_0/libsrc/dijkstra_v1_0/src
make -C ps7_cortexa9_0/libsrc/dijkstra_v1_0/src -s libs  "SHELL=/bin/sh" "COMPILER=arm-none-eabi-gcc" "ARCHIVER=arm-none-eabi-ar" "COMPILER_FLAGS=  -O2 -c" "EXTRA_COMPILER_FLAGS=-mcpu=cortex-a9 -mfpu=vfpv3 -mfloat-abi=hard -nostartfiles -g -Wall -Wextra"
Compiling dijkstra
Running Make libs in ps7_cortexa9_0/libsrc/gpiops_v3_3/src
make -C ps7_cortexa9_0/libsrc/gpiops_v3_3/src -s libs  "SHELL=/bin/sh" "COMPILER=arm-none-eabi-gcc" "ARCHIVER=arm-none-eabi-ar" "COMPILER_FLAGS=  -O2 -c" "EXTRA_COMPILER_FLAGS=-mcpu=cortex-a9 -mfpu=vfpv3 -mfloat-abi=hard -nostartfiles -g -Wall -Wextra"
Compiling gpiops
Running Make libs in ps7_cortexa9_0/libsrc/emacps_v3_7/src
make -C ps7_cortexa9_0/libsrc/emacps_v3_7/src -s libs  "SHELL=/bin/sh" "COMPILER=arm-none-eabi-gcc" "ARCHIVER=arm-none-eabi-ar" "COMPILER_FLAGS=  -O2 -c" "EXTRA_COMPILER_FLAGS=-mcpu=cortex-a9 -mfpu=vfpv3 -mfloat-abi=hard -nostartfiles -g -Wall -Wextra"
Compiling emacps
Running Make libs in ps7_cortexa9_0/libsrc/scugic_v3_9/src
make -C ps7_cortexa9_0/libsrc/scugic_v3_9/src -s libs  "SHELL=/bin/sh" "COMPILER=arm-none-eabi-gcc" "ARCHIVER=arm-none-eabi-ar" "COMPILER_FLAGS=  -O2 -c" "EXTRA_COMPILER_FLAGS=-mcpu=cortex-a9 -mfpu=vfpv3 -mfloat-abi=hard -nostartfiles -g -Wall -Wextra"
Compiling scugic
Running Make libs in ps7_cortexa9_0/libsrc/uartps_v3_6/src
make -C ps7_cortexa9_0/libsrc/uartps_v3_6/src -s libs  "SHELL=/bin/sh" "COMPILER=arm-none-eabi-gcc" "ARCHIVER=arm-none-eabi-ar" "COMPILER_FLAGS=  -O2 -c" "EXTRA_COMPILER_FLAGS=-mcpu=cortex-a9 -mfpu=vfpv3 -mfloat-abi=hard -nostartfiles -g -Wall -Wextra"
Compiling uartps
Running Make libs in ps7_cortexa9_0/libsrc/axidma_v9_7/src
make -C ps7_cortexa9_0/libsrc/axidma_v9_7/src -s libs  "SHELL=/bin/sh" "COMPILER=arm-none-eabi-gcc" "ARCHIVER=arm-none-eabi-ar" "COMPILER_FLAGS=  -O2 -c" "EXTRA_COMPILER_FLAGS=-mcpu=cortex-a9 -mfpu=vfpv3 -mfloat-abi=hard -nostartfiles -g -Wall -Wextra"
Compiling axidma
Running Make libs in ps7_cortexa9_0/libsrc/xadcps_v2_2/src
make -C ps7_cortexa9_0/libsrc/xadcps_v2_2/src -s libs  "SHELL=/bin/sh" "COMPILER=arm-none-eabi-gcc" "ARCHIVER=arm-none-eabi-ar" "COMPILER_FLAGS=  -O2 -c" "EXTRA_COMPILER_FLAGS=-mcpu=cortex-a9 -mfpu=vfpv3 -mfloat-abi=hard -nostartfiles -g -Wall -Wextra"
Compiling xadcps
Running Make libs in ps7_cortexa9_0/libsrc/devcfg_v3_5/src
make -C ps7_cortexa9_0/libsrc/devcfg_v3_5/src -s libs  "SHELL=/bin/sh" "COMPILER=arm-none-eabi-gcc" "ARCHIVER=arm-none-eabi-ar" "COMPILER_FLAGS=  -O2 -c" "EXTRA_COMPILER_FLAGS=-mcpu=cortex-a9 -mfpu=vfpv3 -mfloat-abi=hard -nostartfiles -g -Wall -Wextra"
Compiling devcfg
Running Make libs in ps7_cortexa9_0/libsrc/scuwdt_v2_1/src
make -C ps7_cortexa9_0/libsrc/scuwdt_v2_1/src -s libs  "SHELL=/bin/sh" "COMPILER=arm-none-eabi-gcc" "ARCHIVER=arm-none-eabi-ar" "COMPILER_FLAGS=  -O2 -c" "EXTRA_COMPILER_FLAGS=-mcpu=cortex-a9 -mfpu=vfpv3 -mfloat-abi=hard -nostartfiles -g -Wall -Wextra"
Compiling scuwdt
Running Make libs in ps7_cortexa9_0/libsrc/ttcps_v3_6/src
make -C ps7_cortexa9_0/libsrc/ttcps_v3_6/src -s libs  "SHELL=/bin/sh" "COMPILER=arm-none-eabi-gcc" "ARCHIVER=arm-none-eabi-ar" "COMPILER_FLAGS=  -O2 -c" "EXTRA_COMPILER_FLAGS=-mcpu=cortex-a9 -mfpu=vfpv3 -mfloat-abi=hard -nostartfiles -g -Wall -Wextra"
Compiling ttcps
Running Make libs in ps7_cortexa9_0/libsrc/usbps_v2_4/src
make -C ps7_cortexa9_0/libsrc/usbps_v2_4/src -s libs  "SHELL=/bin/sh" "COMPILER=arm-none-eabi-gcc" "ARCHIVER=arm-none-eabi-ar" "COMPILER_FLAGS=  -O2 -c" "EXTRA_COMPILER_FLAGS=-mcpu=cortex-a9 -mfpu=vfpv3 -mfloat-abi=hard -nostartfiles -g -Wall -Wextra"
Compiling usbps
Running Make libs in ps7_cortexa9_0/libsrc/sdps_v3_5/src
make -C ps7_cortexa9_0/libsrc/sdps_v3_5/src -s libs  "SHELL=/bin/sh" "COMPILER=arm-none-eabi-gcc" "ARCHIVER=arm-none-eabi-ar" "COMPILER_FLAGS=  -O2 -c" "EXTRA_COMPILER_FLAGS=-mcpu=cortex-a9 -mfpu=vfpv3 -mfloat-abi=hard -nostartfiles -g -Wall -Wextra"
Compiling sdps
Running Make libs in ps7_cortexa9_0/libsrc/cpu_cortexa9_v2_6/src
make -C ps7_cortexa9_0/libsrc/cpu_cortexa9_v2_6/src -s libs  "SHELL=/bin/sh" "COMPILER=arm-none-eabi-gcc" "ARCHIVER=arm-none-eabi-ar" "COMPILER_FLAGS=  -O2 -c" "EXTRA_COMPILER_FLAGS=-mcpu=cortex-a9 -mfpu=vfpv3 -mfloat-abi=hard -nostartfiles -g -Wall -Wextra"
Compiling cpu_cortexa9
Running Make libs in ps7_cortexa9_0/libsrc/coresightps_dcc_v1_4/src
make -C ps7_cortexa9_0/libsrc/coresightps_dcc_v1_4/src -s libs  "SHELL=/bin/sh" "COMPILER=arm-none-eabi-gcc" "ARCHIVER=arm-none-eabi-ar" "COMPILER_FLAGS=  -O2 -c" "EXTRA_COMPILER_FLAGS=-mcpu=cortex-a9 -mfpu=vfpv3 -mfloat-abi=hard -nostartfiles -g -Wall -Wextra"
Compiling coresightps_dcc
Running Make libs in ps7_cortexa9_0/libsrc/tmrctr_v4_4/src
make -C ps7_cortexa9_0/libsrc/tmrctr_v4_4/src -s libs  "SHELL=/bin/sh" "COMPILER=arm-none-eabi-gcc" "ARCHIVER=arm-none-eabi-ar" "COMPILER_FLAGS=  -O2 -c" "EXTRA_COMPILER_FLAGS=-mcpu=cortex-a9 -mfpu=vfpv3 -mfloat-abi=hard -nostartfiles -g -Wall -Wextra"
Compiling tmrctr
Running Make libs in ps7_cortexa9_0/libsrc/scutimer_v2_1/src
make -C ps7_cortexa9_0/libsrc/scutimer_v2_1/src -s libs  "SHELL=/bin/sh" "COMPILER=arm-none-eabi-gcc" "ARCHIVER=arm-none-eabi-ar" "COMPILER_FLAGS=  -O2 -c" "EXTRA_COMPILER_FLAGS=-mcpu=cortex-a9 -mfpu=vfpv3 -mfloat-abi=hard -nostartfiles -g -Wall -Wextra"
Compiling scutimer
Finished building libraries
01:36:57 **** Build of configuration Debug for project dijkstra ****
make pre-build main-build 
a9-linaro-pre-build-step
 
Building file: ../src/main.cc
Invoking: ARM v7 g++ compiler
arm-none-eabi-g++ -Wall -O0 -g3 -c -fmessage-length=0 -MT"src/main.o" -mcpu=cortex-a9 -mfpu=vfpv3 -mfloat-abi=hard -I../../dijkstra_bsp/ps7_cortexa9_0/include -MMD -MP -MF"src/main.d" -MT"src/main.o" -o "src/main.o" "../src/main.cc"
Finished building: ../src/main.cc
 
Building target: dijkstra.elf
Invoking: ARM v7 g++ linker
arm-none-eabi-g++ -mcpu=cortex-a9 -mfpu=vfpv3 -mfloat-abi=hard -Wl,-build-id=none -specs=Xilinx.spec -Wl,-T -Wl,../src/lscript.ld -L../../dijkstra_bsp/ps7_cortexa9_0/lib -o "dijkstra.elf"  ./src/main.o   -Wl,--start-group,-lxil,-lgcc,-lc,-lstdc++,--end-group
Finished building target: dijkstra.elf
 
Invoking: ARM v7 Print Size
arm-none-eabi-size dijkstra.elf  |tee "dijkstra.elf.size"
   text	   data	    bss	    dec	    hex	filename
  19024	   1144	  22576	  42744	   a6f8	dijkstra.elf
Finished building: dijkstra.elf.size
 
01:42:49 **** Auto Build of configuration Debug for project dijkstra ****
make pre-build main-build 
a9-linaro-pre-build-step
 
Building file: ../src/main.cc
Invoking: ARM v7 g++ compiler
arm-none-eabi-g++ -Wall -O0 -g3 -c -fmessage-length=0 -MT"src/main.o" -mcpu=cortex-a9 -mfpu=vfpv3 -mfloat-abi=hard -I../../dijkstra_bsp/ps7_cortexa9_0/include -MMD -MP -MF"src/main.d" -MT"src/main.o" -o "src/main.o" "../src/main.cc"
../src/main.cc: In function 'void initPeripherals()':
../src/main.cc:32:40: error: 'XPAR_COUNT_0_DEVICE_ID' was not declared in this scope
  dijkstra_cfg = XDijkstra_LookupConfig(XPAR_COUNT_0_DEVICE_ID);
                                        ^~~~~~~~~~~~~~~~~~~~~~
../src/main.cc:32:40: note: suggested alternative: 'XPAR_SCUWDT_0_DEVICE_ID'
  dijkstra_cfg = XDijkstra_LookupConfig(XPAR_COUNT_0_DEVICE_ID);
                                        ^~~~~~~~~~~~~~~~~~~~~~
                                        XPAR_SCUWDT_0_DEVICE_ID
../src/main.cc:33:5: error: 'count_cfg' was not declared in this scope
  if(count_cfg){
     ^~~~~~~~~
../src/main.cc: In function 'void createVector(const char*)':
../src/main.cc:69:2: error: 'TCHAR' was not declared in this scope
  TCHAR *Path = "0:/";
  ^~~~~
../src/main.cc:69:2: note: suggested alternative: '_T_WCHAR'
  TCHAR *Path = "0:/";
  ^~~~~
  _T_WCHAR
../src/main.cc:69:9: error: 'Path' was not declared in this scope
  TCHAR *Path = "0:/";
         ^~~~
../src/main.cc:70:2: error: 'FRESULT' was not declared in this scope
  FRESULT  result;
  ^~~~~~~
../src/main.cc:71:2: error: 'result' was not declared in this scope
  result = f_mount(&FS_instance,Path, 0);
  ^~~~~~
../src/main.cc:71:2: note: suggested alternative: 'result_ip'
  result = f_mount(&FS_instance,Path, 0);
  ^~~~~~
  result_ip
../src/main.cc:71:20: error: 'FS_instance' was not declared in this scope
  result = f_mount(&FS_instance,Path, 0);
                    ^~~~~~~~~~~
../src/main.cc:71:11: error: 'f_mount' was not declared in this scope
  result = f_mount(&FS_instance,Path, 0);
           ^~~~~~~
../src/main.cc:72:16: error: 'FR_OK' was not declared in this scope
  if (result != FR_OK) {
                ^~~~~
../src/main.cc:78:10: error: expected ';' before 'f_in'
  FRESULT f_in;
          ^~~~
../src/main.cc:79:5: error: 'f_in' was not declared in this scope
     f_in = f_open(&file_in, nameFile,FA_READ);
     ^~~~
../src/main.cc:79:5: note: suggested alternative: 'u_int'
     f_in = f_open(&file_in, nameFile,FA_READ);
     ^~~~
     u_int
../src/main.cc:79:20: error: 'file_in' was not declared in this scope
     f_in = f_open(&file_in, nameFile,FA_READ);
                    ^~~~~~~
../src/main.cc:79:20: note: suggested alternative: 'fileno'
     f_in = f_open(&file_in, nameFile,FA_READ);
                    ^~~~~~~
                    fileno
../src/main.cc:79:38: error: 'FA_READ' was not declared in this scope
     f_in = f_open(&file_in, nameFile,FA_READ);
                                      ^~~~~~~
../src/main.cc:79:12: error: 'f_open' was not declared in this scope
     f_in = f_open(&file_in, nameFile,FA_READ);
            ^~~~~~
../src/main.cc:79:12: note: suggested alternative: 'fdopen'
     f_in = f_open(&file_in, nameFile,FA_READ);
            ^~~~~~
            fdopen
../src/main.cc:81:16: error: 'FR_OK' was not declared in this scope
     if (f_in!= FR_OK) {
                ^~~~~
../src/main.cc:93:2: error: 'f_read' was not declared in this scope
  f_read(&file_in, buf, CHUNK, &n_read);
  ^~~~~~
../src/main.cc:93:2: note: suggested alternative: 'n_read'
  f_read(&file_in, buf, CHUNK, &n_read);
  ^~~~~~
  n_read
../src/main.cc:125:2: error: 'f_close' was not declared in this scope
  f_close(&file_in);
  ^~~~~~~
../src/main.cc:125:2: note: suggested alternative: 'fclose'
  f_close(&file_in);
  ^~~~~~~
  fclose
../src/main.cc: In function 'int sendIP(int*, int, int)':
../src/main.cc:144:19: error: 'count' was not declared in this scope
  XCount_Set_size(&count,ip_size);
                   ^~~~~
../src/main.cc:144:2: error: 'XCount_Set_size' was not declared in this scope
  XCount_Set_size(&count,ip_size);
  ^~~~~~~~~~~~~~~
../src/main.cc:144:2: note: suggested alternative: 'XDijkstra_Set_size'
  XCount_Set_size(&count,ip_size);
  ^~~~~~~~~~~~~~~
  XDijkstra_Set_size
../src/main.cc:145:2: error: 'XCount_Set_filter' was not declared in this scope
  XCount_Set_filter(&count,filter);
  ^~~~~~~~~~~~~~~~~
../src/main.cc:145:2: note: suggested alternative: '__builtin_eh_filter'
  XCount_Set_filter(&count,filter);
  ^~~~~~~~~~~~~~~~~
  __builtin_eh_filter
../src/main.cc:146:2: error: 'XCount_Start' was not declared in this scope
  XCount_Start(&count);
  ^~~~~~~~~~~~
../src/main.cc:146:2: note: suggested alternative: 'XTmrCtr_Start'
  XCount_Start(&count);
  ^~~~~~~~~~~~
  XTmrCtr_Start
../src/main.cc: In function 'int doCount(int*, int)':
../src/main.cc:184:20: error: 'count' was not declared in this scope
   XCount_Set_size(&count,ip_size);
                    ^~~~~
../src/main.cc:184:20: note: suggested alternative: 'doCount'
   XCount_Set_size(&count,ip_size);
                    ^~~~~
                    doCount
../src/main.cc:184:3: error: 'XCount_Set_size' was not declared in this scope
   XCount_Set_size(&count,ip_size);
   ^~~~~~~~~~~~~~~
../src/main.cc:184:3: note: suggested alternative: 'XDijkstra_Set_size'
   XCount_Set_size(&count,ip_size);
   ^~~~~~~~~~~~~~~
   XDijkstra_Set_size
../src/main.cc:185:3: error: 'XCount_Set_filter' was not declared in this scope
   XCount_Set_filter(&count,filter);
   ^~~~~~~~~~~~~~~~~
../src/main.cc:185:3: note: suggested alternative: '__builtin_eh_filter'
   XCount_Set_filter(&count,filter);
   ^~~~~~~~~~~~~~~~~
   __builtin_eh_filter
../src/main.cc:186:3: error: 'XCount_Start' was not declared in this scope
   XCount_Start(&count);
   ^~~~~~~~~~~~
../src/main.cc:186:3: note: suggested alternative: 'XTmrCtr_Start'
   XCount_Start(&count);
   ^~~~~~~~~~~~
   XTmrCtr_Start
src/subdir.mk:21: recipe for target 'src/main.o' failed
make: *** [src/main.o] Error 1
01:44:52 **** Auto Build of configuration Debug for project dijkstra ****
make pre-build main-build 
a9-linaro-pre-build-step
 
Building file: ../src/main.cc
Invoking: ARM v7 g++ compiler
arm-none-eabi-g++ -Wall -O0 -g3 -c -fmessage-length=0 -MT"src/main.o" -mcpu=cortex-a9 -mfpu=vfpv3 -mfloat-abi=hard -I../../dijkstra_bsp/ps7_cortexa9_0/include -MMD -MP -MF"src/main.d" -MT"src/main.o" -o "src/main.o" "../src/main.cc"
../src/main.cc: In function 'void initPeripherals()':
../src/main.cc:33:5: error: 'count_cfg' was not declared in this scope
  if(count_cfg){
     ^~~~~~~~~
../src/main.cc: In function 'void createVector(const char*)':
../src/main.cc:69:2: error: 'TCHAR' was not declared in this scope
  TCHAR *Path = "0:/";
  ^~~~~
../src/main.cc:69:2: note: suggested alternative: '_T_WCHAR'
  TCHAR *Path = "0:/";
  ^~~~~
  _T_WCHAR
../src/main.cc:69:9: error: 'Path' was not declared in this scope
  TCHAR *Path = "0:/";
         ^~~~
../src/main.cc:70:2: error: 'FRESULT' was not declared in this scope
  FRESULT  result;
  ^~~~~~~
../src/main.cc:71:2: error: 'result' was not declared in this scope
  result = f_mount(&FS_instance,Path, 0);
  ^~~~~~
../src/main.cc:71:2: note: suggested alternative: 'result_ip'
  result = f_mount(&FS_instance,Path, 0);
  ^~~~~~
  result_ip
../src/main.cc:71:20: error: 'FS_instance' was not declared in this scope
  result = f_mount(&FS_instance,Path, 0);
                    ^~~~~~~~~~~
../src/main.cc:71:11: error: 'f_mount' was not declared in this scope
  result = f_mount(&FS_instance,Path, 0);
           ^~~~~~~
../src/main.cc:72:16: error: 'FR_OK' was not declared in this scope
  if (result != FR_OK) {
                ^~~~~
../src/main.cc:78:10: error: expected ';' before 'f_in'
  FRESULT f_in;
          ^~~~
../src/main.cc:79:5: error: 'f_in' was not declared in this scope
     f_in = f_open(&file_in, nameFile,FA_READ);
     ^~~~
../src/main.cc:79:5: note: suggested alternative: 'u_int'
     f_in = f_open(&file_in, nameFile,FA_READ);
     ^~~~
     u_int
../src/main.cc:79:20: error: 'file_in' was not declared in this scope
     f_in = f_open(&file_in, nameFile,FA_READ);
                    ^~~~~~~
../src/main.cc:79:20: note: suggested alternative: 'fileno'
     f_in = f_open(&file_in, nameFile,FA_READ);
                    ^~~~~~~
                    fileno
../src/main.cc:79:38: error: 'FA_READ' was not declared in this scope
     f_in = f_open(&file_in, nameFile,FA_READ);
                                      ^~~~~~~
../src/main.cc:79:12: error: 'f_open' was not declared in this scope
     f_in = f_open(&file_in, nameFile,FA_READ);
            ^~~~~~
../src/main.cc:79:12: note: suggested alternative: 'fdopen'
     f_in = f_open(&file_in, nameFile,FA_READ);
            ^~~~~~
            fdopen
../src/main.cc:81:16: error: 'FR_OK' was not declared in this scope
     if (f_in!= FR_OK) {
                ^~~~~
../src/main.cc:93:2: error: 'f_read' was not declared in this scope
  f_read(&file_in, buf, CHUNK, &n_read);
  ^~~~~~
../src/main.cc:93:2: note: suggested alternative: 'n_read'
  f_read(&file_in, buf, CHUNK, &n_read);
  ^~~~~~
  n_read
../src/main.cc:125:2: error: 'f_close' was not declared in this scope
  f_close(&file_in);
  ^~~~~~~
../src/main.cc:125:2: note: suggested alternative: 'fclose'
  f_close(&file_in);
  ^~~~~~~
  fclose
../src/main.cc: In function 'int sendIP(int*, int, int)':
../src/main.cc:144:19: error: 'count' was not declared in this scope
  XCount_Set_size(&count,ip_size);
                   ^~~~~
../src/main.cc:144:2: error: 'XCount_Set_size' was not declared in this scope
  XCount_Set_size(&count,ip_size);
  ^~~~~~~~~~~~~~~
../src/main.cc:144:2: note: suggested alternative: 'XDijkstra_Set_size'
  XCount_Set_size(&count,ip_size);
  ^~~~~~~~~~~~~~~
  XDijkstra_Set_size
../src/main.cc:145:2: error: 'XCount_Set_filter' was not declared in this scope
  XCount_Set_filter(&count,filter);
  ^~~~~~~~~~~~~~~~~
../src/main.cc:145:2: note: suggested alternative: '__builtin_eh_filter'
  XCount_Set_filter(&count,filter);
  ^~~~~~~~~~~~~~~~~
  __builtin_eh_filter
../src/main.cc:146:2: error: 'XCount_Start' was not declared in this scope
  XCount_Start(&count);
  ^~~~~~~~~~~~
../src/main.cc:146:2: note: suggested alternative: 'XTmrCtr_Start'
  XCount_Start(&count);
  ^~~~~~~~~~~~
  XTmrCtr_Start
../src/main.cc: In function 'int doCount(int*, int)':
../src/main.cc:184:20: error: 'count' was not declared in this scope
   XCount_Set_size(&count,ip_size);
                    ^~~~~
../src/main.cc:184:20: note: suggested alternative: 'doCount'
   XCount_Set_size(&count,ip_size);
                    ^~~~~
                    doCount
../src/main.cc:184:3: error: 'XCount_Set_size' was not declared in this scope
   XCount_Set_size(&count,ip_size);
   ^~~~~~~~~~~~~~~
../src/main.cc:184:3: note: suggested alternative: 'XDijkstra_Set_size'
   XCount_Set_size(&count,ip_size);
   ^~~~~~~~~~~~~~~
   XDijkstra_Set_size
../src/main.cc:185:3: error: 'XCount_Set_filter' was not declared in this scope
   XCount_Set_filter(&count,filter);
   ^~~~~~~~~~~~~~~~~
../src/main.cc:185:3: note: suggested alternative: '__builtin_eh_filter'
   XCount_Set_filter(&count,filter);
   ^~~~~~~~~~~~~~~~~
   __builtin_eh_filter
../src/main.cc:186:3: error: 'XCount_Start' was not declared in this scope
   XCount_Start(&count);
   ^~~~~~~~~~~~
../src/main.cc:186:3: note: suggested alternative: 'XTmrCtr_Start'
   XCount_Start(&count);
   ^~~~~~~~~~~~
   XTmrCtr_Start
src/subdir.mk:21: recipe for target 'src/main.o' failed
make: *** [src/main.o] Error 1
01:45:02 **** Auto Build of configuration Debug for project dijkstra ****
make pre-build main-build 
a9-linaro-pre-build-step
 
Building file: ../src/main.cc
Invoking: ARM v7 g++ compiler
arm-none-eabi-g++ -Wall -O0 -g3 -c -fmessage-length=0 -MT"src/main.o" -mcpu=cortex-a9 -mfpu=vfpv3 -mfloat-abi=hard -I../../dijkstra_bsp/ps7_cortexa9_0/include -MMD -MP -MF"src/main.d" -MT"src/main.o" -o "src/main.o" "../src/main.cc"
../src/main.cc: In function 'void createVector(const char*)':
../src/main.cc:69:2: error: 'TCHAR' was not declared in this scope
  TCHAR *Path = "0:/";
  ^~~~~
../src/main.cc:69:2: note: suggested alternative: '_T_WCHAR'
  TCHAR *Path = "0:/";
  ^~~~~
  _T_WCHAR
../src/main.cc:69:9: error: 'Path' was not declared in this scope
  TCHAR *Path = "0:/";
         ^~~~
../src/main.cc:70:2: error: 'FRESULT' was not declared in this scope
  FRESULT  result;
  ^~~~~~~
../src/main.cc:71:2: error: 'result' was not declared in this scope
  result = f_mount(&FS_instance,Path, 0);
  ^~~~~~
../src/main.cc:71:2: note: suggested alternative: 'result_ip'
  result = f_mount(&FS_instance,Path, 0);
  ^~~~~~
  result_ip
../src/main.cc:71:20: error: 'FS_instance' was not declared in this scope
  result = f_mount(&FS_instance,Path, 0);
                    ^~~~~~~~~~~
../src/main.cc:71:11: error: 'f_mount' was not declared in this scope
  result = f_mount(&FS_instance,Path, 0);
           ^~~~~~~
../src/main.cc:72:16: error: 'FR_OK' was not declared in this scope
  if (result != FR_OK) {
                ^~~~~
../src/main.cc:78:10: error: expected ';' before 'f_in'
  FRESULT f_in;
          ^~~~
../src/main.cc:79:5: error: 'f_in' was not declared in this scope
     f_in = f_open(&file_in, nameFile,FA_READ);
     ^~~~
../src/main.cc:79:5: note: suggested alternative: 'u_int'
     f_in = f_open(&file_in, nameFile,FA_READ);
     ^~~~
     u_int
../src/main.cc:79:20: error: 'file_in' was not declared in this scope
     f_in = f_open(&file_in, nameFile,FA_READ);
                    ^~~~~~~
../src/main.cc:79:20: note: suggested alternative: 'fileno'
     f_in = f_open(&file_in, nameFile,FA_READ);
                    ^~~~~~~
                    fileno
../src/main.cc:79:38: error: 'FA_READ' was not declared in this scope
     f_in = f_open(&file_in, nameFile,FA_READ);
                                      ^~~~~~~
../src/main.cc:79:12: error: 'f_open' was not declared in this scope
     f_in = f_open(&file_in, nameFile,FA_READ);
            ^~~~~~
../src/main.cc:79:12: note: suggested alternative: 'fdopen'
     f_in = f_open(&file_in, nameFile,FA_READ);
            ^~~~~~
            fdopen
../src/main.cc:81:16: error: 'FR_OK' was not declared in this scope
     if (f_in!= FR_OK) {
                ^~~~~
../src/main.cc:93:2: error: 'f_read' was not declared in this scope
  f_read(&file_in, buf, CHUNK, &n_read);
  ^~~~~~
../src/main.cc:93:2: note: suggested alternative: 'n_read'
  f_read(&file_in, buf, CHUNK, &n_read);
  ^~~~~~
  n_read
../src/main.cc:125:2: error: 'f_close' was not declared in this scope
  f_close(&file_in);
  ^~~~~~~
../src/main.cc:125:2: note: suggested alternative: 'fclose'
  f_close(&file_in);
  ^~~~~~~
  fclose
../src/main.cc: In function 'int sendIP(int*, int, int)':
../src/main.cc:144:19: error: 'count' was not declared in this scope
  XCount_Set_size(&count,ip_size);
                   ^~~~~
../src/main.cc:144:2: error: 'XCount_Set_size' was not declared in this scope
  XCount_Set_size(&count,ip_size);
  ^~~~~~~~~~~~~~~
../src/main.cc:144:2: note: suggested alternative: 'XDijkstra_Set_size'
  XCount_Set_size(&count,ip_size);
  ^~~~~~~~~~~~~~~
  XDijkstra_Set_size
../src/main.cc:145:2: error: 'XCount_Set_filter' was not declared in this scope
  XCount_Set_filter(&count,filter);
  ^~~~~~~~~~~~~~~~~
../src/main.cc:145:2: note: suggested alternative: '__builtin_eh_filter'
  XCount_Set_filter(&count,filter);
  ^~~~~~~~~~~~~~~~~
  __builtin_eh_filter
../src/main.cc:146:2: error: 'XCount_Start' was not declared in this scope
  XCount_Start(&count);
  ^~~~~~~~~~~~
../src/main.cc:146:2: note: suggested alternative: 'XTmrCtr_Start'
  XCount_Start(&count);
  ^~~~~~~~~~~~
  XTmrCtr_Start
../src/main.cc: In function 'int doCount(int*, int)':
../src/main.cc:184:20: error: 'count' was not declared in this scope
   XCount_Set_size(&count,ip_size);
                    ^~~~~
../src/main.cc:184:20: note: suggested alternative: 'doCount'
   XCount_Set_size(&count,ip_size);
                    ^~~~~
                    doCount
../src/main.cc:184:3: error: 'XCount_Set_size' was not declared in this scope
   XCount_Set_size(&count,ip_size);
   ^~~~~~~~~~~~~~~
../src/main.cc:184:3: note: suggested alternative: 'XDijkstra_Set_size'
   XCount_Set_size(&count,ip_size);
   ^~~~~~~~~~~~~~~
   XDijkstra_Set_size
../src/main.cc:185:3: error: 'XCount_Set_filter' was not declared in this scope
   XCount_Set_filter(&count,filter);
   ^~~~~~~~~~~~~~~~~
../src/main.cc:185:3: note: suggested alternative: '__builtin_eh_filter'
   XCount_Set_filter(&count,filter);
   ^~~~~~~~~~~~~~~~~
   __builtin_eh_filter
../src/main.cc:186:3: error: 'XCount_Start' was not declared in this scope
   XCount_Start(&count);
   ^~~~~~~~~~~~
../src/main.cc:186:3: note: suggested alternative: 'XTmrCtr_Start'
   XCount_Start(&count);
   ^~~~~~~~~~~~
   XTmrCtr_Start
src/subdir.mk:21: recipe for target 'src/main.o' failed
make: *** [src/main.o] Error 1
02:04:37 **** Auto Build of configuration Debug for project dijkstra ****
make pre-build main-build 
a9-linaro-pre-build-step
 
Building file: ../src/main.cc
Invoking: ARM v7 g++ compiler
arm-none-eabi-g++ -Wall -O0 -g3 -c -fmessage-length=0 -MT"src/main.o" -mcpu=cortex-a9 -mfpu=vfpv3 -mfloat-abi=hard -I../../dijkstra_bsp/ps7_cortexa9_0/include -MMD -MP -MF"src/main.d" -MT"src/main.o" -o "src/main.o" "../src/main.cc"
../src/main.cc:26:29: error: size of array 'graph' is too large
 int graph[N_POINTS][N_POINTS];
                             ^
../src/main.cc:30:15: error: 'max_vertex' was not declared in this scope
 int sw_result[max_vertex];
               ^~~~~~~~~~
../src/main.cc: In function 'int doDijkstra(int*, int)':
../src/main.cc:73:20: error: 'count' was not declared in this scope
   XCount_Set_size(&count,ip_size);
                    ^~~~~
../src/main.cc:73:3: error: 'XCount_Set_size' was not declared in this scope
   XCount_Set_size(&count,ip_size);
   ^~~~~~~~~~~~~~~
../src/main.cc:73:3: note: suggested alternative: 'XDijkstra_Set_size'
   XCount_Set_size(&count,ip_size);
   ^~~~~~~~~~~~~~~
   XDijkstra_Set_size
../src/main.cc:74:28: error: 'filter' was not declared in this scope
   XCount_Set_filter(&count,filter);
                            ^~~~~~
../src/main.cc:74:28: note: suggested alternative: 'timer'
   XCount_Set_filter(&count,filter);
                            ^~~~~~
                            timer
../src/main.cc:74:3: error: 'XCount_Set_filter' was not declared in this scope
   XCount_Set_filter(&count,filter);
   ^~~~~~~~~~~~~~~~~
../src/main.cc:74:3: note: suggested alternative: '__builtin_eh_filter'
   XCount_Set_filter(&count,filter);
   ^~~~~~~~~~~~~~~~~
   __builtin_eh_filter
../src/main.cc:75:3: error: 'XCount_Start' was not declared in this scope
   XCount_Start(&count);
   ^~~~~~~~~~~~
../src/main.cc:75:3: note: suggested alternative: 'XTmrCtr_Start'
   XCount_Start(&count);
   ^~~~~~~~~~~~
   XTmrCtr_Start
../src/main.cc:79:29: error: 'vector' was not declared in this scope
   Xil_DCacheFlushRange((u32)vector, (N_POINTS)*sizeof(int));
                             ^~~~~~
../src/main.cc:79:29: note: suggested alternative: 'perror'
   Xil_DCacheFlushRange((u32)vector, (N_POINTS)*sizeof(int));
                             ^~~~~~
                             perror
../src/main.cc:80:30: error: 'result_ip' was not declared in this scope
   Xil_DCacheFlushRange((u32)&result_ip, sizeof(int));
                              ^~~~~~~~~
../src/main.cc:80:30: note: suggested alternative: 'result'
   Xil_DCacheFlushRange((u32)&result_ip, sizeof(int));
                              ^~~~~~~~~
                              result
../src/main.cc: At global scope:
../src/main.cc:123:36: error: 'max_vertex' was not declared in this scope
 void doDijkstra(unsigned int graph[max_vertex][max_vertex], unsigned int sw_result[max_vertex], unsigned int size, unsigned int src, unsigned int dstn) {
                                    ^~~~~~~~~~
../src/main.cc:123:48: error: 'max_vertex' was not declared in this scope
 void doDijkstra(unsigned int graph[max_vertex][max_vertex], unsigned int sw_result[max_vertex], unsigned int size, unsigned int src, unsigned int dstn) {
                                                ^~~~~~~~~~
../src/main.cc:123:59: error: expected ')' before ',' token
 void doDijkstra(unsigned int graph[max_vertex][max_vertex], unsigned int sw_result[max_vertex], unsigned int size, unsigned int src, unsigned int dstn) {
                                                           ^
../src/main.cc:123:61: error: expected unqualified-id before 'unsigned'
 void doDijkstra(unsigned int graph[max_vertex][max_vertex], unsigned int sw_result[max_vertex], unsigned int size, unsigned int src, unsigned int dstn) {
                                                             ^~~~~~~~
../src/main.cc:171:41: error: 'max_vertex' was not declared in this scope
 void printResult(unsigned int sw_result[max_vertex], unsigned int size, unsigned int scr, unsigned int dstn){
                                         ^~~~~~~~~~
../src/main.cc:171:52: error: expected ')' before ',' token
 void printResult(unsigned int sw_result[max_vertex], unsigned int size, unsigned int scr, unsigned int dstn){
                                                    ^
../src/main.cc:171:54: error: expected unqualified-id before 'unsigned'
 void printResult(unsigned int sw_result[max_vertex], unsigned int size, unsigned int scr, unsigned int dstn){
                                                      ^~~~~~~~
../src/main.cc: In function 'int main()':
../src/main.cc:209:7: error: 'graph' was not declared in this scope
       graph[m][n] = ((unsigned int)rand()) % MAX_DIST;
       ^~~~~
../src/main.cc:209:7: note: suggested alternative: 'isgraph'
       graph[m][n] = ((unsigned int)rand()) % MAX_DIST;
       ^~~~~
       isgraph
../src/main.cc:209:46: error: 'MAX_DIST' was not declared in this scope
       graph[m][n] = ((unsigned int)rand()) % MAX_DIST;
                                              ^~~~~~~~
../src/main.cc:209:46: note: suggested alternative: '_VA_LIST'
       graph[m][n] = ((unsigned int)rand()) % MAX_DIST;
                                              ^~~~~~~~
                                              _VA_LIST
../src/main.cc:212:18: error: 'max_vertex' was not declared in this scope
   src = rand() % max_vertex;
                  ^~~~~~~~~~
../src/main.cc:219:14: error: 'graph' was not declared in this scope
   doDijkstra(graph, sw_result, N_POINTS, src, dstn);
              ^~~~~
../src/main.cc:219:14: note: suggested alternative: 'isgraph'
   doDijkstra(graph, sw_result, N_POINTS, src, dstn);
              ^~~~~
              isgraph
../src/main.cc:219:21: error: 'sw_result' was not declared in this scope
   doDijkstra(graph, sw_result, N_POINTS, src, dstn);
                     ^~~~~~~~~
../src/main.cc:197:8: warning: unused variable 'number' [-Wunused-variable]
  int i,number;
        ^~~~~~
make: *** [src/main.o] Error 1
src/subdir.mk:21: recipe for target 'src/main.o' failed
02:05:29 **** Auto Build of configuration Debug for project dijkstra ****
make pre-build main-build 
a9-linaro-pre-build-step
 
Building file: ../src/main.cc
Invoking: ARM v7 g++ compiler
arm-none-eabi-g++ -Wall -O0 -g3 -c -fmessage-length=0 -MT"src/main.o" -mcpu=cortex-a9 -mfpu=vfpv3 -mfloat-abi=hard -I../../dijkstra_bsp/ps7_cortexa9_0/include -MMD -MP -MF"src/main.d" -MT"src/main.o" -o "src/main.o" "../src/main.cc"
../src/main.cc: In function 'int doDijkstra(int*, int)':
../src/main.cc:73:20: error: 'count' was not declared in this scope
   XCount_Set_size(&count,ip_size);
                    ^~~~~
../src/main.cc:73:3: error: 'XCount_Set_size' was not declared in this scope
   XCount_Set_size(&count,ip_size);
   ^~~~~~~~~~~~~~~
../src/main.cc:73:3: note: suggested alternative: 'XDijkstra_Set_size'
   XCount_Set_size(&count,ip_size);
   ^~~~~~~~~~~~~~~
   XDijkstra_Set_size
../src/main.cc:74:28: error: 'filter' was not declared in this scope
   XCount_Set_filter(&count,filter);
                            ^~~~~~
../src/main.cc:74:28: note: suggested alternative: 'timer'
   XCount_Set_filter(&count,filter);
                            ^~~~~~
                            timer
../src/main.cc:74:3: error: 'XCount_Set_filter' was not declared in this scope
   XCount_Set_filter(&count,filter);
   ^~~~~~~~~~~~~~~~~
../src/main.cc:74:3: note: suggested alternative: '__builtin_eh_filter'
   XCount_Set_filter(&count,filter);
   ^~~~~~~~~~~~~~~~~
   __builtin_eh_filter
../src/main.cc:75:3: error: 'XCount_Start' was not declared in this scope
   XCount_Start(&count);
   ^~~~~~~~~~~~
../src/main.cc:75:3: note: suggested alternative: 'XTmrCtr_Start'
   XCount_Start(&count);
   ^~~~~~~~~~~~
   XTmrCtr_Start
../src/main.cc:79:29: error: 'vector' was not declared in this scope
   Xil_DCacheFlushRange((u32)vector, (N_POINTS)*sizeof(int));
                             ^~~~~~
../src/main.cc:79:29: note: suggested alternative: 'perror'
   Xil_DCacheFlushRange((u32)vector, (N_POINTS)*sizeof(int));
                             ^~~~~~
                             perror
../src/main.cc:80:30: error: 'result_ip' was not declared in this scope
   Xil_DCacheFlushRange((u32)&result_ip, sizeof(int));
                              ^~~~~~~~~
../src/main.cc:80:30: note: suggested alternative: 'result'
   Xil_DCacheFlushRange((u32)&result_ip, sizeof(int));
                              ^~~~~~~~~
                              result
../src/main.cc: At global scope:
../src/main.cc:123:36: error: 'max_vertex' was not declared in this scope
 void doDijkstra(unsigned int graph[max_vertex][max_vertex], unsigned int sw_result[max_vertex], unsigned int size, unsigned int src, unsigned int dstn) {
                                    ^~~~~~~~~~
../src/main.cc:123:48: error: 'max_vertex' was not declared in this scope
 void doDijkstra(unsigned int graph[max_vertex][max_vertex], unsigned int sw_result[max_vertex], unsigned int size, unsigned int src, unsigned int dstn) {
                                                ^~~~~~~~~~
../src/main.cc:123:59: error: expected ')' before ',' token
 void doDijkstra(unsigned int graph[max_vertex][max_vertex], unsigned int sw_result[max_vertex], unsigned int size, unsigned int src, unsigned int dstn) {
                                                           ^
../src/main.cc:123:61: error: expected unqualified-id before 'unsigned'
 void doDijkstra(unsigned int graph[max_vertex][max_vertex], unsigned int sw_result[max_vertex], unsigned int size, unsigned int src, unsigned int dstn) {
                                                             ^~~~~~~~
../src/main.cc:171:41: error: 'max_vertex' was not declared in this scope
 void printResult(unsigned int sw_result[max_vertex], unsigned int size, unsigned int scr, unsigned int dstn){
                                         ^~~~~~~~~~
../src/main.cc:171:52: error: expected ')' before ',' token
 void printResult(unsigned int sw_result[max_vertex], unsigned int size, unsigned int scr, unsigned int dstn){
                                                    ^
../src/main.cc:171:54: error: expected unqualified-id before 'unsigned'
 void printResult(unsigned int sw_result[max_vertex], unsigned int size, unsigned int scr, unsigned int dstn){
                                                      ^~~~~~~~
../src/main.cc: In function 'int main()':
../src/main.cc:209:46: error: 'MAX_DIST' was not declared in this scope
       graph[m][n] = ((unsigned int)rand()) % MAX_DIST;
                                              ^~~~~~~~
../src/main.cc:209:46: note: suggested alternative: '_VA_LIST'
       graph[m][n] = ((unsigned int)rand()) % MAX_DIST;
                                              ^~~~~~~~
                                              _VA_LIST
../src/main.cc:212:18: error: 'max_vertex' was not declared in this scope
   src = rand() % max_vertex;
                  ^~~~~~~~~~
../src/main.cc:197:8: warning: unused variable 'number' [-Wunused-variable]
  int i,number;
        ^~~~~~
make: *** [src/main.o] Error 1
src/subdir.mk:21: recipe for target 'src/main.o' failed
02:05:32 **** Auto Build of configuration Debug for project dijkstra ****
make pre-build main-build 
a9-linaro-pre-build-step
 
Building file: ../src/main.cc
Invoking: ARM v7 g++ compiler
arm-none-eabi-g++ -Wall -O0 -g3 -c -fmessage-length=0 -MT"src/main.o" -mcpu=cortex-a9 -mfpu=vfpv3 -mfloat-abi=hard -I../../dijkstra_bsp/ps7_cortexa9_0/include -MMD -MP -MF"src/main.d" -MT"src/main.o" -o "src/main.o" "../src/main.cc"
../src/main.cc: In function 'int doDijkstra(int*, int)':
../src/main.cc:73:20: error: 'count' was not declared in this scope
   XCount_Set_size(&count,ip_size);
                    ^~~~~
../src/main.cc:73:3: error: 'XCount_Set_size' was not declared in this scope
   XCount_Set_size(&count,ip_size);
   ^~~~~~~~~~~~~~~
../src/main.cc:73:3: note: suggested alternative: 'XDijkstra_Set_size'
   XCount_Set_size(&count,ip_size);
   ^~~~~~~~~~~~~~~
   XDijkstra_Set_size
../src/main.cc:74:28: error: 'filter' was not declared in this scope
   XCount_Set_filter(&count,filter);
                            ^~~~~~
../src/main.cc:74:28: note: suggested alternative: 'timer'
   XCount_Set_filter(&count,filter);
                            ^~~~~~
                            timer
../src/main.cc:74:3: error: 'XCount_Set_filter' was not declared in this scope
   XCount_Set_filter(&count,filter);
   ^~~~~~~~~~~~~~~~~
../src/main.cc:74:3: note: suggested alternative: '__builtin_eh_filter'
   XCount_Set_filter(&count,filter);
   ^~~~~~~~~~~~~~~~~
   __builtin_eh_filter
../src/main.cc:75:3: error: 'XCount_Start' was not declared in this scope
   XCount_Start(&count);
   ^~~~~~~~~~~~
../src/main.cc:75:3: note: suggested alternative: 'XTmrCtr_Start'
   XCount_Start(&count);
   ^~~~~~~~~~~~
   XTmrCtr_Start
../src/main.cc:79:29: error: 'vector' was not declared in this scope
   Xil_DCacheFlushRange((u32)vector, (N_POINTS)*sizeof(int));
                             ^~~~~~
../src/main.cc:79:29: note: suggested alternative: 'perror'
   Xil_DCacheFlushRange((u32)vector, (N_POINTS)*sizeof(int));
                             ^~~~~~
                             perror
../src/main.cc:80:30: error: 'result_ip' was not declared in this scope
   Xil_DCacheFlushRange((u32)&result_ip, sizeof(int));
                              ^~~~~~~~~
../src/main.cc:80:30: note: suggested alternative: 'result'
   Xil_DCacheFlushRange((u32)&result_ip, sizeof(int));
                              ^~~~~~~~~
                              result
../src/main.cc: At global scope:
../src/main.cc:123:36: error: 'max_vertex' was not declared in this scope
 void doDijkstra(unsigned int graph[max_vertex][max_vertex], unsigned int sw_result[max_vertex], unsigned int size, unsigned int src, unsigned int dstn) {
                                    ^~~~~~~~~~
../src/main.cc:123:48: error: 'max_vertex' was not declared in this scope
 void doDijkstra(unsigned int graph[max_vertex][max_vertex], unsigned int sw_result[max_vertex], unsigned int size, unsigned int src, unsigned int dstn) {
                                                ^~~~~~~~~~
../src/main.cc:123:59: error: expected ')' before ',' token
 void doDijkstra(unsigned int graph[max_vertex][max_vertex], unsigned int sw_result[max_vertex], unsigned int size, unsigned int src, unsigned int dstn) {
                                                           ^
../src/main.cc:123:61: error: expected unqualified-id before 'unsigned'
 void doDijkstra(unsigned int graph[max_vertex][max_vertex], unsigned int sw_result[max_vertex], unsigned int size, unsigned int src, unsigned int dstn) {
                                                             ^~~~~~~~
../src/main.cc:171:41: error: 'max_vertex' was not declared in this scope
 void printResult(unsigned int sw_result[max_vertex], unsigned int size, unsigned int scr, unsigned int dstn){
                                         ^~~~~~~~~~
../src/main.cc:171:52: error: expected ')' before ',' token
 void printResult(unsigned int sw_result[max_vertex], unsigned int size, unsigned int scr, unsigned int dstn){
                                                    ^
../src/main.cc:171:54: error: expected unqualified-id before 'unsigned'
 void printResult(unsigned int sw_result[max_vertex], unsigned int size, unsigned int scr, unsigned int dstn){
                                                      ^~~~~~~~
../src/main.cc: In function 'int main()':
../src/main.cc:209:46: error: 'MAX_DIST' was not declared in this scope
       graph[m][n] = ((unsigned int)rand()) % MAX_DIST;
                                              ^~~~~~~~
../src/main.cc:209:46: note: suggested alternative: '_VA_LIST'
       graph[m][n] = ((unsigned int)rand()) % MAX_DIST;
                                              ^~~~~~~~
                                              _VA_LIST
../src/main.cc:212:18: error: 'max_vertex' was not declared in this scope
   src = rand() % max_vertex;
                  ^~~~~~~~~~
../src/main.cc:197:8: warning: unused variable 'number' [-Wunused-variable]
  int i,number;
        ^~~~~~
make: *** [src/main.o] Error 1
src/subdir.mk:21: recipe for target 'src/main.o' failed
02:05:35 **** Auto Build of configuration Debug for project dijkstra ****
make pre-build main-build 
a9-linaro-pre-build-step
 
Building file: ../src/main.cc
Invoking: ARM v7 g++ compiler
arm-none-eabi-g++ -Wall -O0 -g3 -c -fmessage-length=0 -MT"src/main.o" -mcpu=cortex-a9 -mfpu=vfpv3 -mfloat-abi=hard -I../../dijkstra_bsp/ps7_cortexa9_0/include -MMD -MP -MF"src/main.d" -MT"src/main.o" -o "src/main.o" "../src/main.cc"
../src/main.cc:26:29: error: size of array 'graph' is too large
 int graph[N_POINTS][N_POINTS];
                             ^
../src/main.cc: In function 'int doDijkstra(int*, int)':
../src/main.cc:73:20: error: 'count' was not declared in this scope
   XCount_Set_size(&count,ip_size);
                    ^~~~~
../src/main.cc:73:3: error: 'XCount_Set_size' was not declared in this scope
   XCount_Set_size(&count,ip_size);
   ^~~~~~~~~~~~~~~
../src/main.cc:73:3: note: suggested alternative: 'XDijkstra_Set_size'
   XCount_Set_size(&count,ip_size);
   ^~~~~~~~~~~~~~~
   XDijkstra_Set_size
../src/main.cc:74:28: error: 'filter' was not declared in this scope
   XCount_Set_filter(&count,filter);
                            ^~~~~~
../src/main.cc:74:28: note: suggested alternative: 'timer'
   XCount_Set_filter(&count,filter);
                            ^~~~~~
                            timer
../src/main.cc:74:3: error: 'XCount_Set_filter' was not declared in this scope
   XCount_Set_filter(&count,filter);
   ^~~~~~~~~~~~~~~~~
../src/main.cc:74:3: note: suggested alternative: '__builtin_eh_filter'
   XCount_Set_filter(&count,filter);
   ^~~~~~~~~~~~~~~~~
   __builtin_eh_filter
../src/main.cc:75:3: error: 'XCount_Start' was not declared in this scope
   XCount_Start(&count);
   ^~~~~~~~~~~~
../src/main.cc:75:3: note: suggested alternative: 'XTmrCtr_Start'
   XCount_Start(&count);
   ^~~~~~~~~~~~
   XTmrCtr_Start
../src/main.cc:79:29: error: 'vector' was not declared in this scope
   Xil_DCacheFlushRange((u32)vector, (N_POINTS)*sizeof(int));
                             ^~~~~~
../src/main.cc:79:29: note: suggested alternative: 'perror'
   Xil_DCacheFlushRange((u32)vector, (N_POINTS)*sizeof(int));
                             ^~~~~~
                             perror
../src/main.cc:80:30: error: 'result_ip' was not declared in this scope
   Xil_DCacheFlushRange((u32)&result_ip, sizeof(int));
                              ^~~~~~~~~
../src/main.cc:80:30: note: suggested alternative: 'result'
   Xil_DCacheFlushRange((u32)&result_ip, sizeof(int));
                              ^~~~~~~~~
                              result
../src/main.cc: At global scope:
../src/main.cc:123:36: error: 'max_vertex' was not declared in this scope
 void doDijkstra(unsigned int graph[max_vertex][max_vertex], unsigned int sw_result[max_vertex], unsigned int size, unsigned int src, unsigned int dstn) {
                                    ^~~~~~~~~~
../src/main.cc:123:48: error: 'max_vertex' was not declared in this scope
 void doDijkstra(unsigned int graph[max_vertex][max_vertex], unsigned int sw_result[max_vertex], unsigned int size, unsigned int src, unsigned int dstn) {
                                                ^~~~~~~~~~
../src/main.cc:123:59: error: expected ')' before ',' token
 void doDijkstra(unsigned int graph[max_vertex][max_vertex], unsigned int sw_result[max_vertex], unsigned int size, unsigned int src, unsigned int dstn) {
                                                           ^
../src/main.cc:123:61: error: expected unqualified-id before 'unsigned'
 void doDijkstra(unsigned int graph[max_vertex][max_vertex], unsigned int sw_result[max_vertex], unsigned int size, unsigned int src, unsigned int dstn) {
                                                             ^~~~~~~~
../src/main.cc:171:41: error: 'max_vertex' was not declared in this scope
 void printResult(unsigned int sw_result[max_vertex], unsigned int size, unsigned int scr, unsigned int dstn){
                                         ^~~~~~~~~~
../src/main.cc:171:52: error: expected ')' before ',' token
 void printResult(unsigned int sw_result[max_vertex], unsigned int size, unsigned int scr, unsigned int dstn){
                                                    ^
../src/main.cc:171:54: error: expected unqualified-id before 'unsigned'
 void printResult(unsigned int sw_result[max_vertex], unsigned int size, unsigned int scr, unsigned int dstn){
                                                      ^~~~~~~~
../src/main.cc: In function 'int main()':
../src/main.cc:209:7: error: 'graph' was not declared in this scope
       graph[m][n] = ((unsigned int)rand()) % MAX_DIST;
       ^~~~~
../src/main.cc:209:7: note: suggested alternative: 'isgraph'
       graph[m][n] = ((unsigned int)rand()) % MAX_DIST;
       ^~~~~
       isgraph
../src/main.cc:209:46: error: 'MAX_DIST' was not declared in this scope
       graph[m][n] = ((unsigned int)rand()) % MAX_DIST;
                                              ^~~~~~~~
../src/main.cc:209:46: note: suggested alternative: '_VA_LIST'
       graph[m][n] = ((unsigned int)rand()) % MAX_DIST;
                                              ^~~~~~~~
                                              _VA_LIST
../src/main.cc:212:18: error: 'max_vertex' was not declared in this scope
   src = rand() % max_vertex;
                  ^~~~~~~~~~
../src/main.cc:219:14: error: 'graph' was not declared in this scope
   doDijkstra(graph, sw_result, N_POINTS, src, dstn);
              ^~~~~
../src/main.cc:219:14: note: suggested alternative: 'isgraph'
   doDijkstra(graph, sw_result, N_POINTS, src, dstn);
              ^~~~~
              isgraph
../src/main.cc:197:8: warning: unused variable 'number' [-Wunused-variable]
  int i,number;
        ^~~~~~
src/subdir.mk:21: recipe for target 'src/main.o' failed
make: *** [src/main.o] Error 1
02:06:42 **** Auto Build of configuration Debug for project dijkstra ****
make pre-build main-build 
a9-linaro-pre-build-step
 
Building file: ../src/main.cc
Invoking: ARM v7 g++ compiler
arm-none-eabi-g++ -Wall -O0 -g3 -c -fmessage-length=0 -MT"src/main.o" -mcpu=cortex-a9 -mfpu=vfpv3 -mfloat-abi=hard -I../../dijkstra_bsp/ps7_cortexa9_0/include -MMD -MP -MF"src/main.d" -MT"src/main.o" -o "src/main.o" "../src/main.cc"
../src/main.cc: In function 'int doDijkstra(int*, int)':
../src/main.cc:73:20: error: 'count' was not declared in this scope
   XCount_Set_size(&count,ip_size);
                    ^~~~~
../src/main.cc:73:3: error: 'XCount_Set_size' was not declared in this scope
   XCount_Set_size(&count,ip_size);
   ^~~~~~~~~~~~~~~
../src/main.cc:73:3: note: suggested alternative: 'XDijkstra_Set_size'
   XCount_Set_size(&count,ip_size);
   ^~~~~~~~~~~~~~~
   XDijkstra_Set_size
../src/main.cc:74:28: error: 'filter' was not declared in this scope
   XCount_Set_filter(&count,filter);
                            ^~~~~~
../src/main.cc:74:28: note: suggested alternative: 'timer'
   XCount_Set_filter(&count,filter);
                            ^~~~~~
                            timer
../src/main.cc:74:3: error: 'XCount_Set_filter' was not declared in this scope
   XCount_Set_filter(&count,filter);
   ^~~~~~~~~~~~~~~~~
../src/main.cc:74:3: note: suggested alternative: '__builtin_eh_filter'
   XCount_Set_filter(&count,filter);
   ^~~~~~~~~~~~~~~~~
   __builtin_eh_filter
../src/main.cc:75:3: error: 'XCount_Start' was not declared in this scope
   XCount_Start(&count);
   ^~~~~~~~~~~~
../src/main.cc:75:3: note: suggested alternative: 'XTmrCtr_Start'
   XCount_Start(&count);
   ^~~~~~~~~~~~
   XTmrCtr_Start
../src/main.cc:79:29: error: 'vector' was not declared in this scope
   Xil_DCacheFlushRange((u32)vector, (N_POINTS)*sizeof(int));
                             ^~~~~~
../src/main.cc:79:29: note: suggested alternative: 'perror'
   Xil_DCacheFlushRange((u32)vector, (N_POINTS)*sizeof(int));
                             ^~~~~~
                             perror
../src/main.cc:80:30: error: 'result_ip' was not declared in this scope
   Xil_DCacheFlushRange((u32)&result_ip, sizeof(int));
                              ^~~~~~~~~
../src/main.cc:80:30: note: suggested alternative: 'result'
   Xil_DCacheFlushRange((u32)&result_ip, sizeof(int));
                              ^~~~~~~~~
                              result
../src/main.cc: At global scope:
../src/main.cc:123:36: error: 'max_vertex' was not declared in this scope
 void doDijkstra(unsigned int graph[max_vertex][max_vertex], unsigned int sw_result[max_vertex], unsigned int size, unsigned int src, unsigned int dstn) {
                                    ^~~~~~~~~~
../src/main.cc:123:48: error: 'max_vertex' was not declared in this scope
 void doDijkstra(unsigned int graph[max_vertex][max_vertex], unsigned int sw_result[max_vertex], unsigned int size, unsigned int src, unsigned int dstn) {
                                                ^~~~~~~~~~
../src/main.cc:123:59: error: expected ')' before ',' token
 void doDijkstra(unsigned int graph[max_vertex][max_vertex], unsigned int sw_result[max_vertex], unsigned int size, unsigned int src, unsigned int dstn) {
                                                           ^
../src/main.cc:123:61: error: expected unqualified-id before 'unsigned'
 void doDijkstra(unsigned int graph[max_vertex][max_vertex], unsigned int sw_result[max_vertex], unsigned int size, unsigned int src, unsigned int dstn) {
                                                             ^~~~~~~~
../src/main.cc:171:41: error: 'max_vertex' was not declared in this scope
 void printResult(unsigned int sw_result[max_vertex], unsigned int size, unsigned int scr, unsigned int dstn){
                                         ^~~~~~~~~~
../src/main.cc:171:52: error: expected ')' before ',' token
 void printResult(unsigned int sw_result[max_vertex], unsigned int size, unsigned int scr, unsigned int dstn){
                                                    ^
../src/main.cc:171:54: error: expected unqualified-id before 'unsigned'
 void printResult(unsigned int sw_result[max_vertex], unsigned int size, unsigned int scr, unsigned int dstn){
                                                      ^~~~~~~~
../src/main.cc: In function 'int main()':
../src/main.cc:209:46: error: 'MAX_DIST' was not declared in this scope
       graph[m][n] = ((unsigned int)rand()) % MAX_DIST;
                                              ^~~~~~~~
../src/main.cc:209:46: note: suggested alternative: '_VA_LIST'
       graph[m][n] = ((unsigned int)rand()) % MAX_DIST;
                                              ^~~~~~~~
                                              _VA_LIST
../src/main.cc:212:18: error: 'max_vertex' was not declared in this scope
   src = rand() % max_vertex;
                  ^~~~~~~~~~
../src/main.cc:197:8: warning: unused variable 'number' [-Wunused-variable]
  int i,number;
        ^~~~~~
src/subdir.mk:21: recipe for target 'src/main.o' failed
make: *** [src/main.o] Error 1
02:06:45 **** Auto Build of configuration Debug for project dijkstra ****
make pre-build main-build 
a9-linaro-pre-build-step
 
Building file: ../src/main.cc
Invoking: ARM v7 g++ compiler
arm-none-eabi-g++ -Wall -O0 -g3 -c -fmessage-length=0 -MT"src/main.o" -mcpu=cortex-a9 -mfpu=vfpv3 -mfloat-abi=hard -I../../dijkstra_bsp/ps7_cortexa9_0/include -MMD -MP -MF"src/main.d" -MT"src/main.o" -o "src/main.o" "../src/main.cc"
../src/main.cc: In function 'int doDijkstra(int*, int)':
../src/main.cc:73:20: error: 'count' was not declared in this scope
   XCount_Set_size(&count,ip_size);
                    ^~~~~
../src/main.cc:73:3: error: 'XCount_Set_size' was not declared in this scope
   XCount_Set_size(&count,ip_size);
   ^~~~~~~~~~~~~~~
../src/main.cc:73:3: note: suggested alternative: 'XDijkstra_Set_size'
   XCount_Set_size(&count,ip_size);
   ^~~~~~~~~~~~~~~
   XDijkstra_Set_size
../src/main.cc:74:28: error: 'filter' was not declared in this scope
   XCount_Set_filter(&count,filter);
                            ^~~~~~
../src/main.cc:74:28: note: suggested alternative: 'timer'
   XCount_Set_filter(&count,filter);
                            ^~~~~~
                            timer
../src/main.cc:74:3: error: 'XCount_Set_filter' was not declared in this scope
   XCount_Set_filter(&count,filter);
   ^~~~~~~~~~~~~~~~~
../src/main.cc:74:3: note: suggested alternative: '__builtin_eh_filter'
   XCount_Set_filter(&count,filter);
   ^~~~~~~~~~~~~~~~~
   __builtin_eh_filter
../src/main.cc:75:3: error: 'XCount_Start' was not declared in this scope
   XCount_Start(&count);
   ^~~~~~~~~~~~
../src/main.cc:75:3: note: suggested alternative: 'XTmrCtr_Start'
   XCount_Start(&count);
   ^~~~~~~~~~~~
   XTmrCtr_Start
../src/main.cc:79:29: error: 'vector' was not declared in this scope
   Xil_DCacheFlushRange((u32)vector, (N_POINTS)*sizeof(int));
                             ^~~~~~
../src/main.cc:79:29: note: suggested alternative: 'perror'
   Xil_DCacheFlushRange((u32)vector, (N_POINTS)*sizeof(int));
                             ^~~~~~
                             perror
../src/main.cc:80:30: error: 'result_ip' was not declared in this scope
   Xil_DCacheFlushRange((u32)&result_ip, sizeof(int));
                              ^~~~~~~~~
../src/main.cc:80:30: note: suggested alternative: 'result'
   Xil_DCacheFlushRange((u32)&result_ip, sizeof(int));
                              ^~~~~~~~~
                              result
../src/main.cc: At global scope:
../src/main.cc:123:36: error: 'max_vertex' was not declared in this scope
 void doDijkstra(unsigned int graph[max_vertex][max_vertex], unsigned int sw_result[max_vertex], unsigned int size, unsigned int src, unsigned int dstn) {
                                    ^~~~~~~~~~
../src/main.cc:123:48: error: 'max_vertex' was not declared in this scope
 void doDijkstra(unsigned int graph[max_vertex][max_vertex], unsigned int sw_result[max_vertex], unsigned int size, unsigned int src, unsigned int dstn) {
                                                ^~~~~~~~~~
../src/main.cc:123:59: error: expected ')' before ',' token
 void doDijkstra(unsigned int graph[max_vertex][max_vertex], unsigned int sw_result[max_vertex], unsigned int size, unsigned int src, unsigned int dstn) {
                                                           ^
../src/main.cc:123:61: error: expected unqualified-id before 'unsigned'
 void doDijkstra(unsigned int graph[max_vertex][max_vertex], unsigned int sw_result[max_vertex], unsigned int size, unsigned int src, unsigned int dstn) {
                                                             ^~~~~~~~
../src/main.cc:171:41: error: 'max_vertex' was not declared in this scope
 void printResult(unsigned int sw_result[max_vertex], unsigned int size, unsigned int scr, unsigned int dstn){
                                         ^~~~~~~~~~
../src/main.cc:171:52: error: expected ')' before ',' token
 void printResult(unsigned int sw_result[max_vertex], unsigned int size, unsigned int scr, unsigned int dstn){
                                                    ^
../src/main.cc:171:54: error: expected unqualified-id before 'unsigned'
 void printResult(unsigned int sw_result[max_vertex], unsigned int size, unsigned int scr, unsigned int dstn){
                                                      ^~~~~~~~
../src/main.cc: In function 'int main()':
../src/main.cc:209:46: error: 'MAX_DIST' was not declared in this scope
       graph[m][n] = ((unsigned int)rand()) % MAX_DIST;
                                              ^~~~~~~~
../src/main.cc:209:46: note: suggested alternative: '_VA_LIST'
       graph[m][n] = ((unsigned int)rand()) % MAX_DIST;
                                              ^~~~~~~~
                                              _VA_LIST
../src/main.cc:212:18: error: 'max_vertex' was not declared in this scope
   src = rand() % max_vertex;
                  ^~~~~~~~~~
../src/main.cc:197:8: warning: unused variable 'number' [-Wunused-variable]
  int i,number;
        ^~~~~~
make: *** [src/main.o] Error 1
src/subdir.mk:21: recipe for target 'src/main.o' failed
02:06:49 **** Auto Build of configuration Debug for project dijkstra ****
make pre-build main-build 
a9-linaro-pre-build-step
 
Building file: ../src/main.cc
Invoking: ARM v7 g++ compiler
arm-none-eabi-g++ -Wall -O0 -g3 -c -fmessage-length=0 -MT"src/main.o" -mcpu=cortex-a9 -mfpu=vfpv3 -mfloat-abi=hard -I../../dijkstra_bsp/ps7_cortexa9_0/include -MMD -MP -MF"src/main.d" -MT"src/main.o" -o "src/main.o" "../src/main.cc"
../src/main.cc: In function 'int doDijkstra(int*, int)':
../src/main.cc:73:20: error: 'count' was not declared in this scope
   XCount_Set_size(&count,ip_size);
                    ^~~~~
../src/main.cc:73:3: error: 'XCount_Set_size' was not declared in this scope
   XCount_Set_size(&count,ip_size);
   ^~~~~~~~~~~~~~~
../src/main.cc:73:3: note: suggested alternative: 'XDijkstra_Set_size'
   XCount_Set_size(&count,ip_size);
   ^~~~~~~~~~~~~~~
   XDijkstra_Set_size
../src/main.cc:74:28: error: 'filter' was not declared in this scope
   XCount_Set_filter(&count,filter);
                            ^~~~~~
../src/main.cc:74:28: note: suggested alternative: 'timer'
   XCount_Set_filter(&count,filter);
                            ^~~~~~
                            timer
../src/main.cc:74:3: error: 'XCount_Set_filter' was not declared in this scope
   XCount_Set_filter(&count,filter);
   ^~~~~~~~~~~~~~~~~
../src/main.cc:74:3: note: suggested alternative: '__builtin_eh_filter'
   XCount_Set_filter(&count,filter);
   ^~~~~~~~~~~~~~~~~
   __builtin_eh_filter
../src/main.cc:75:3: error: 'XCount_Start' was not declared in this scope
   XCount_Start(&count);
[...]
  for (i=0;i<size;i++){
           ~^~~~~
../src/main.cc: In function 'int main()':
../src/main.cc:228:21: error: 'sw_result' was not declared in this scope
   doDijkstra(graph, sw_result, N_POINTS, src, dstn);
                     ^~~~~~~~~
../src/main.cc:206:8: warning: unused variable 'number' [-Wunused-variable]
  int i,number;
        ^~~~~~
make: *** [src/main.o] Error 1
src/subdir.mk:21: recipe for target 'src/main.o' failed
03:45:51 **** Auto Build of configuration Debug for project dijkstra ****
make pre-build main-build 
a9-linaro-pre-build-step
 
Building file: ../src/main.cc
Invoking: ARM v7 g++ compiler
arm-none-eabi-g++ -Wall -O0 -g3 -c -fmessage-length=0 -MT"src/main.o" -mcpu=cortex-a9 -mfpu=vfpv3 -mfloat-abi=hard -I../../dijkstra_bsp/ps7_cortexa9_0/include -MMD -MP -MF"src/main.d" -MT"src/main.o" -o "src/main.o" "../src/main.cc"
../src/main.cc: In function 'void printResult(int*, int, int, int)':
../src/main.cc:183:12: warning: comparison between signed and unsigned integer expressions [-Wsign-compare]
  for (i=0;i<size;i++){
           ~^~~~~
../src/main.cc: In function 'int main()':
../src/main.cc:206:8: warning: unused variable 'number' [-Wunused-variable]
  int i,number;
        ^~~~~~
Finished building: ../src/main.cc
 
Building target: dijkstra.elf
Invoking: ARM v7 g++ linker
arm-none-eabi-g++ -mcpu=cortex-a9 -mfpu=vfpv3 -mfloat-abi=hard -Wl,-build-id=none -specs=Xilinx.spec -Wl,-T -Wl,../src/lscript.ld -L../../dijkstra_bsp/ps7_cortexa9_0/lib -o "dijkstra.elf"  ./src/main.o   -Wl,--start-group,-lxil,-lgcc,-lc,-lstdc++,--end-group
Finished building target: dijkstra.elf
 
Invoking: ARM v7 Print Size
arm-none-eabi-size dijkstra.elf  |tee "dijkstra.elf.size"
   text	   data	    bss	    dec	    hex	filename
  96032	   2672	  25424	 124128	  1e4e0	dijkstra.elf
Finished building: dijkstra.elf.size
 
03:47:39 **** Auto Build of configuration Debug for project dijkstra ****
make pre-build main-build 
a9-linaro-pre-build-step
 
Building file: ../src/main.cc
Invoking: ARM v7 g++ compiler
arm-none-eabi-g++ -Wall -O0 -g3 -c -fmessage-length=0 -MT"src/main.o" -mcpu=cortex-a9 -mfpu=vfpv3 -mfloat-abi=hard -I../../dijkstra_bsp/ps7_cortexa9_0/include -MMD -MP -MF"src/main.d" -MT"src/main.o" -o "src/main.o" "../src/main.cc"
../src/main.cc: In function 'void printResult(int*, int, int, int)':
../src/main.cc:183:12: warning: comparison between signed and unsigned integer expressions [-Wsign-compare]
  for (i=0;i<size;i++){
           ~^~~~~
../src/main.cc: In function 'int main()':
../src/main.cc:223:13: error: 'max_vertex' was not declared in this scope
   int graph[max_vertex][max_vertex]={
             ^~~~~~~~~~
../src/main.cc:206:8: warning: unused variable 'number' [-Wunused-variable]
  int i,number;
        ^~~~~~
make: *** [src/main.o] Error 1
src/subdir.mk:21: recipe for target 'src/main.o' failed
03:47:46 **** Auto Build of configuration Debug for project dijkstra ****
make pre-build main-build 
a9-linaro-pre-build-step
 
Building file: ../src/main.cc
Invoking: ARM v7 g++ compiler
arm-none-eabi-g++ -Wall -O0 -g3 -c -fmessage-length=0 -MT"src/main.o" -mcpu=cortex-a9 -mfpu=vfpv3 -mfloat-abi=hard -I../../dijkstra_bsp/ps7_cortexa9_0/include -MMD -MP -MF"src/main.d" -MT"src/main.o" -o "src/main.o" "../src/main.cc"
../src/main.cc: In function 'void printResult(int*, int, int, int)':
../src/main.cc:183:12: warning: comparison between signed and unsigned integer expressions [-Wsign-compare]
  for (i=0;i<size;i++){
           ~^~~~~
../src/main.cc: In function 'int main()':
../src/main.cc:223:9: error: 'max_vertex' was not declared in this scope
   graph[max_vertex][max_vertex]={
         ^~~~~~~~~~
../src/main.cc:206:8: warning: unused variable 'number' [-Wunused-variable]
  int i,number;
        ^~~~~~
src/subdir.mk:21: recipe for target 'src/main.o' failed
make: *** [src/main.o] Error 1
03:48:02 **** Auto Build of configuration Debug for project dijkstra ****
make pre-build main-build 
a9-linaro-pre-build-step
 
Building file: ../src/main.cc
Invoking: ARM v7 g++ compiler
arm-none-eabi-g++ -Wall -O0 -g3 -c -fmessage-length=0 -MT"src/main.o" -mcpu=cortex-a9 -mfpu=vfpv3 -mfloat-abi=hard -I../../dijkstra_bsp/ps7_cortexa9_0/include -MMD -MP -MF"src/main.d" -MT"src/main.o" -o "src/main.o" "../src/main.cc"
../src/main.cc: In function 'void printResult(int*, int, int, int)':
../src/main.cc:183:12: warning: comparison between signed and unsigned integer expressions [-Wsign-compare]
  for (i=0;i<size;i++){
           ~^~~~~
../src/main.cc: In function 'int main()':
../src/main.cc:229:3: error: cannot convert '<brace-enclosed initializer list>' to 'int' in assignment
   };
   ^
../src/main.cc:206:8: warning: unused variable 'number' [-Wunused-variable]
  int i,number;
        ^~~~~~
make: *** [src/main.o] Error 1
src/subdir.mk:21: recipe for target 'src/main.o' failed
03:48:12 **** Auto Build of configuration Debug for project dijkstra ****
make pre-build main-build 
a9-linaro-pre-build-step
 
Building file: ../src/main.cc
Invoking: ARM v7 g++ compiler
arm-none-eabi-g++ -Wall -O0 -g3 -c -fmessage-length=0 -MT"src/main.o" -mcpu=cortex-a9 -mfpu=vfpv3 -mfloat-abi=hard -I../../dijkstra_bsp/ps7_cortexa9_0/include -MMD -MP -MF"src/main.d" -MT"src/main.o" -o "src/main.o" "../src/main.cc"
../src/main.cc: In function 'void printResult(int*, int, int, int)':
../src/main.cc:183:12: warning: comparison between signed and unsigned integer expressions [-Wsign-compare]
  for (i=0;i<size;i++){
           ~^~~~~
../src/main.cc: In function 'int main()':
../src/main.cc:229:3: error: assigning to an array from an initializer list
   };
   ^
../src/main.cc:206:8: warning: unused variable 'number' [-Wunused-variable]
  int i,number;
        ^~~~~~
src/subdir.mk:21: recipe for target 'src/main.o' failed
make: *** [src/main.o] Error 1
03:48:19 **** Auto Build of configuration Debug for project dijkstra ****
make pre-build main-build 
a9-linaro-pre-build-step
 
Building file: ../src/main.cc
Invoking: ARM v7 g++ compiler
arm-none-eabi-g++ -Wall -O0 -g3 -c -fmessage-length=0 -MT"src/main.o" -mcpu=cortex-a9 -mfpu=vfpv3 -mfloat-abi=hard -I../../dijkstra_bsp/ps7_cortexa9_0/include -MMD -MP -MF"src/main.d" -MT"src/main.o" -o "src/main.o" "../src/main.cc"
../src/main.cc: In function 'void printResult(int*, int, int, int)':
../src/main.cc:183:12: warning: comparison between signed and unsigned integer expressions [-Wsign-compare]
  for (i=0;i<size;i++){
           ~^~~~~
../src/main.cc: In function 'int main()':
../src/main.cc:229:3: error: cannot convert '<brace-enclosed initializer list>' to 'int' in assignment
   };
   ^
../src/main.cc:206:8: warning: unused variable 'number' [-Wunused-variable]
  int i,number;
        ^~~~~~
make: *** [src/main.o] Error 1
src/subdir.mk:21: recipe for target 'src/main.o' failed
03:48:25 **** Auto Build of configuration Debug for project dijkstra ****
make pre-build main-build 
a9-linaro-pre-build-step
 
Building file: ../src/main.cc
Invoking: ARM v7 g++ compiler
arm-none-eabi-g++ -Wall -O0 -g3 -c -fmessage-length=0 -MT"src/main.o" -mcpu=cortex-a9 -mfpu=vfpv3 -mfloat-abi=hard -I../../dijkstra_bsp/ps7_cortexa9_0/include -MMD -MP -MF"src/main.d" -MT"src/main.o" -o "src/main.o" "../src/main.cc"
../src/main.cc: In function 'void printResult(int*, int, int, int)':
../src/main.cc:183:12: warning: comparison between signed and unsigned integer expressions [-Wsign-compare]
  for (i=0;i<size;i++){
           ~^~~~~
../src/main.cc: In function 'int main()':
../src/main.cc:228:14: error: cannot convert '<brace-enclosed initializer list>' to 'int' in assignment
   {1,0,0,0,0}};
              ^
../src/main.cc:206:8: warning: unused variable 'number' [-Wunused-variable]
  int i,number;
        ^~~~~~
src/subdir.mk:21: recipe for target 'src/main.o' failed
make: *** [src/main.o] Error 1
03:48:50 **** Auto Build of configuration Debug for project dijkstra ****
make pre-build main-build 
a9-linaro-pre-build-step
 
Building file: ../src/main.cc
Invoking: ARM v7 g++ compiler
arm-none-eabi-g++ -Wall -O0 -g3 -c -fmessage-length=0 -MT"src/main.o" -mcpu=cortex-a9 -mfpu=vfpv3 -mfloat-abi=hard -I../../dijkstra_bsp/ps7_cortexa9_0/include -MMD -MP -MF"src/main.d" -MT"src/main.o" -o "src/main.o" "../src/main.cc"
../src/main.cc: In function 'void printResult(int*, int, int, int)':
../src/main.cc:183:12: warning: comparison between signed and unsigned integer expressions [-Wsign-compare]
  for (i=0;i<size;i++){
           ~^~~~~
../src/main.cc: In function 'int main()':
../src/main.cc:228:14: error: assigning to an array from an initializer list
   {1,0,0,0,0}};
              ^
../src/main.cc:206:8: warning: unused variable 'number' [-Wunused-variable]
  int i,number;
        ^~~~~~
src/subdir.mk:21: recipe for target 'src/main.o' failed
make: *** [src/main.o] Error 1
03:48:57 **** Auto Build of configuration Debug for project dijkstra ****
make pre-build main-build 
a9-linaro-pre-build-step
 
Building file: ../src/main.cc
Invoking: ARM v7 g++ compiler
arm-none-eabi-g++ -Wall -O0 -g3 -c -fmessage-length=0 -MT"src/main.o" -mcpu=cortex-a9 -mfpu=vfpv3 -mfloat-abi=hard -I../../dijkstra_bsp/ps7_cortexa9_0/include -MMD -MP -MF"src/main.d" -MT"src/main.o" -o "src/main.o" "../src/main.cc"
../src/main.cc: In function 'void printResult(int*, int, int, int)':
../src/main.cc:183:12: warning: comparison between signed and unsigned integer expressions [-Wsign-compare]
  for (i=0;i<size;i++){
           ~^~~~~
../src/main.cc: In function 'int main()':
../src/main.cc:223:9: error: expected primary-expression before ']' token
   graph[][]={
         ^
../src/main.cc:223:11: error: expected primary-expression before ']' token
   graph[][]={
           ^
../src/main.cc:206:8: warning: unused variable 'number' [-Wunused-variable]
  int i,number;
        ^~~~~~
src/subdir.mk:21: recipe for target 'src/main.o' failed
make: *** [src/main.o] Error 1
03:49:05 **** Auto Build of configuration Debug for project dijkstra ****
make pre-build main-build 
a9-linaro-pre-build-step
 
Building file: ../src/main.cc
Invoking: ARM v7 g++ compiler
arm-none-eabi-g++ -Wall -O0 -g3 -c -fmessage-length=0 -MT"src/main.o" -mcpu=cortex-a9 -mfpu=vfpv3 -mfloat-abi=hard -I../../dijkstra_bsp/ps7_cortexa9_0/include -MMD -MP -MF"src/main.d" -MT"src/main.o" -o "src/main.o" "../src/main.cc"
../src/main.cc: In function 'void printResult(int*, int, int, int)':
../src/main.cc:183:12: warning: comparison between signed and unsigned integer expressions [-Wsign-compare]
  for (i=0;i<size;i++){
           ~^~~~~
../src/main.cc: In function 'int main()':
../src/main.cc:228:14: error: assigning to an array from an initializer list
   {1,0,0,0,0}};
              ^
../src/main.cc:206:8: warning: unused variable 'number' [-Wunused-variable]
  int i,number;
        ^~~~~~
src/subdir.mk:21: recipe for target 'src/main.o' failed
make: *** [src/main.o] Error 1
03:49:39 **** Auto Build of configuration Debug for project dijkstra ****
make pre-build main-build 
a9-linaro-pre-build-step
 
Building file: ../src/main.cc
Invoking: ARM v7 g++ compiler
arm-none-eabi-g++ -Wall -O0 -g3 -c -fmessage-length=0 -MT"src/main.o" -mcpu=cortex-a9 -mfpu=vfpv3 -mfloat-abi=hard -I../../dijkstra_bsp/ps7_cortexa9_0/include -MMD -MP -MF"src/main.d" -MT"src/main.o" -o "src/main.o" "../src/main.cc"
../src/main.cc: In function 'void printResult(int*, int, int, int)':
../src/main.cc:192:12: warning: comparison between signed and unsigned integer expressions [-Wsign-compare]
  for (i=0;i<size;i++){
           ~^~~~~
../src/main.cc: In function 'int main()':
../src/main.cc:215:8: warning: unused variable 'number' [-Wunused-variable]
  int i,number;
        ^~~~~~
Finished building: ../src/main.cc
 
Building target: dijkstra.elf
Invoking: ARM v7 g++ linker
arm-none-eabi-g++ -mcpu=cortex-a9 -mfpu=vfpv3 -mfloat-abi=hard -Wl,-build-id=none -specs=Xilinx.spec -Wl,-T -Wl,../src/lscript.ld -L../../dijkstra_bsp/ps7_cortexa9_0/lib -o "dijkstra.elf"  ./src/main.o   -Wl,--start-group,-lxil,-lgcc,-lc,-lstdc++,--end-group
Finished building target: dijkstra.elf
 
Invoking: ARM v7 Print Size
arm-none-eabi-size dijkstra.elf  |tee "dijkstra.elf.size"
   text	   data	    bss	    dec	    hex	filename
  95648	   2776	  25312	 123736	  1e358	dijkstra.elf
Finished building: dijkstra.elf.size
 
03:50:18 **** Auto Build of configuration Debug for project dijkstra ****
make pre-build main-build 
a9-linaro-pre-build-step
 
Building file: ../src/main.cc
Invoking: ARM v7 g++ compiler
arm-none-eabi-g++ -Wall -O0 -g3 -c -fmessage-length=0 -MT"src/main.o" -mcpu=cortex-a9 -mfpu=vfpv3 -mfloat-abi=hard -I../../dijkstra_bsp/ps7_cortexa9_0/include -MMD -MP -MF"src/main.d" -MT"src/main.o" -o "src/main.o" "../src/main.cc"
../src/main.cc: In function 'void printResult(int*, int, int, int)':
../src/main.cc:192:12: warning: comparison between signed and unsigned integer expressions [-Wsign-compare]
  for (i=0;i<size;i++){
           ~^~~~~
../src/main.cc: In function 'int main()':
../src/main.cc:215:8: warning: unused variable 'number' [-Wunused-variable]
  int i,number;
        ^~~~~~
Finished building: ../src/main.cc
 
Building target: dijkstra.elf
Invoking: ARM v7 g++ linker
arm-none-eabi-g++ -mcpu=cortex-a9 -mfpu=vfpv3 -mfloat-abi=hard -Wl,-build-id=none -specs=Xilinx.spec -Wl,-T -Wl,../src/lscript.ld -L../../dijkstra_bsp/ps7_cortexa9_0/lib -o "dijkstra.elf"  ./src/main.o   -Wl,--start-group,-lxil,-lgcc,-lc,-lstdc++,--end-group
Finished building target: dijkstra.elf
 
Invoking: ARM v7 Print Size
arm-none-eabi-size dijkstra.elf  |tee "dijkstra.elf.size"
   text	   data	    bss	    dec	    hex	filename
  95648	   2776	  25312	 123736	  1e358	dijkstra.elf
Finished building: dijkstra.elf.size
 
03:50:42 **** Auto Build of configuration Debug for project dijkstra ****
make pre-build main-build 
a9-linaro-pre-build-step
 
Building file: ../src/main.cc
Invoking: ARM v7 g++ compiler
arm-none-eabi-g++ -Wall -O0 -g3 -c -fmessage-length=0 -MT"src/main.o" -mcpu=cortex-a9 -mfpu=vfpv3 -mfloat-abi=hard -I../../dijkstra_bsp/ps7_cortexa9_0/include -MMD -MP -MF"src/main.d" -MT"src/main.o" -o "src/main.o" "../src/main.cc"
../src/main.cc: In function 'void printResult(int*, int, int, int)':
../src/main.cc:192:12: warning: comparison between signed and unsigned integer expressions [-Wsign-compare]
  for (i=0;i<size;i++){
           ~^~~~~
../src/main.cc: In function 'int main()':
../src/main.cc:215:8: warning: unused variable 'number' [-Wunused-variable]
  int i,number;
        ^~~~~~
Finished building: ../src/main.cc
 
Building target: dijkstra.elf
Invoking: ARM v7 g++ linker
arm-none-eabi-g++ -mcpu=cortex-a9 -mfpu=vfpv3 -mfloat-abi=hard -Wl,-build-id=none -specs=Xilinx.spec -Wl,-T -Wl,../src/lscript.ld -L../../dijkstra_bsp/ps7_cortexa9_0/lib -o "dijkstra.elf"  ./src/main.o   -Wl,--start-group,-lxil,-lgcc,-lc,-lstdc++,--end-group
Finished building target: dijkstra.elf
 
Invoking: ARM v7 Print Size
arm-none-eabi-size dijkstra.elf  |tee "dijkstra.elf.size"
   text	   data	    bss	    dec	    hex	filename
  95648	   2776	  25312	 123736	  1e358	dijkstra.elf
Finished building: dijkstra.elf.size
 
03:53:55 **** Auto Build of configuration Debug for project dijkstra ****
make pre-build main-build 
a9-linaro-pre-build-step
 
Building file: ../src/main.cc
Invoking: ARM v7 g++ compiler
arm-none-eabi-g++ -Wall -O0 -g3 -c -fmessage-length=0 -MT"src/main.o" -mcpu=cortex-a9 -mfpu=vfpv3 -mfloat-abi=hard -I../../dijkstra_bsp/ps7_cortexa9_0/include -MMD -MP -MF"src/main.d" -MT"src/main.o" -o "src/main.o" "../src/main.cc"
../src/main.cc: In function 'void printResult(int*, int, int, int)':
../src/main.cc:195:12: warning: comparison between signed and unsigned integer expressions [-Wsign-compare]
  for (i=0;i<size;i++){
           ~^~~~~
../src/main.cc: In function 'int main()':
../src/main.cc:218:8: warning: unused variable 'number' [-Wunused-variable]
  int i,number;
        ^~~~~~
Finished building: ../src/main.cc
 
Building target: dijkstra.elf
Invoking: ARM v7 g++ linker
arm-none-eabi-g++ -mcpu=cortex-a9 -mfpu=vfpv3 -mfloat-abi=hard -Wl,-build-id=none -specs=Xilinx.spec -Wl,-T -Wl,../src/lscript.ld -L../../dijkstra_bsp/ps7_cortexa9_0/lib -o "dijkstra.elf"  ./src/main.o   -Wl,--start-group,-lxil,-lgcc,-lc,-lstdc++,--end-group
Finished building target: dijkstra.elf
 
Invoking: ARM v7 Print Size
arm-none-eabi-size dijkstra.elf  |tee "dijkstra.elf.size"
   text	   data	    bss	    dec	    hex	filename
  95768	   2776	  25312	 123856	  1e3d0	dijkstra.elf
Finished building: dijkstra.elf.size
 
03:54:33 **** Incremental Build of configuration Debug for project dijkstra ****
make pre-build main-build 
a9-linaro-pre-build-step
 
make: Nothing to be done for 'main-build'.
03:56:26 **** Auto Build of configuration Debug for project dijkstra ****
make pre-build main-build 
a9-linaro-pre-build-step
 
Building file: ../src/main.cc
Invoking: ARM v7 g++ compiler
arm-none-eabi-g++ -Wall -O0 -g3 -c -fmessage-length=0 -MT"src/main.o" -mcpu=cortex-a9 -mfpu=vfpv3 -mfloat-abi=hard -I../../dijkstra_bsp/ps7_cortexa9_0/include -MMD -MP -MF"src/main.d" -MT"src/main.o" -o "src/main.o" "../src/main.cc"
../src/main.cc: In function 'int findIndex(int*, bool*, int)':
../src/main.cc:105:12: warning: pointer to a function used in arithmetic [-Wpointer-arith]
   if(dist[i+index]<distMin){
           ~^~~~~~
../src/main.cc:105:18: error: invalid types 'int*[char* (*)(const char*, int)]' for array subscript
   if(dist[i+index]<distMin){
                  ^
../src/main.cc:106:16: warning: pointer to a function used in arithmetic [-Wpointer-arith]
    indexMin = i+index;
               ~^~~~~~
../src/main.cc:106:16: error: invalid conversion from 'char* (*)(const char*, int)' to 'int' [-fpermissive]
../src/main.cc: In function 'void printResult(int*, int, int, int)':
../src/main.cc:196:12: warning: comparison between signed and unsigned integer expressions [-Wsign-compare]
  for (i=0;i<size;i++){
           ~^~~~~
../src/main.cc: In function 'int main()':
../src/main.cc:219:8: warning: unused variable 'number' [-Wunused-variable]
  int i,number;
        ^~~~~~
make: *** [src/main.o] Error 1
src/subdir.mk:21: recipe for target 'src/main.o' failed
03:56:37 **** Auto Build of configuration Debug for project dijkstra ****
make pre-build main-build 
a9-linaro-pre-build-step
 
Building file: ../src/main.cc
Invoking: ARM v7 g++ compiler
arm-none-eabi-g++ -Wall -O0 -g3 -c -fmessage-length=0 -MT"src/main.o" -mcpu=cortex-a9 -mfpu=vfpv3 -mfloat-abi=hard -I../../dijkstra_bsp/ps7_cortexa9_0/include -MMD -MP -MF"src/main.d" -MT"src/main.o" -o "src/main.o" "../src/main.cc"
../src/main.cc: In function 'void printResult(int*, int, int, int)':
../src/main.cc:196:12: warning: comparison between signed and unsigned integer expressions [-Wsign-compare]
  for (i=0;i<size;i++){
           ~^~~~~
../src/main.cc: In function 'int main()':
../src/main.cc:219:8: warning: unused variable 'number' [-Wunused-variable]
  int i,number;
        ^~~~~~
Finished building: ../src/main.cc
 
Building target: dijkstra.elf
Invoking: ARM v7 g++ linker
arm-none-eabi-g++ -mcpu=cortex-a9 -mfpu=vfpv3 -mfloat-abi=hard -Wl,-build-id=none -specs=Xilinx.spec -Wl,-T -Wl,../src/lscript.ld -L../../dijkstra_bsp/ps7_cortexa9_0/lib -o "dijkstra.elf"  ./src/main.o   -Wl,--start-group,-lxil,-lgcc,-lc,-lstdc++,--end-group
Finished building target: dijkstra.elf
 
Invoking: ARM v7 Print Size
arm-none-eabi-size dijkstra.elf  |tee "dijkstra.elf.size"
   text	   data	    bss	    dec	    hex	filename
  95832	   2776	  25328	 123936	  1e420	dijkstra.elf
Finished building: dijkstra.elf.size
 
03:56:43 **** Incremental Build of configuration Debug for project dijkstra ****
make pre-build main-build 
a9-linaro-pre-build-step
 
make: Nothing to be done for 'main-build'.
03:57:43 **** Incremental Build of configuration Debug for project dijkstra ****
make pre-build main-build 
a9-linaro-pre-build-step
 
make: Nothing to be done for 'main-build'.
