

================================================================
== Vivado HLS Report for 'doKmean'
================================================================
* Date:           Thu Nov 29 15:35:28 2018

* Version:        2018.2 (Build 2258646 on Thu Jun 14 20:25:20 MDT 2018)
* Project:        kmeans
* Solution:       opti
* Product family: zynq
* Target device:  xc7z020clg484-1


================================================================
== Performance Estimates
================================================================
+ Timing (ns): 
    * Summary: 
    +--------+-------+----------+------------+
    |  Clock | Target| Estimated| Uncertainty|
    +--------+-------+----------+------------+
    |ap_clk  |  10.00|    10.455|        1.25|
    +--------+-------+----------+------------+

+ Latency (clock cycles): 
    * Summary: 
    +-------+-------+-------+-------+---------+
    |    Latency    |    Interval   | Pipeline|
    |  min  |  max  |  min  |  max  |   Type  |
    +-------+-------+-------+-------+---------+
    |  22699|  24745|  22699|  24745|   none  |
    +-------+-------+-------+-------+---------+

    + Detail: 
        * Instance: 
        +-------------------------+-------------+------+------+------+------+---------+
        |                         |             |   Latency   |   Interval  | Pipeline|
        |         Instance        |    Module   |  min |  max |  min |  max |   Type  |
        +-------------------------+-------------+------+------+------+------+---------+
        |grp_get_cluster_fu_2998  |get_cluster  |  1028|  1028|  1028|  1028|   none  |
        +-------------------------+-------------+------+------+------+------+---------+

        * Loop: 
        +-----------+-------+-------+----------+-----------+-----------+------+----------+
        |           |    Latency    | Iteration|  Initiation Interval  | Trip |          |
        | Loop Name |  min  |  max  |  Latency |  achieved |   target  | Count| Pipelined|
        +-----------+-------+-------+----------+-----------+-----------+------+----------+
        |- read_p   |   1000|   1000|        51|         50|          1|    20|    yes   |
        |- read_c   |   1000|   1000|        51|         50|          1|    20|    yes   |
        |- Loop 3   |     21|     21|         1|          -|          -|    21|    no    |
        |- cluster  |  20620|  20620|      1031|          -|          -|    20|    no    |
        |- sumcen   |   1008|   1008|        59|         50|          1|    20|    yes   |
        |- update   |   1022|   1022|        73|         50|          1|    20|    yes   |
        |- Loop 7   |     63|     63|         3|          -|          -|    21|    no    |
        +-----------+-------+-------+----------+-----------+-----------+------+----------+



================================================================
== Utilization Estimates
================================================================
* Summary: 
+-----------------+---------+-------+--------+-------+
|       Name      | BRAM_18K| DSP48E|   FF   |  LUT  |
+-----------------+---------+-------+--------+-------+
|DSP              |        -|     48|       -|      -|
|Expression       |        -|      0|       0|   3313|
|FIFO             |        -|      -|       -|      -|
|Instance         |        0|     15|    7165|  16063|
|Memory           |        9|      -|       0|      0|
|Multiplexer      |        -|      -|       -|   4961|
|Register         |        -|      -|    6659|      -|
+-----------------+---------+-------+--------+-------+
|Total            |        9|     63|   13824|  24337|
+-----------------+---------+-------+--------+-------+
|Available        |      280|    220|  106400|  53200|
+-----------------+---------+-------+--------+-------+
|Utilization (%)  |        3|     28|      12|     45|
+-----------------+---------+-------+--------+-------+

+ Detail: 
    * Instance: 
    +--------------------------+------------------------+---------+-------+------+-------+
    |         Instance         |         Module         | BRAM_18K| DSP48E|  FF  |  LUT  |
    +--------------------------+------------------------+---------+-------+------+-------+
    |doKmean_CRTL_BUS_s_axi_U  |doKmean_CRTL_BUS_s_axi  |        0|      0|    74|    104|
    |doKmean_fadd_32nshbi_U16  |doKmean_fadd_32nshbi    |        0|      2|   205|    390|
    |doKmean_fadd_32nshbi_U17  |doKmean_fadd_32nshbi    |        0|      2|   205|    390|
    |doKmean_fdiv_32nsibs_U18  |doKmean_fdiv_32nsibs    |        0|      0|   761|    994|
    |doKmean_sitofp_32jbC_U19  |doKmean_sitofp_32jbC    |        0|      0|   340|    554|
    |grp_get_cluster_fu_2998   |get_cluster             |        0|     11|  5580|  13631|
    +--------------------------+------------------------+---------+-------+------+-------+
    |Total                     |                        |        0|     15|  7165|  16063|
    +--------------------------+------------------------+---------+-------+------+-------+

    * DSP48: 
    +--------------------------+----------------------+--------------+
    |         Instance         |        Module        |  Expression  |
    +--------------------------+----------------------+--------------+
    |doKmean_mac_muladkbM_U20  |doKmean_mac_muladkbM  | i0 * i1 + i2 |
    |doKmean_mac_muladkbM_U21  |doKmean_mac_muladkbM  | i0 * i1 + i2 |
    |doKmean_mac_muladlbW_U22  |doKmean_mac_muladlbW  | i0 * i1 + i2 |
    |doKmean_mac_muladlbW_U23  |doKmean_mac_muladlbW  | i0 * i1 + i2 |
    |doKmean_mac_muladlbW_U24  |doKmean_mac_muladlbW  | i0 * i1 + i2 |
    |doKmean_mac_muladlbW_U25  |doKmean_mac_muladlbW  | i0 * i1 + i2 |
    |doKmean_mac_muladmb6_U26  |doKmean_mac_muladmb6  | i0 * i1 + i2 |
    |doKmean_mac_muladmb6_U27  |doKmean_mac_muladmb6  | i0 * i1 + i2 |
    |doKmean_mac_muladmb6_U28  |doKmean_mac_muladmb6  | i0 * i1 + i2 |
    |doKmean_mac_muladmb6_U29  |doKmean_mac_muladmb6  | i0 * i1 + i2 |
    |doKmean_mac_muladmb6_U30  |doKmean_mac_muladmb6  | i0 * i1 + i2 |
    |doKmean_mac_muladmb6_U31  |doKmean_mac_muladmb6  | i0 * i1 + i2 |
    |doKmean_mac_muladmb6_U32  |doKmean_mac_muladmb6  | i0 * i1 + i2 |
    |doKmean_mac_muladmb6_U33  |doKmean_mac_muladmb6  | i0 * i1 + i2 |
    |doKmean_mac_muladncg_U34  |doKmean_mac_muladncg  | i0 * i1 + i2 |
    |doKmean_mac_muladncg_U35  |doKmean_mac_muladncg  | i0 * i1 + i2 |
    |doKmean_mac_muladncg_U36  |doKmean_mac_muladncg  | i0 * i1 + i2 |
    |doKmean_mac_muladncg_U37  |doKmean_mac_muladncg  | i0 * i1 + i2 |
    |doKmean_mac_muladncg_U38  |doKmean_mac_muladncg  | i0 * i1 + i2 |
    |doKmean_mac_muladncg_U39  |doKmean_mac_muladncg  | i0 * i1 + i2 |
    |doKmean_mac_muladncg_U40  |doKmean_mac_muladncg  | i0 * i1 + i2 |
    |doKmean_mac_muladncg_U41  |doKmean_mac_muladncg  | i0 * i1 + i2 |
    |doKmean_mac_muladncg_U42  |doKmean_mac_muladncg  | i0 * i1 + i2 |
    |doKmean_mac_muladncg_U43  |doKmean_mac_muladncg  | i0 * i1 + i2 |
    |doKmean_mac_muladncg_U44  |doKmean_mac_muladncg  | i0 * i1 + i2 |
    |doKmean_mac_muladncg_U45  |doKmean_mac_muladncg  | i0 * i1 + i2 |
    |doKmean_mac_muladncg_U46  |doKmean_mac_muladncg  | i0 * i1 + i2 |
    |doKmean_mac_muladncg_U47  |doKmean_mac_muladncg  | i0 * i1 + i2 |
    |doKmean_mac_muladncg_U48  |doKmean_mac_muladncg  | i0 * i1 + i2 |
    |doKmean_mac_muladncg_U49  |doKmean_mac_muladncg  | i0 * i1 + i2 |
    |doKmean_mac_muladocq_U50  |doKmean_mac_muladocq  | i0 * i1 + i2 |
    |doKmean_mac_muladocq_U51  |doKmean_mac_muladocq  | i0 * i1 + i2 |
    |doKmean_mac_muladocq_U52  |doKmean_mac_muladocq  | i0 * i1 + i2 |
    |doKmean_mac_muladocq_U53  |doKmean_mac_muladocq  | i0 * i1 + i2 |
    |doKmean_mac_muladocq_U54  |doKmean_mac_muladocq  | i0 * i1 + i2 |
    |doKmean_mac_muladocq_U55  |doKmean_mac_muladocq  | i0 * i1 + i2 |
    |doKmean_mac_muladocq_U56  |doKmean_mac_muladocq  | i0 * i1 + i2 |
    |doKmean_mac_muladocq_U57  |doKmean_mac_muladocq  | i0 * i1 + i2 |
    |doKmean_mac_muladocq_U58  |doKmean_mac_muladocq  | i0 * i1 + i2 |
    |doKmean_mac_muladocq_U59  |doKmean_mac_muladocq  | i0 * i1 + i2 |
    |doKmean_mac_muladocq_U60  |doKmean_mac_muladocq  | i0 * i1 + i2 |
    |doKmean_mac_muladocq_U61  |doKmean_mac_muladocq  | i0 * i1 + i2 |
    |doKmean_mac_muladocq_U62  |doKmean_mac_muladocq  | i0 * i1 + i2 |
    |doKmean_mac_muladocq_U63  |doKmean_mac_muladocq  | i0 * i1 + i2 |
    |doKmean_mac_muladocq_U64  |doKmean_mac_muladocq  | i0 * i1 + i2 |
    |doKmean_mac_muladocq_U65  |doKmean_mac_muladocq  | i0 * i1 + i2 |
    |doKmean_mac_muladocq_U66  |doKmean_mac_muladocq  | i0 * i1 + i2 |
    |doKmean_mac_muladocq_U67  |doKmean_mac_muladocq  | i0 * i1 + i2 |
    +--------------------------+----------------------+--------------+

    * Memory: 
    +-----------------+----------------------+---------+---+----+------+-----+------+-------------+
    |      Memory     |        Module        | BRAM_18K| FF| LUT| Words| Bits| Banks| W*Bits*Banks|
    +-----------------+----------------------+---------+---+----+------+-----+------+-------------+
    |new_centroids_U  |doKmean_new_centrg8j  |        2|  0|   0|  1000|   32|     1|        32000|
    |np_cluster_U     |doKmean_np_cluster    |        2|  0|   0|    20|   32|     1|          640|
    |points_U         |doKmean_points        |        2|  0|   0|  1000|   32|     1|        32000|
    |centroids_U      |doKmean_points        |        2|  0|   0|  1000|   32|     1|        32000|
    |results_U        |doKmean_results       |        1|  0|   0|   101|    5|     1|          505|
    +-----------------+----------------------+---------+---+----+------+-----+------+-------------+
    |Total            |                      |        9|  0|   0|  3121|  133|     5|        97145|
    +-----------------+----------------------+---------+---+----+------+-----+------+-------------+

    * FIFO: 
    N/A

    * Expression: 
    +-------------------------------------+----------+-------+---+----+------------+------------+
    |            Variable Name            | Operation| DSP48E| FF| LUT| Bitwidth P0| Bitwidth P1|
    +-------------------------------------+----------+-------+---+----+------------+------------+
    |tmp_344_fu_5219_p2                   |     *    |      0|  0|  26|           5|           6|
    |tmp_345_fu_5256_p2                   |     *    |      0|  0|  26|           5|           6|
    |c_1_fu_6152_p2                       |     +    |      0|  0|  15|           5|           1|
    |i_1_fu_3426_p2                       |     +    |      0|  0|  15|           5|           1|
    |i_2_fu_5104_p2                       |     +    |      0|  0|  15|           5|           1|
    |i_3_fu_4298_p2                       |     +    |      0|  0|  15|           5|           1|
    |i_4_fu_5126_p2                       |     +    |      0|  0|  15|           5|           1|
    |i_5_fu_5171_p2                       |     +    |      0|  0|  15|           5|           1|
    |idx_1_fu_6719_p2                     |     +    |      0|  0|  15|           5|           1|
    |next_mul3_fu_5061_p2                 |     +    |      0|  0|  14|          10|           6|
    |next_mul5_fu_6122_p2                 |     +    |      0|  0|  14|          10|           6|
    |next_mul7_fu_6702_p2                 |     +    |      0|  0|  14|          10|           6|
    |next_mul_fu_4245_p2                  |     +    |      0|  0|  14|          10|           6|
    |np_cluster_d0                        |     +    |      0|  0|  39|          32|           1|
    |tmp_198_fu_3509_p2                   |     +    |      0|  0|  14|          10|           2|
    |tmp_199_fu_3525_p2                   |     +    |      0|  0|  14|          10|           2|
    |tmp_200_fu_3541_p2                   |     +    |      0|  0|  14|          10|           3|
    |tmp_201_fu_3557_p2                   |     +    |      0|  0|  14|          10|           3|
    |tmp_202_fu_3573_p2                   |     +    |      0|  0|  14|          10|           3|
    |tmp_203_fu_3589_p2                   |     +    |      0|  0|  14|          10|           3|
    |tmp_204_fu_3605_p2                   |     +    |      0|  0|  14|          10|           4|
    |tmp_205_fu_3621_p2                   |     +    |      0|  0|  14|          10|           4|
    |tmp_206_fu_3637_p2                   |     +    |      0|  0|  14|          10|           4|
    |tmp_207_fu_3653_p2                   |     +    |      0|  0|  14|          10|           4|
    |tmp_208_fu_3669_p2                   |     +    |      0|  0|  14|          10|           4|
    |tmp_209_fu_3685_p2                   |     +    |      0|  0|  14|          10|           4|
    |tmp_210_fu_3701_p2                   |     +    |      0|  0|  14|          10|           4|
    |tmp_211_fu_3717_p2                   |     +    |      0|  0|  14|          10|           4|
    |tmp_212_fu_3733_p2                   |     +    |      0|  0|  14|          10|           5|
    |tmp_213_fu_3749_p2                   |     +    |      0|  0|  14|          10|           5|
    |tmp_214_fu_3765_p2                   |     +    |      0|  0|  14|          10|           5|
    |tmp_215_fu_3781_p2                   |     +    |      0|  0|  14|          10|           5|
    |tmp_216_fu_3797_p2                   |     +    |      0|  0|  14|          10|           5|
    |tmp_217_fu_3813_p2                   |     +    |      0|  0|  14|          10|           5|
    |tmp_218_fu_3829_p2                   |     +    |      0|  0|  14|          10|           5|
    |tmp_219_fu_3845_p2                   |     +    |      0|  0|  14|          10|           5|
    |tmp_220_fu_3861_p2                   |     +    |      0|  0|  14|          10|           5|
    |tmp_221_fu_3877_p2                   |     +    |      0|  0|  14|          10|           5|
    |tmp_222_fu_3893_p2                   |     +    |      0|  0|  14|          10|           5|
    |tmp_223_fu_3909_p2                   |     +    |      0|  0|  14|          10|           5|
    |tmp_224_fu_3925_p2                   |     +    |      0|  0|  14|          10|           5|
    |tmp_225_fu_3941_p2                   |     +    |      0|  0|  14|          10|           5|
    |tmp_226_fu_3957_p2                   |     +    |      0|  0|  14|          10|           5|
    |tmp_227_fu_3973_p2                   |     +    |      0|  0|  14|          10|           5|
    |tmp_228_fu_3989_p2                   |     +    |      0|  0|  14|          10|           6|
    |tmp_229_fu_4005_p2                   |     +    |      0|  0|  14|          10|           6|
    |tmp_230_fu_4021_p2                   |     +    |      0|  0|  14|          10|           6|
    |tmp_231_fu_4037_p2                   |     +    |      0|  0|  14|          10|           6|
    |tmp_232_fu_4053_p2                   |     +    |      0|  0|  14|          10|           6|
    |tmp_233_fu_4069_p2                   |     +    |      0|  0|  14|          10|           6|
    |tmp_234_fu_4085_p2                   |     +    |      0|  0|  14|          10|           6|
    |tmp_235_fu_4101_p2                   |     +    |      0|  0|  14|          10|           6|
    |tmp_236_fu_4117_p2                   |     +    |      0|  0|  14|          10|           6|
    |tmp_237_fu_4133_p2                   |     +    |      0|  0|  14|          10|           6|
    |tmp_238_fu_4149_p2                   |     +    |      0|  0|  14|          10|           6|
    |tmp_239_fu_4165_p2                   |     +    |      0|  0|  14|          10|           6|
    |tmp_240_fu_4181_p2                   |     +    |      0|  0|  14|          10|           6|
    |tmp_241_fu_4197_p2                   |     +    |      0|  0|  14|          10|           6|
    |tmp_242_fu_4213_p2                   |     +    |      0|  0|  14|          10|           6|
    |tmp_243_fu_4229_p2                   |     +    |      0|  0|  14|          10|           6|
    |tmp_244_fu_4251_p2                   |     +    |      0|  0|  14|          10|           6|
    |tmp_245_fu_4262_p2                   |     +    |      0|  0|  14|          10|           6|
    |tmp_247_fu_4325_p2                   |     +    |      0|  0|  14|          10|           2|
    |tmp_248_fu_4341_p2                   |     +    |      0|  0|  14|          10|           2|
    |tmp_249_fu_4357_p2                   |     +    |      0|  0|  14|          10|           3|
    |tmp_250_fu_4373_p2                   |     +    |      0|  0|  14|          10|           3|
    |tmp_251_fu_4389_p2                   |     +    |      0|  0|  14|          10|           3|
    |tmp_252_fu_4405_p2                   |     +    |      0|  0|  14|          10|           3|
    |tmp_253_fu_4421_p2                   |     +    |      0|  0|  14|          10|           4|
    |tmp_254_fu_4437_p2                   |     +    |      0|  0|  14|          10|           4|
    |tmp_255_fu_4453_p2                   |     +    |      0|  0|  14|          10|           4|
    |tmp_256_fu_4469_p2                   |     +    |      0|  0|  14|          10|           4|
    |tmp_257_fu_4485_p2                   |     +    |      0|  0|  14|          10|           4|
    |tmp_258_fu_4501_p2                   |     +    |      0|  0|  14|          10|           4|
    |tmp_259_fu_4517_p2                   |     +    |      0|  0|  14|          10|           4|
    |tmp_260_fu_4533_p2                   |     +    |      0|  0|  14|          10|           4|
    |tmp_261_fu_4549_p2                   |     +    |      0|  0|  14|          10|           5|
    |tmp_262_fu_4565_p2                   |     +    |      0|  0|  14|          10|           5|
    |tmp_263_fu_4581_p2                   |     +    |      0|  0|  14|          10|           5|
    |tmp_264_fu_4597_p2                   |     +    |      0|  0|  14|          10|           5|
    |tmp_265_fu_4613_p2                   |     +    |      0|  0|  14|          10|           5|
    |tmp_266_fu_4629_p2                   |     +    |      0|  0|  14|          10|           5|
    |tmp_267_fu_4645_p2                   |     +    |      0|  0|  14|          10|           5|
    |tmp_268_fu_4661_p2                   |     +    |      0|  0|  14|          10|           5|
    |tmp_269_fu_4677_p2                   |     +    |      0|  0|  14|          10|           5|
    |tmp_270_fu_4693_p2                   |     +    |      0|  0|  14|          10|           5|
    |tmp_271_fu_4709_p2                   |     +    |      0|  0|  14|          10|           5|
    |tmp_272_fu_4725_p2                   |     +    |      0|  0|  14|          10|           5|
    |tmp_273_fu_4741_p2                   |     +    |      0|  0|  14|          10|           5|
    |tmp_274_fu_4757_p2                   |     +    |      0|  0|  14|          10|           5|
    |tmp_275_fu_4773_p2                   |     +    |      0|  0|  14|          10|           5|
    |tmp_276_fu_4789_p2                   |     +    |      0|  0|  14|          10|           5|
    |tmp_277_fu_4805_p2                   |     +    |      0|  0|  14|          10|           6|
    |tmp_278_fu_4821_p2                   |     +    |      0|  0|  14|          10|           6|
    |tmp_279_fu_4837_p2                   |     +    |      0|  0|  14|          10|           6|
    |tmp_280_fu_4853_p2                   |     +    |      0|  0|  14|          10|           6|
    |tmp_281_fu_4869_p2                   |     +    |      0|  0|  14|          10|           6|
    |tmp_282_fu_4885_p2                   |     +    |      0|  0|  14|          10|           6|
    |tmp_283_fu_4901_p2                   |     +    |      0|  0|  14|          10|           6|
    |tmp_284_fu_4917_p2                   |     +    |      0|  0|  14|          10|           6|
    |tmp_285_fu_4933_p2                   |     +    |      0|  0|  14|          10|           6|
    |tmp_286_fu_4949_p2                   |     +    |      0|  0|  14|          10|           6|
    |tmp_287_fu_4965_p2                   |     +    |      0|  0|  14|          10|           6|
    |tmp_288_fu_4981_p2                   |     +    |      0|  0|  14|          10|           6|
    |tmp_289_fu_4997_p2                   |     +    |      0|  0|  14|          10|           6|
    |tmp_290_fu_5013_p2                   |     +    |      0|  0|  14|          10|           6|
    |tmp_291_fu_5029_p2                   |     +    |      0|  0|  14|          10|           6|
    |tmp_292_fu_5045_p2                   |     +    |      0|  0|  14|          10|           6|
    |tmp_293_fu_5067_p2                   |     +    |      0|  0|  14|          10|           6|
    |tmp_294_fu_5078_p2                   |     +    |      0|  0|  14|          10|           6|
    |tmp_296_fu_5193_p2                   |     +    |      0|  0|  14|          10|           2|
    |tmp_297_fu_5204_p2                   |     +    |      0|  0|  14|          10|           2|
    |tmp_298_fu_5230_p2                   |     +    |      0|  0|  14|          10|           3|
    |tmp_299_fu_5241_p2                   |     +    |      0|  0|  14|          10|           3|
    |tmp_300_fu_5281_p2                   |     +    |      0|  0|  14|          10|           3|
    |tmp_301_fu_5292_p2                   |     +    |      0|  0|  14|          10|           3|
    |tmp_302_fu_5311_p2                   |     +    |      0|  0|  14|          10|           4|
    |tmp_303_fu_5322_p2                   |     +    |      0|  0|  14|          10|           4|
    |tmp_304_fu_5341_p2                   |     +    |      0|  0|  14|          10|           4|
    |tmp_305_fu_5352_p2                   |     +    |      0|  0|  14|          10|           4|
    |tmp_306_fu_5371_p2                   |     +    |      0|  0|  14|          10|           4|
    |tmp_307_fu_5382_p2                   |     +    |      0|  0|  14|          10|           4|
    |tmp_308_fu_5401_p2                   |     +    |      0|  0|  14|          10|           4|
    |tmp_309_fu_5412_p2                   |     +    |      0|  0|  14|          10|           4|
    |tmp_310_fu_5431_p2                   |     +    |      0|  0|  14|          10|           5|
    |tmp_311_fu_5442_p2                   |     +    |      0|  0|  14|          10|           5|
    |tmp_312_fu_5461_p2                   |     +    |      0|  0|  14|          10|           5|
    |tmp_313_fu_5472_p2                   |     +    |      0|  0|  14|          10|           5|
    |tmp_314_fu_5491_p2                   |     +    |      0|  0|  14|          10|           5|
    |tmp_315_fu_5502_p2                   |     +    |      0|  0|  14|          10|           5|
    |tmp_316_fu_5521_p2                   |     +    |      0|  0|  14|          10|           5|
    |tmp_317_fu_5532_p2                   |     +    |      0|  0|  14|          10|           5|
    |tmp_318_fu_5551_p2                   |     +    |      0|  0|  14|          10|           5|
    |tmp_319_fu_5562_p2                   |     +    |      0|  0|  14|          10|           5|
    |tmp_320_fu_5581_p2                   |     +    |      0|  0|  14|          10|           5|
    |tmp_321_fu_5592_p2                   |     +    |      0|  0|  14|          10|           5|
    |tmp_322_fu_5611_p2                   |     +    |      0|  0|  14|          10|           5|
    |tmp_323_fu_5622_p2                   |     +    |      0|  0|  14|          10|           5|
    |tmp_324_fu_5641_p2                   |     +    |      0|  0|  14|          10|           5|
    |tmp_325_fu_5652_p2                   |     +    |      0|  0|  14|          10|           5|
    |tmp_326_fu_5671_p2                   |     +    |      0|  0|  14|          10|           6|
    |tmp_327_fu_5682_p2                   |     +    |      0|  0|  14|          10|           6|
    |tmp_328_fu_5701_p2                   |     +    |      0|  0|  14|          10|           6|
    |tmp_329_fu_5712_p2                   |     +    |      0|  0|  14|          10|           6|
    |tmp_330_fu_5731_p2                   |     +    |      0|  0|  14|          10|           6|
    |tmp_331_fu_5742_p2                   |     +    |      0|  0|  14|          10|           6|
    |tmp_332_fu_5761_p2                   |     +    |      0|  0|  14|          10|           6|
    |tmp_333_fu_5772_p2                   |     +    |      0|  0|  14|          10|           6|
    |tmp_334_fu_5791_p2                   |     +    |      0|  0|  14|          10|           6|
    |tmp_335_fu_5802_p2                   |     +    |      0|  0|  14|          10|           6|
    |tmp_336_fu_5821_p2                   |     +    |      0|  0|  14|          10|           6|
    |tmp_337_fu_5832_p2                   |     +    |      0|  0|  14|          10|           6|
    |tmp_338_fu_5851_p2                   |     +    |      0|  0|  14|          10|           6|
    |tmp_339_fu_5862_p2                   |     +    |      0|  0|  14|          10|           6|
    |tmp_340_fu_5881_p2                   |     +    |      0|  0|  14|          10|           6|
    |tmp_341_fu_5892_p2                   |     +    |      0|  0|  14|          10|           6|
    |tmp_342_fu_5911_p2                   |     +    |      0|  0|  14|          10|           6|
    |tmp_343_fu_5922_p2                   |     +    |      0|  0|  14|          10|           6|
    |tmp_444_fu_6174_p2                   |     +    |      0|  0|  14|          10|           2|
    |tmp_445_fu_6185_p2                   |     +    |      0|  0|  14|          10|           2|
    |tmp_446_fu_6196_p2                   |     +    |      0|  0|  14|          10|           3|
    |tmp_447_fu_6207_p2                   |     +    |      0|  0|  14|          10|           3|
    |tmp_448_fu_6218_p2                   |     +    |      0|  0|  14|          10|           3|
    |tmp_449_fu_6229_p2                   |     +    |      0|  0|  14|          10|           3|
    |tmp_450_fu_6240_p2                   |     +    |      0|  0|  14|          10|           4|
    |tmp_451_fu_6251_p2                   |     +    |      0|  0|  14|          10|           4|
    |tmp_452_fu_6262_p2                   |     +    |      0|  0|  14|          10|           4|
    |tmp_453_fu_6273_p2                   |     +    |      0|  0|  14|          10|           4|
    |tmp_454_fu_6284_p2                   |     +    |      0|  0|  14|          10|           4|
    |tmp_455_fu_6295_p2                   |     +    |      0|  0|  14|          10|           4|
    |tmp_456_fu_6306_p2                   |     +    |      0|  0|  14|          10|           4|
    |tmp_457_fu_6317_p2                   |     +    |      0|  0|  14|          10|           4|
    |tmp_458_fu_6328_p2                   |     +    |      0|  0|  14|          10|           5|
    |tmp_459_fu_6339_p2                   |     +    |      0|  0|  14|          10|           5|
    |tmp_460_fu_6350_p2                   |     +    |      0|  0|  14|          10|           5|
    |tmp_461_fu_6361_p2                   |     +    |      0|  0|  14|          10|           5|
    |tmp_462_fu_6372_p2                   |     +    |      0|  0|  14|          10|           5|
    |tmp_463_fu_6383_p2                   |     +    |      0|  0|  14|          10|           5|
    |tmp_464_fu_6394_p2                   |     +    |      0|  0|  14|          10|           5|
    |tmp_465_fu_6405_p2                   |     +    |      0|  0|  14|          10|           5|
    |tmp_466_fu_6416_p2                   |     +    |      0|  0|  14|          10|           5|
    |tmp_467_fu_6427_p2                   |     +    |      0|  0|  14|          10|           5|
    |tmp_468_fu_6438_p2                   |     +    |      0|  0|  14|          10|           5|
    |tmp_469_fu_6449_p2                   |     +    |      0|  0|  14|          10|           5|
    |tmp_470_fu_6460_p2                   |     +    |      0|  0|  14|          10|           5|
    |tmp_471_fu_6471_p2                   |     +    |      0|  0|  14|          10|           5|
    |tmp_472_fu_6482_p2                   |     +    |      0|  0|  14|          10|           5|
    |tmp_473_fu_6493_p2                   |     +    |      0|  0|  14|          10|           5|
    |tmp_474_fu_6504_p2                   |     +    |      0|  0|  14|          10|           6|
    |tmp_475_fu_6515_p2                   |     +    |      0|  0|  14|          10|           6|
    |tmp_476_fu_6526_p2                   |     +    |      0|  0|  14|          10|           6|
    |tmp_477_fu_6537_p2                   |     +    |      0|  0|  14|          10|           6|
    |tmp_478_fu_6548_p2                   |     +    |      0|  0|  14|          10|           6|
    |tmp_479_fu_6559_p2                   |     +    |      0|  0|  14|          10|           6|
    |tmp_480_fu_6570_p2                   |     +    |      0|  0|  14|          10|           6|
    |tmp_481_fu_6581_p2                   |     +    |      0|  0|  14|          10|           6|
    |tmp_482_fu_6592_p2                   |     +    |      0|  0|  14|          10|           6|
    |tmp_483_fu_6603_p2                   |     +    |      0|  0|  14|          10|           6|
    |tmp_484_fu_6614_p2                   |     +    |      0|  0|  14|          10|           6|
    |tmp_485_fu_6625_p2                   |     +    |      0|  0|  14|          10|           6|
    |tmp_486_fu_6636_p2                   |     +    |      0|  0|  14|          10|           6|
    |tmp_487_fu_6647_p2                   |     +    |      0|  0|  14|          10|           6|
    |tmp_488_fu_6658_p2                   |     +    |      0|  0|  14|          10|           6|
    |tmp_489_fu_6669_p2                   |     +    |      0|  0|  14|          10|           6|
    |tmp_490_fu_6680_p2                   |     +    |      0|  0|  14|          10|           6|
    |tmp_491_fu_6691_p2                   |     +    |      0|  0|  14|          10|           6|
    |ap_block_pp0_stage0_11001            |    and   |      0|  0|   2|           1|           1|
    |ap_block_pp0_stage10_11001           |    and   |      0|  0|   2|           1|           1|
    |ap_block_pp1_stage0_11001            |    and   |      0|  0|   2|           1|           1|
    |ap_block_pp1_stage10_11001           |    and   |      0|  0|   2|           1|           1|
    |ap_block_state100_pp1_stage46_iter0  |    and   |      0|  0|   2|           1|           1|
    |ap_block_state10_pp0_stage8_iter0    |    and   |      0|  0|   2|           1|           1|
    |inStream_V_data_V_0_load_A           |    and   |      0|  0|   2|           1|           1|
    |inStream_V_data_V_0_load_B           |    and   |      0|  0|   2|           1|           1|
    |inStream_V_dest_V_0_load_A           |    and   |      0|  0|   2|           1|           1|
    |inStream_V_dest_V_0_load_B           |    and   |      0|  0|   2|           1|           1|
    |inStream_V_id_V_0_load_A             |    and   |      0|  0|   2|           1|           1|
    |inStream_V_id_V_0_load_B             |    and   |      0|  0|   2|           1|           1|
    |inStream_V_keep_V_0_load_A           |    and   |      0|  0|   2|           1|           1|
    |inStream_V_keep_V_0_load_B           |    and   |      0|  0|   2|           1|           1|
    |inStream_V_strb_V_0_load_A           |    and   |      0|  0|   2|           1|           1|
    |inStream_V_strb_V_0_load_B           |    and   |      0|  0|   2|           1|           1|
    |inStream_V_user_V_0_load_A           |    and   |      0|  0|   2|           1|           1|
    |inStream_V_user_V_0_load_B           |    and   |      0|  0|   2|           1|           1|
    |outStream_V_data_V_1_load_A          |    and   |      0|  0|   2|           1|           1|
    |outStream_V_data_V_1_load_B          |    and   |      0|  0|   2|           1|           1|
    |outStream_V_dest_V_1_load_A          |    and   |      0|  0|   2|           1|           1|
    |outStream_V_dest_V_1_load_B          |    and   |      0|  0|   2|           1|           1|
    |outStream_V_id_V_1_load_A            |    and   |      0|  0|   2|           1|           1|
    |outStream_V_id_V_1_load_B            |    and   |      0|  0|   2|           1|           1|
    |outStream_V_keep_V_1_load_A          |    and   |      0|  0|   2|           1|           1|
    |outStream_V_keep_V_1_load_B          |    and   |      0|  0|   2|           1|           1|
    |outStream_V_last_V_1_load_A          |    and   |      0|  0|   2|           1|           1|
    |outStream_V_last_V_1_load_B          |    and   |      0|  0|   2|           1|           1|
    |outStream_V_strb_V_1_load_A          |    and   |      0|  0|   2|           1|           1|
    |outStream_V_strb_V_1_load_B          |    and   |      0|  0|   2|           1|           1|
    |outStream_V_user_V_1_load_A          |    and   |      0|  0|   2|           1|           1|
    |outStream_V_user_V_1_load_B          |    and   |      0|  0|   2|           1|           1|
    |exitcond1_fu_3420_p2                 |   icmp   |      0|  0|  11|           5|           5|
    |exitcond3_fu_4292_p2                 |   icmp   |      0|  0|  11|           5|           5|
    |exitcond4_fu_5098_p2                 |   icmp   |      0|  0|  11|           5|           5|
    |exitcond6_fu_5120_p2                 |   icmp   |      0|  0|  11|           5|           5|
    |exitcond7_fu_5165_p2                 |   icmp   |      0|  0|  11|           5|           5|
    |exitcond9_fu_6146_p2                 |   icmp   |      0|  0|  11|           5|           5|
    |exitcond_fu_6713_p2                  |   icmp   |      0|  0|  11|           5|           5|
    |inStream_V_data_V_0_state_cmp_full   |   icmp   |      0|  0|   8|           2|           1|
    |inStream_V_dest_V_0_state_cmp_full   |   icmp   |      0|  0|   8|           2|           1|
    |inStream_V_id_V_0_state_cmp_full     |   icmp   |      0|  0|   8|           2|           1|
    |inStream_V_keep_V_0_state_cmp_full   |   icmp   |      0|  0|   8|           2|           1|
    |inStream_V_strb_V_0_state_cmp_full   |   icmp   |      0|  0|   8|           2|           1|
    |inStream_V_user_V_0_state_cmp_full   |   icmp   |      0|  0|   8|           2|           1|
    |outStream_V_data_V_1_state_cmp_full  |   icmp   |      0|  0|   8|           2|           1|
    |outStream_V_dest_V_1_state_cmp_full  |   icmp   |      0|  0|   8|           2|           1|
    |outStream_V_id_V_1_state_cmp_full    |   icmp   |      0|  0|   8|           2|           1|
    |outStream_V_keep_V_1_state_cmp_full  |   icmp   |      0|  0|   8|           2|           1|
    |outStream_V_last_V_1_state_cmp_full  |   icmp   |      0|  0|   8|           2|           1|
    |outStream_V_strb_V_1_state_cmp_full  |   icmp   |      0|  0|   8|           2|           1|
    |outStream_V_user_V_1_state_cmp_full  |   icmp   |      0|  0|   8|           2|           1|
    |tmp_2_fu_5137_p2                     |   icmp   |      0|  0|  11|           5|           5|
    |tmp_3_fu_6135_p2                     |   icmp   |      0|  0|   8|           2|           1|
    |tmp_4_fu_3432_p2                     |   icmp   |      0|  0|  11|           5|           1|
    |tmp_fu_4283_p2                       |   icmp   |      0|  0|  18|          32|           1|
    |valOut_last_V_fu_6730_p2             |   icmp   |      0|  0|  11|           5|           5|
    |ap_block_state244                    |    or    |      0|  0|   2|           1|           1|
    |tmp_246_fu_4309_p2                   |    or    |      0|  0|  10|          10|           1|
    |tmp_295_fu_5182_p2                   |    or    |      0|  0|  10|          10|           1|
    |tmp_346_fu_5262_p2                   |    or    |      0|  0|  11|          11|           1|
    |tmp_443_fu_6163_p2                   |    or    |      0|  0|  10|          10|           1|
    |tmp_s_fu_3493_p2                     |    or    |      0|  0|  10|          10|           1|
    |ap_enable_pp0                        |    xor   |      0|  0|   2|           1|           2|
    |ap_enable_pp1                        |    xor   |      0|  0|   2|           1|           2|
    |ap_enable_pp2                        |    xor   |      0|  0|   2|           1|           2|
    |ap_enable_pp3                        |    xor   |      0|  0|   2|           1|           2|
    |ap_enable_reg_pp0_iter1              |    xor   |      0|  0|   2|           2|           1|
    |ap_enable_reg_pp1_iter1              |    xor   |      0|  0|   2|           2|           1|
    |ap_enable_reg_pp2_iter1              |    xor   |      0|  0|   2|           2|           1|
    |ap_enable_reg_pp3_iter1              |    xor   |      0|  0|   2|           2|           1|
    +-------------------------------------+----------+-------+---+----+------------+------------+
    |Total                                |          |      0|  0|3313|        2243|        1099|
    +-------------------------------------+----------+-------+---+----+------------+------------+

    * Multiplexer: 
    +------------------------------------+-----+-----------+-----+-----------+
    |                Name                | LUT | Input Size| Bits| Total Bits|
    +------------------------------------+-----+-----------+-----+-----------+
    |ap_NS_fsm                           |  917|        213|    1|        213|
    |ap_enable_reg_pp0_iter1             |   15|          3|    1|          3|
    |ap_enable_reg_pp1_iter1             |   15|          3|    1|          3|
    |ap_enable_reg_pp2_iter1             |   15|          3|    1|          3|
    |ap_enable_reg_pp3_iter1             |   15|          3|    1|          3|
    |ap_phi_mux_c_phi_fu_2968_p4         |    9|          2|    5|         10|
    |ap_phi_mux_i1_phi_fu_2899_p4        |    9|          2|    5|         10|
    |ap_phi_mux_i7_phi_fu_2945_p4        |    9|          2|    5|         10|
    |ap_phi_mux_i_phi_fu_2876_p4         |    9|          2|    5|         10|
    |ap_phi_mux_phi_mul2_phi_fu_2910_p4  |    9|          2|   10|         20|
    |ap_phi_mux_phi_mul4_phi_fu_2956_p4  |    9|          2|   10|         20|
    |ap_phi_mux_phi_mul6_phi_fu_2979_p4  |    9|          2|   10|         20|
    |ap_phi_mux_phi_mul_phi_fu_2887_p4   |    9|          2|   10|         20|
    |c_reg_2964                          |    9|          2|    5|         10|
    |centroids_address0                  |  449|        102|   10|       1020|
    |centroids_ce0                       |   15|          3|    1|          3|
    |centroids_ce1                       |    9|          2|    1|          2|
    |centroids_d0                        |  225|         52|   32|       1664|
    |grp_fu_3009_p0                      |   41|          8|   32|        256|
    |grp_fu_3009_p1                      |  141|         31|   32|        992|
    |grp_fu_3013_p0                      |   15|          3|   32|         96|
    |grp_fu_3013_p1                      |   15|          3|   32|         96|
    |grp_fu_3017_p0                      |  221|         51|   32|       1632|
    |grp_fu_3017_p1                      |   93|         19|   32|        608|
    |grp_fu_3021_p0                      |  145|         32|   32|       1024|
    |i1_reg_2895                         |    9|          2|    5|         10|
    |i5_reg_2918                         |    9|          2|    5|         10|
    |i6_reg_2929                         |    9|          2|    5|         10|
    |i7_reg_2941                         |    9|          2|    5|         10|
    |i_reg_2872                          |    9|          2|    5|         10|
    |idx_reg_2987                        |    9|          2|    5|         10|
    |inStream_TDATA_blk_n                |    9|          2|    1|          2|
    |inStream_V_data_V_0_data_out        |    9|          2|   32|         64|
    |inStream_V_data_V_0_state           |   15|          3|    2|          6|
    |inStream_V_dest_V_0_data_out        |    9|          2|    6|         12|
    |inStream_V_dest_V_0_state           |   15|          3|    2|          6|
    |inStream_V_id_V_0_data_out          |    9|          2|    5|         10|
    |inStream_V_id_V_0_state             |   15|          3|    2|          6|
    |inStream_V_keep_V_0_data_out        |    9|          2|    4|          8|
    |inStream_V_keep_V_0_state           |   15|          3|    2|          6|
    |inStream_V_strb_V_0_data_out        |    9|          2|    4|          8|
    |inStream_V_strb_V_0_state           |   15|          3|    2|          6|
    |inStream_V_user_V_0_data_out        |    9|          2|    2|          4|
    |inStream_V_user_V_0_state           |   15|          3|    2|          6|
    |new_centroids_address0              |  437|         99|   10|        990|
    |new_centroids_address1              |  445|        101|   10|       1010|
    |new_centroids_d0                    |   38|          7|   32|        224|
    |new_centroids_d1                    |   27|          5|   32|        160|
    |np_cluster_address0                 |   27|          5|    5|         25|
    |np_cluster_address1                 |   15|          3|    5|         15|
    |outStream_TDATA_blk_n               |    9|          2|    1|          2|
    |outStream_V_data_V_1_data_out       |    9|          2|   32|         64|
    |outStream_V_data_V_1_state          |   15|          3|    2|          6|
    |outStream_V_dest_V_1_data_out       |    9|          2|    6|         12|
    |outStream_V_dest_V_1_state          |   15|          3|    2|          6|
    |outStream_V_id_V_1_data_out         |    9|          2|    5|         10|
    |outStream_V_id_V_1_state            |   15|          3|    2|          6|
    |outStream_V_keep_V_1_data_out       |    9|          2|    4|          8|
    |outStream_V_keep_V_1_state          |   15|          3|    2|          6|
    |outStream_V_last_V_1_data_out       |    9|          2|    1|          2|
    |outStream_V_last_V_1_state          |   15|          3|    2|          6|
    |outStream_V_strb_V_1_data_out       |    9|          2|    4|          8|
    |outStream_V_strb_V_1_state          |   15|          3|    2|          6|
    |outStream_V_user_V_1_data_out       |    9|          2|    2|          4|
    |outStream_V_user_V_1_state          |   15|          3|    2|          6|
    |phi_mul2_reg_2906                   |    9|          2|   10|         20|
    |phi_mul4_reg_2952                   |    9|          2|   10|         20|
    |phi_mul6_reg_2975                   |    9|          2|   10|         20|
    |phi_mul_reg_2883                    |    9|          2|   10|         20|
    |points_address0                     |  341|         77|   10|        770|
    |points_address1                     |  125|         27|   10|        270|
    |points_ce0                          |   15|          3|    1|          3|
    |points_ce1                          |   15|          3|    1|          3|
    |points_d0                           |  221|         51|   32|       1632|
    |reg_3032                            |    9|          2|   32|         64|
    |reg_3038                            |    9|          2|   32|         64|
    |reg_3045                            |    9|          2|    5|         10|
    |reg_3055                            |    9|          2|   32|         64|
    |reg_3062                            |    9|          2|   32|         64|
    |reg_3069                            |    9|          2|   32|         64|
    |reg_3082                            |    9|          2|   32|         64|
    |reg_3088                            |    9|          2|    5|         10|
    |reg_3093                            |    9|          2|   32|         64|
    |reg_3112                            |    9|          2|   32|         64|
    |reg_3118                            |    9|          2|    5|         10|
    |reg_3123                            |    9|          2|   32|         64|
    |reg_3135                            |    9|          2|   32|         64|
    |reg_3141                            |    9|          2|    5|         10|
    |reg_3146                            |    9|          2|   32|         64|
    |reg_3158                            |    9|          2|   32|         64|
    |reg_3164                            |    9|          2|    5|         10|
    |reg_3169                            |    9|          2|   32|         64|
    |reg_3181                            |    9|          2|   32|         64|
    |reg_3187                            |    9|          2|    5|         10|
    |reg_3198                            |    9|          2|    5|         10|
    |reg_3203                            |    9|          2|    5|         10|
    |reg_3214                            |    9|          2|   32|         64|
    |reg_3220                            |    9|          2|    5|         10|
    |reg_3225                            |    9|          2|    5|         10|
    |reg_3236                            |    9|          2|    5|         10|
    |reg_3241                            |    9|          2|    5|         10|
    |reg_3246                            |    9|          2|   32|         64|
    |reg_3262                            |    9|          2|   32|         64|
    |reg_3273                            |    9|          2|   32|         64|
    |reg_3284                            |    9|          2|   32|         64|
    |reg_3295                            |    9|          2|   32|         64|
    |reg_3306                            |    9|          2|   32|         64|
    |reg_3317                            |    9|          2|   32|         64|
    |reg_3328                            |    9|          2|   32|         64|
    |reg_3339                            |    9|          2|   32|         64|
    |reg_3350                            |    9|          2|   32|         64|
    |results_address0                    |   33|          6|    7|         42|
    |results_address1                    |   27|          5|    7|         35|
    |results_d0                          |   15|          3|    5|         15|
    +------------------------------------+-----+-----------+-----+-----------+
    |Total                               | 4961|       1107| 1570|      15098|
    +------------------------------------+-----+-----------+-----+-----------+

    * Register: 
    +--------------------------------------+-----+----+-----+-----------+
    |                 Name                 |  FF | LUT| Bits| Const Bits|
    +--------------------------------------+-----+----+-----+-----------+
    |ap_CS_fsm                             |  212|   0|  212|          0|
    |ap_enable_reg_pp0_iter0               |    1|   0|    1|          0|
    |ap_enable_reg_pp0_iter1               |    1|   0|    1|          0|
    |ap_enable_reg_pp1_iter0               |    1|   0|    1|          0|
    |ap_enable_reg_pp1_iter1               |    1|   0|    1|          0|
    |ap_enable_reg_pp2_iter0               |    1|   0|    1|          0|
    |ap_enable_reg_pp2_iter1               |    1|   0|    1|          0|
    |ap_enable_reg_pp3_iter0               |    1|   0|    1|          0|
    |ap_enable_reg_pp3_iter1               |    1|   0|    1|          0|
    |c_1_reg_8010                          |    5|   0|    5|          0|
    |c_reg_2964                            |    5|   0|    5|          0|
    |end_fu_326                            |    1|   0|    2|          1|
    |exitcond1_reg_7208                    |    1|   0|    1|          0|
    |exitcond3_reg_7240                    |    1|   0|    1|          0|
    |exitcond7_reg_7296                    |    1|   0|    1|          0|
    |exitcond7_reg_7296_pp2_iter1_reg      |    1|   0|    1|          0|
    |exitcond9_reg_8006                    |    1|   0|    1|          0|
    |exitcond9_reg_8006_pp3_iter1_reg      |    1|   0|    1|          0|
    |gain_read_reg_7198                    |   32|   0|   32|          0|
    |grp_get_cluster_fu_2998_ap_start_reg  |    1|   0|    1|          0|
    |i1_reg_2895                           |    5|   0|    5|          0|
    |i5_reg_2918                           |    5|   0|    5|          0|
    |i6_reg_2929                           |    5|   0|    5|          0|
    |i7_reg_2941                           |    5|   0|    5|          0|
    |i_1_reg_7212                          |    5|   0|    5|          0|
    |i_3_reg_7244                          |    5|   0|    5|          0|
    |i_4_reg_7278                          |    5|   0|    5|          0|
    |i_5_reg_7300                          |    5|   0|    5|          0|
    |i_reg_2872                            |    5|   0|    5|          0|
    |idx_1_reg_8824                        |    5|   0|    5|          0|
    |idx_reg_2987                          |    5|   0|    5|          0|
    |inStream_V_data_V_0_payload_A         |   32|   0|   32|          0|
    |inStream_V_data_V_0_payload_B         |   32|   0|   32|          0|
    |inStream_V_data_V_0_sel_rd            |    1|   0|    1|          0|
    |inStream_V_data_V_0_sel_wr            |    1|   0|    1|          0|
    |inStream_V_data_V_0_state             |    2|   0|    2|          0|
    |inStream_V_dest_V_0_payload_A         |    6|   0|    6|          0|
    |inStream_V_dest_V_0_payload_B         |    6|   0|    6|          0|
    |inStream_V_dest_V_0_sel_rd            |    1|   0|    1|          0|
    |inStream_V_dest_V_0_sel_wr            |    1|   0|    1|          0|
    |inStream_V_dest_V_0_state             |    2|   0|    2|          0|
    |inStream_V_id_V_0_payload_A           |    5|   0|    5|          0|
    |inStream_V_id_V_0_payload_B           |    5|   0|    5|          0|
    |inStream_V_id_V_0_sel_rd              |    1|   0|    1|          0|
    |inStream_V_id_V_0_sel_wr              |    1|   0|    1|          0|
    |inStream_V_id_V_0_state               |    2|   0|    2|          0|
    |inStream_V_keep_V_0_payload_A         |    4|   0|    4|          0|
    |inStream_V_keep_V_0_payload_B         |    4|   0|    4|          0|
    |inStream_V_keep_V_0_sel_rd            |    1|   0|    1|          0|
    |inStream_V_keep_V_0_sel_wr            |    1|   0|    1|          0|
    |inStream_V_keep_V_0_state             |    2|   0|    2|          0|
    |inStream_V_strb_V_0_payload_A         |    4|   0|    4|          0|
    |inStream_V_strb_V_0_payload_B         |    4|   0|    4|          0|
    |inStream_V_strb_V_0_sel_rd            |    1|   0|    1|          0|
    |inStream_V_strb_V_0_sel_wr            |    1|   0|    1|          0|
    |inStream_V_strb_V_0_state             |    2|   0|    2|          0|
    |inStream_V_user_V_0_payload_A         |    2|   0|    2|          0|
    |inStream_V_user_V_0_payload_B         |    2|   0|    2|          0|
    |inStream_V_user_V_0_sel_rd            |    1|   0|    1|          0|
    |inStream_V_user_V_0_sel_wr            |    1|   0|    1|          0|
    |inStream_V_user_V_0_state             |    2|   0|    2|          0|
    |new_centroids_addr_10_reg_7484        |   10|   0|   10|          0|
    |new_centroids_addr_11_reg_7500        |   10|   0|   10|          0|
    |new_centroids_addr_12_reg_7521        |   10|   0|   10|          0|
    |new_centroids_addr_13_reg_7542        |   10|   0|   10|          0|
    |new_centroids_addr_14_reg_7563        |   10|   0|   10|          0|
    |new_centroids_addr_15_reg_7589        |   10|   0|   10|          0|
    |new_centroids_addr_16_reg_7615        |   10|   0|   10|          0|
    |new_centroids_addr_17_reg_7641        |   10|   0|   10|          0|
    |new_centroids_addr_18_reg_7667        |   10|   0|   10|          0|
    |new_centroids_addr_19_reg_7693        |   10|   0|   10|          0|
    |new_centroids_addr_1_reg_7346         |    9|   0|   10|          1|
    |new_centroids_addr_20_reg_7719        |   10|   0|   10|          0|
    |new_centroids_addr_21_reg_7745        |   10|   0|   10|          0|
    |new_centroids_addr_22_reg_7771        |   10|   0|   10|          0|
    |new_centroids_addr_23_reg_7797        |   10|   0|   10|          0|
    |new_centroids_addr_24_reg_7823        |   10|   0|   10|          0|
    |new_centroids_addr_25_reg_7839        |   10|   0|   10|          0|
    |new_centroids_addr_26_reg_7855        |   10|   0|   10|          0|
    |new_centroids_addr_27_reg_7861        |   10|   0|   10|          0|
    |new_centroids_addr_28_reg_7867        |   10|   0|   10|          0|
    |new_centroids_addr_29_reg_7873        |   10|   0|   10|          0|
    |new_centroids_addr_2_reg_7352         |   10|   0|   10|          0|
    |new_centroids_addr_30_reg_7879        |   10|   0|   10|          0|
    |new_centroids_addr_31_reg_7885        |   10|   0|   10|          0|
    |new_centroids_addr_32_reg_7891        |   10|   0|   10|          0|
    |new_centroids_addr_33_reg_7897        |   10|   0|   10|          0|
    |new_centroids_addr_34_reg_7903        |   10|   0|   10|          0|
    |new_centroids_addr_35_reg_7909        |   10|   0|   10|          0|
    |new_centroids_addr_36_reg_7915        |   10|   0|   10|          0|
    |new_centroids_addr_37_reg_7921        |   10|   0|   10|          0|
    |new_centroids_addr_38_reg_7927        |   10|   0|   10|          0|
    |new_centroids_addr_39_reg_7933        |   10|   0|   10|          0|
    |new_centroids_addr_3_reg_7367         |   10|   0|   10|          0|
    |new_centroids_addr_40_reg_7939        |   10|   0|   10|          0|
    |new_centroids_addr_41_reg_7945        |   10|   0|   10|          0|
    |new_centroids_addr_42_reg_7951        |   10|   0|   10|          0|
    |new_centroids_addr_43_reg_7956        |   10|   0|   10|          0|
    |new_centroids_addr_44_reg_7962        |   10|   0|   10|          0|
    |new_centroids_addr_45_reg_7967        |   10|   0|   10|          0|
    |new_centroids_addr_46_reg_7972        |   10|   0|   10|          0|
    |new_centroids_addr_47_reg_7977        |   10|   0|   10|          0|
    |new_centroids_addr_48_reg_7982        |   10|   0|   10|          0|
    |new_centroids_addr_49_reg_7992        |   10|   0|   10|          0|
    |new_centroids_addr_4_reg_7383         |   10|   0|   10|          0|
    |new_centroids_addr_50_reg_8020        |   10|   0|   10|          0|
    |new_centroids_addr_51_reg_8025        |    9|   0|   10|          1|
    |new_centroids_addr_52_reg_8046        |   10|   0|   10|          0|
    |new_centroids_addr_53_reg_8051        |   10|   0|   10|          0|
    |new_centroids_addr_54_reg_8066        |   10|   0|   10|          0|
    |new_centroids_addr_55_reg_8071        |   10|   0|   10|          0|
    |new_centroids_addr_56_reg_8086        |   10|   0|   10|          0|
    |new_centroids_addr_57_reg_8091        |   10|   0|   10|          0|
    |new_centroids_addr_58_reg_8106        |   10|   0|   10|          0|
    |new_centroids_addr_59_reg_8111        |   10|   0|   10|          0|
    |new_centroids_addr_5_reg_7398         |   10|   0|   10|          0|
    |new_centroids_addr_60_reg_8131        |   10|   0|   10|          0|
    |new_centroids_addr_61_reg_8136        |   10|   0|   10|          0|
    |new_centroids_addr_62_reg_8161        |   10|   0|   10|          0|
    |new_centroids_addr_63_reg_8166        |   10|   0|   10|          0|
    |new_centroids_addr_64_reg_8191        |   10|   0|   10|          0|
    |new_centroids_addr_65_reg_8196        |   10|   0|   10|          0|
    |new_centroids_addr_66_reg_8221        |   10|   0|   10|          0|
    |new_centroids_addr_67_reg_8226        |   10|   0|   10|          0|
    |new_centroids_addr_68_reg_8251        |   10|   0|   10|          0|
    |new_centroids_addr_69_reg_8256        |   10|   0|   10|          0|
    |new_centroids_addr_6_reg_7413         |   10|   0|   10|          0|
    |new_centroids_addr_70_reg_8281        |   10|   0|   10|          0|
    |new_centroids_addr_71_reg_8286        |   10|   0|   10|          0|
    |new_centroids_addr_72_reg_8311        |   10|   0|   10|          0|
    |new_centroids_addr_73_reg_8316        |   10|   0|   10|          0|
    |new_centroids_addr_74_reg_8346        |   10|   0|   10|          0|
    |new_centroids_addr_75_reg_8351        |   10|   0|   10|          0|
    |new_centroids_addr_76_reg_8381        |   10|   0|   10|          0|
    |new_centroids_addr_77_reg_8386        |   10|   0|   10|          0|
    |new_centroids_addr_78_reg_8416        |   10|   0|   10|          0|
    |new_centroids_addr_79_reg_8421        |   10|   0|   10|          0|
    |new_centroids_addr_7_reg_7428         |   10|   0|   10|          0|
    |new_centroids_addr_80_reg_8451        |   10|   0|   10|          0|
    |new_centroids_addr_81_reg_8456        |   10|   0|   10|          0|
    |new_centroids_addr_82_reg_8486        |   10|   0|   10|          0|
    |new_centroids_addr_83_reg_8491        |   10|   0|   10|          0|
    |new_centroids_addr_84_reg_8521        |   10|   0|   10|          0|
    |new_centroids_addr_85_reg_8526        |   10|   0|   10|          0|
    |new_centroids_addr_86_reg_8556        |   10|   0|   10|          0|
    |new_centroids_addr_87_reg_8561        |   10|   0|   10|          0|
    |new_centroids_addr_88_reg_8591        |   10|   0|   10|          0|
    |new_centroids_addr_89_reg_8596        |   10|   0|   10|          0|
    |new_centroids_addr_8_reg_7448         |   10|   0|   10|          0|
    |new_centroids_addr_90_reg_8626        |   10|   0|   10|          0|
    |new_centroids_addr_91_reg_8631        |   10|   0|   10|          0|
    |new_centroids_addr_92_reg_8661        |   10|   0|   10|          0|
    |new_centroids_addr_93_reg_8666        |   10|   0|   10|          0|
    |new_centroids_addr_94_reg_8696        |   10|   0|   10|          0|
    |new_centroids_addr_95_reg_8701        |   10|   0|   10|          0|
    |new_centroids_addr_96_reg_8731        |   10|   0|   10|          0|
    |new_centroids_addr_97_reg_8736        |   10|   0|   10|          0|
    |new_centroids_addr_98_reg_8766        |   10|   0|   10|          0|
    |new_centroids_addr_99_reg_8771        |   10|   0|   10|          0|
    |new_centroids_addr_9_reg_7468         |   10|   0|   10|          0|
    |new_centroids_addr_reg_7331           |    9|   0|   10|          1|
    |new_centroids_load_57_reg_8116        |   32|   0|   32|          0|
    |new_centroids_load_58_reg_8141        |   32|   0|   32|          0|
    |new_centroids_load_59_reg_8146        |   32|   0|   32|          0|
    |new_centroids_load_60_reg_8171        |   32|   0|   32|          0|
    |new_centroids_load_61_reg_8176        |   32|   0|   32|          0|
    |new_centroids_load_62_reg_8201        |   32|   0|   32|          0|
    |new_centroids_load_63_reg_8206        |   32|   0|   32|          0|
    |new_centroids_load_64_reg_8231        |   32|   0|   32|          0|
    |new_centroids_load_65_reg_8236        |   32|   0|   32|          0|
    |new_centroids_load_66_reg_8261        |   32|   0|   32|          0|
    |new_centroids_load_67_reg_8266        |   32|   0|   32|          0|
    |new_centroids_load_68_reg_8291        |   32|   0|   32|          0|
    |new_centroids_load_69_reg_8296        |   32|   0|   32|          0|
    |new_centroids_load_70_reg_8321        |   32|   0|   32|          0|
    |new_centroids_load_71_reg_8326        |   32|   0|   32|          0|
    |new_centroids_load_72_reg_8356        |   32|   0|   32|          0|
    |new_centroids_load_73_reg_8361        |   32|   0|   32|          0|
    |new_centroids_load_74_reg_8391        |   32|   0|   32|          0|
    |new_centroids_load_75_reg_8396        |   32|   0|   32|          0|
    |new_centroids_load_76_reg_8426        |   32|   0|   32|          0|
    |new_centroids_load_77_reg_8431        |   32|   0|   32|          0|
    |new_centroids_load_78_reg_8461        |   32|   0|   32|          0|
    |new_centroids_load_79_reg_8466        |   32|   0|   32|          0|
    |new_centroids_load_80_reg_8496        |   32|   0|   32|          0|
    |new_centroids_load_81_reg_8501        |   32|   0|   32|          0|
    |new_centroids_load_82_reg_8531        |   32|   0|   32|          0|
    |new_centroids_load_83_reg_8536        |   32|   0|   32|          0|
    |new_centroids_load_84_reg_8566        |   32|   0|   32|          0|
    |new_centroids_load_85_reg_8571        |   32|   0|   32|          0|
    |new_centroids_load_86_reg_8601        |   32|   0|   32|          0|
    |new_centroids_load_87_reg_8606        |   32|   0|   32|          0|
    |new_centroids_load_88_reg_8636        |   32|   0|   32|          0|
    |new_centroids_load_89_reg_8641        |   32|   0|   32|          0|
    |new_centroids_load_90_reg_8671        |   32|   0|   32|          0|
    |new_centroids_load_91_reg_8676        |   32|   0|   32|          0|
    |new_centroids_load_92_reg_8706        |   32|   0|   32|          0|
    |new_centroids_load_93_reg_8711        |   32|   0|   32|          0|
    |new_centroids_load_94_reg_8741        |   32|   0|   32|          0|
    |new_centroids_load_95_reg_8746        |   32|   0|   32|          0|
    |new_centroids_load_96_reg_8776        |   32|   0|   32|          0|
    |new_centroids_load_97_reg_8781        |   32|   0|   32|          0|
    |new_centroids_load_98_reg_8791        |   32|   0|   32|          0|
    |new_centroids_load_99_reg_8796        |   32|   0|   32|          0|
    |next_mul3_reg_7249                    |   10|   0|   10|          0|
    |next_mul5_reg_7987                    |   10|   0|   10|          0|
    |next_mul7_reg_8806                    |   10|   0|   10|          0|
    |next_mul_reg_7221                     |   10|   0|   10|          0|
    |np_cluster_addr_1_reg_8030            |    5|   0|    5|          0|
    |np_cluster_addr_reg_7291              |    5|   0|    5|          0|
    |np_cluster_load_22_reg_8331           |   32|   0|   32|          0|
    |np_cluster_load_24_reg_8366           |   32|   0|   32|          0|
    |np_cluster_load_26_reg_8401           |   32|   0|   32|          0|
    |np_cluster_load_28_reg_8436           |   32|   0|   32|          0|
    |np_cluster_load_30_reg_8471           |   32|   0|   32|          0|
    |np_cluster_load_32_reg_8506           |   32|   0|   32|          0|
    |np_cluster_load_34_reg_8541           |   32|   0|   32|          0|
    |np_cluster_load_36_reg_8576           |   32|   0|   32|          0|
    |np_cluster_load_38_reg_8611           |   32|   0|   32|          0|
    |np_cluster_load_40_reg_8646           |   32|   0|   32|          0|
    |np_cluster_load_42_reg_8681           |   32|   0|   32|          0|
    |np_cluster_load_44_reg_8716           |   32|   0|   32|          0|
    |np_cluster_load_46_reg_8751           |   32|   0|   32|          0|
    |np_cluster_load_48_reg_8786           |   32|   0|   32|          0|
    |np_cluster_load_50_reg_8801           |   32|   0|   32|          0|
    |outStream_V_data_V_1_payload_A        |   32|   0|   32|          0|
    |outStream_V_data_V_1_payload_B        |   32|   0|   32|          0|
    |outStream_V_data_V_1_sel_rd           |    1|   0|    1|          0|
    |outStream_V_data_V_1_sel_wr           |    1|   0|    1|          0|
    |outStream_V_data_V_1_state            |    2|   0|    2|          0|
    |outStream_V_dest_V_1_payload_A        |    6|   0|    6|          0|
    |outStream_V_dest_V_1_payload_B        |    6|   0|    6|          0|
    |outStream_V_dest_V_1_sel_rd           |    1|   0|    1|          0|
    |outStream_V_dest_V_1_sel_wr           |    1|   0|    1|          0|
    |outStream_V_dest_V_1_state            |    2|   0|    2|          0|
    |outStream_V_id_V_1_payload_A          |    5|   0|    5|          0|
    |outStream_V_id_V_1_payload_B          |    5|   0|    5|          0|
    |outStream_V_id_V_1_sel_rd             |    1|   0|    1|          0|
    |outStream_V_id_V_1_sel_wr             |    1|   0|    1|          0|
    |outStream_V_id_V_1_state              |    2|   0|    2|          0|
    |outStream_V_keep_V_1_payload_A        |    4|   0|    4|          0|
    |outStream_V_keep_V_1_payload_B        |    4|   0|    4|          0|
    |outStream_V_keep_V_1_sel_rd           |    1|   0|    1|          0|
    |outStream_V_keep_V_1_sel_wr           |    1|   0|    1|          0|
    |outStream_V_keep_V_1_state            |    2|   0|    2|          0|
    |outStream_V_last_V_1_payload_A        |    1|   0|    1|          0|
    |outStream_V_last_V_1_payload_B        |    1|   0|    1|          0|
    |outStream_V_last_V_1_sel_rd           |    1|   0|    1|          0|
    |outStream_V_last_V_1_sel_wr           |    1|   0|    1|          0|
    |outStream_V_last_V_1_state            |    2|   0|    2|          0|
    |outStream_V_strb_V_1_payload_A        |    4|   0|    4|          0|
    |outStream_V_strb_V_1_payload_B        |    4|   0|    4|          0|
    |outStream_V_strb_V_1_sel_rd           |    1|   0|    1|          0|
    |outStream_V_strb_V_1_sel_wr           |    1|   0|    1|          0|
    |outStream_V_strb_V_1_state            |    2|   0|    2|          0|
    |outStream_V_user_V_1_payload_A        |    2|   0|    2|          0|
    |outStream_V_user_V_1_payload_B        |    2|   0|    2|          0|
    |outStream_V_user_V_1_sel_rd           |    1|   0|    1|          0|
    |outStream_V_user_V_1_sel_wr           |    1|   0|    1|          0|
    |outStream_V_user_V_1_state            |    2|   0|    2|          0|
    |phi_mul2_cast_reg_7235                |   10|   0|   64|         54|
    |phi_mul2_reg_2906                     |   10|   0|   10|          0|
    |phi_mul4_reg_2952                     |   10|   0|   10|          0|
    |phi_mul6_cast_reg_8001                |   10|   0|   64|         54|
    |phi_mul6_reg_2975                     |   10|   0|   10|          0|
    |phi_mul_cast_reg_7203                 |   10|   0|   64|         54|
    |phi_mul_reg_2883                      |   10|   0|   10|          0|
    |points_addr_49_reg_7226               |   10|   0|   10|          0|
    |points_load_21_reg_7506               |   32|   0|   32|          0|
    |points_load_23_reg_7527               |   32|   0|   32|          0|
    |points_load_25_reg_7548               |   32|   0|   32|          0|
    |points_load_27_reg_7569               |   32|   0|   32|          0|
    |points_load_29_reg_7595               |   32|   0|   32|          0|
    |points_load_31_reg_7621               |   32|   0|   32|          0|
    |points_load_33_reg_7647               |   32|   0|   32|          0|
    |points_load_35_reg_7673               |   32|   0|   32|          0|
    |points_load_37_reg_7699               |   32|   0|   32|          0|
    |points_load_39_reg_7725               |   32|   0|   32|          0|
    |points_load_41_reg_7751               |   32|   0|   32|          0|
    |points_load_43_reg_7777               |   32|   0|   32|          0|
    |points_load_45_reg_7803               |   32|   0|   32|          0|
    |points_load_47_reg_7829               |   32|   0|   32|          0|
    |points_load_49_reg_7845               |   32|   0|   32|          0|
    |reg_3032                              |   32|   0|   32|          0|
    |reg_3038                              |   32|   0|   32|          0|
    |reg_3045                              |    5|   0|    5|          0|
    |reg_3050                              |   32|   0|   32|          0|
    |reg_3055                              |   32|   0|   32|          0|
    |reg_3062                              |   32|   0|   32|          0|
    |reg_3069                              |   32|   0|   32|          0|
    |reg_3077                              |   32|   0|   32|          0|
    |reg_3082                              |   32|   0|   32|          0|
    |reg_3088                              |    5|   0|    5|          0|
    |reg_3093                              |   32|   0|   32|          0|
    |reg_3100                              |   32|   0|   32|          0|
    |reg_3107                              |   32|   0|   32|          0|
    |reg_3112                              |   32|   0|   32|          0|
    |reg_3118                              |    5|   0|    5|          0|
    |reg_3123                              |   32|   0|   32|          0|
    |reg_3130                              |   32|   0|   32|          0|
    |reg_3135                              |   32|   0|   32|          0|
    |reg_3141                              |    5|   0|    5|          0|
    |reg_3146                              |   32|   0|   32|          0|
    |reg_3153                              |   32|   0|   32|          0|
    |reg_3158                              |   32|   0|   32|          0|
    |reg_3164                              |    5|   0|    5|          0|
    |reg_3169                              |   32|   0|   32|          0|
    |reg_3176                              |   32|   0|   32|          0|
    |reg_3181                              |   32|   0|   32|          0|
    |reg_3187                              |    5|   0|    5|          0|
    |reg_3192                              |   32|   0|   32|          0|
    |reg_3198                              |    5|   0|    5|          0|
    |reg_3203                              |    5|   0|    5|          0|
    |reg_3208                              |   32|   0|   32|          0|
    |reg_3214                              |   32|   0|   32|          0|
    |reg_3220                              |    5|   0|    5|          0|
    |reg_3225                              |    5|   0|    5|          0|
    |reg_3230                              |   32|   0|   32|          0|
    |reg_3236                              |    5|   0|    5|          0|
    |reg_3241                              |    5|   0|    5|          0|
    |reg_3246                              |   32|   0|   32|          0|
    |reg_3252                              |   32|   0|   32|          0|
    |reg_3257                              |   32|   0|   32|          0|
    |reg_3262                              |   32|   0|   32|          0|
    |reg_3268                              |   32|   0|   32|          0|
    |reg_3273                              |   32|   0|   32|          0|
    |reg_3279                              |   32|   0|   32|          0|
    |reg_3284                              |   32|   0|   32|          0|
    |reg_3290                              |   32|   0|   32|          0|
    |reg_3295                              |   32|   0|   32|          0|
    |reg_3301                              |   32|   0|   32|          0|
    |reg_3306                              |   32|   0|   32|          0|
    |reg_3312                              |   32|   0|   32|          0|
    |reg_3317                              |   32|   0|   32|          0|
    |reg_3323                              |   32|   0|   32|          0|
    |reg_3328                              |   32|   0|   32|          0|
    |reg_3334                              |   32|   0|   32|          0|
    |reg_3339                              |   32|   0|   32|          0|
    |reg_3345                              |   32|   0|   32|          0|
    |reg_3350                              |   32|   0|   32|          0|
    |reg_3356                              |   32|   0|   32|          0|
    |reg_3361                              |   32|   0|   32|          0|
    |reg_3366                              |   32|   0|   32|          0|
    |reg_3371                              |   32|   0|   32|          0|
    |reg_3376                              |   32|   0|   32|          0|
    |reg_3381                              |   32|   0|   32|          0|
    |reg_3386                              |   32|   0|   32|          0|
    |reg_3391                              |   32|   0|   32|          0|
    |reg_3396                              |   32|   0|   32|          0|
    |reg_3401                              |   32|   0|   32|          0|
    |reg_3406                              |   32|   0|   32|          0|
    |reg_3411                              |   32|   0|   32|          0|
    |results_addr_1_reg_7283               |    5|   0|    7|          2|
    |results_addr_2_reg_7315               |    5|   0|    7|          2|
    |results_load_28_reg_7574              |    5|   0|    5|          0|
    |results_load_30_reg_7600              |    5|   0|    5|          0|
    |results_load_32_reg_7626              |    5|   0|    5|          0|
    |results_load_34_reg_7652              |    5|   0|    5|          0|
    |results_load_36_reg_7678              |    5|   0|    5|          0|
    |results_load_38_reg_7704              |    5|   0|    5|          0|
    |results_load_40_reg_7730              |    5|   0|    5|          0|
    |results_load_42_reg_7756              |    5|   0|    5|          0|
    |results_load_44_reg_7782              |    5|   0|    5|          0|
    |results_load_46_reg_7808              |    5|   0|    5|          0|
    |results_load_48_reg_7834              |    5|   0|    5|          0|
    |results_load_50_reg_7850              |    5|   0|    5|          0|
    |tmp_17_1_reg_7443                     |   32|   0|   32|          0|
    |tmp_17_3_reg_7463                     |   32|   0|   32|          0|
    |tmp_20_47_reg_8811                    |   32|   0|   32|          0|
    |tmp_20_48_reg_8816                    |   32|   0|   32|          0|
    |tmp_294_reg_7254                      |   10|   0|   10|          0|
    |tmp_487_cast_reg_8015                 |    9|   0|   64|         55|
    |tmp_488_cast_reg_8036                 |   10|   0|   64|         54|
    |tmp_489_cast_reg_8041                 |   10|   0|   64|         54|
    |tmp_490_cast_reg_8056                 |   10|   0|   64|         54|
    |tmp_491_cast_reg_8061                 |   10|   0|   64|         54|
    |tmp_492_cast_reg_8076                 |   10|   0|   64|         54|
    |tmp_493_cast_reg_8081                 |   10|   0|   64|         54|
    |tmp_494_cast_reg_8096                 |   10|   0|   64|         54|
    |tmp_495_cast_reg_8101                 |   10|   0|   64|         54|
    |tmp_496_cast_reg_8121                 |   10|   0|   64|         54|
    |tmp_497_cast_reg_8126                 |   10|   0|   64|         54|
    |tmp_498_cast_reg_8151                 |   10|   0|   64|         54|
    |tmp_499_cast_reg_8156                 |   10|   0|   64|         54|
    |tmp_4_reg_7217                        |    1|   0|    1|          0|
    |tmp_500_cast_reg_8181                 |   10|   0|   64|         54|
    |tmp_501_cast_reg_8186                 |   10|   0|   64|         54|
    |tmp_502_cast_reg_8211                 |   10|   0|   64|         54|
    |tmp_503_cast_reg_8216                 |   10|   0|   64|         54|
    |tmp_504_cast_reg_8241                 |   10|   0|   64|         54|
    |tmp_505_cast_reg_8246                 |   10|   0|   64|         54|
    |tmp_506_cast_reg_8271                 |   10|   0|   64|         54|
    |tmp_507_cast_reg_8276                 |   10|   0|   64|         54|
    |tmp_508_cast_reg_8301                 |   10|   0|   64|         54|
    |tmp_509_cast_reg_8306                 |   10|   0|   64|         54|
    |tmp_510_cast_reg_8336                 |   10|   0|   64|         54|
    |tmp_511_cast_reg_8341                 |   10|   0|   64|         54|
    |tmp_512_cast_reg_8371                 |   10|   0|   64|         54|
    |tmp_513_cast_reg_8376                 |   10|   0|   64|         54|
    |tmp_514_cast_reg_8406                 |   10|   0|   64|         54|
    |tmp_515_cast_reg_8411                 |   10|   0|   64|         54|
    |tmp_516_cast_reg_8441                 |   10|   0|   64|         54|
    |tmp_517_cast_reg_8446                 |   10|   0|   64|         54|
    |tmp_518_cast_reg_8476                 |   10|   0|   64|         54|
    |tmp_519_cast_reg_8481                 |   10|   0|   64|         54|
    |tmp_520_cast_reg_8511                 |   10|   0|   64|         54|
    |tmp_521_cast_reg_8516                 |   10|   0|   64|         54|
    |tmp_522_cast_reg_8546                 |   10|   0|   64|         54|
    |tmp_523_cast_reg_8551                 |   10|   0|   64|         54|
    |tmp_524_cast_reg_8581                 |   10|   0|   64|         54|
    |tmp_525_cast_reg_8586                 |   10|   0|   64|         54|
    |tmp_526_cast_reg_8616                 |   10|   0|   64|         54|
    |tmp_527_cast_reg_8621                 |   10|   0|   64|         54|
    |tmp_528_cast_reg_8651                 |   10|   0|   64|         54|
    |tmp_529_cast_reg_8656                 |   10|   0|   64|         54|
    |tmp_530_cast_reg_8686                 |   10|   0|   64|         54|
    |tmp_531_cast_reg_8691                 |   10|   0|   64|         54|
    |tmp_532_cast_reg_8721                 |   10|   0|   64|         54|
    |tmp_533_cast_reg_8726                 |   10|   0|   64|         54|
    |tmp_534_cast_reg_8756                 |   10|   0|   64|         54|
    |tmp_535_cast_reg_8761                 |   10|   0|   64|         54|
    |tmp_reg_7231                          |    1|   0|    1|          0|
    |valOut_last_V_reg_8834                |    1|   0|    1|          0|
    |valref_dest_V                         |    6|   0|    6|          0|
    |valref_id_V                           |    5|   0|    5|          0|
    |valref_keep_V                         |    4|   0|    4|          0|
    |valref_strb_V                         |    4|   0|    4|          0|
    |valref_user_V                         |    2|   0|    2|          0|
    +--------------------------------------+-----+----+-----+-----------+
    |Total                                 | 6659|   0| 9476|       2817|
    +--------------------------------------+-----+----+-----+-----------+



================================================================
== Interface
================================================================
* Summary: 
+------------------------+-----+-----+------------+--------------------+--------------+
|        RTL Ports       | Dir | Bits|  Protocol  |    Source Object   |    C Type    |
+------------------------+-----+-----+------------+--------------------+--------------+
|s_axi_CRTL_BUS_AWVALID  |  in |    1|    s_axi   |      CRTL_BUS      |    scalar    |
|s_axi_CRTL_BUS_AWREADY  | out |    1|    s_axi   |      CRTL_BUS      |    scalar    |
|s_axi_CRTL_BUS_AWADDR   |  in |    5|    s_axi   |      CRTL_BUS      |    scalar    |
|s_axi_CRTL_BUS_WVALID   |  in |    1|    s_axi   |      CRTL_BUS      |    scalar    |
|s_axi_CRTL_BUS_WREADY   | out |    1|    s_axi   |      CRTL_BUS      |    scalar    |
|s_axi_CRTL_BUS_WDATA    |  in |   32|    s_axi   |      CRTL_BUS      |    scalar    |
|s_axi_CRTL_BUS_WSTRB    |  in |    4|    s_axi   |      CRTL_BUS      |    scalar    |
|s_axi_CRTL_BUS_ARVALID  |  in |    1|    s_axi   |      CRTL_BUS      |    scalar    |
|s_axi_CRTL_BUS_ARREADY  | out |    1|    s_axi   |      CRTL_BUS      |    scalar    |
|s_axi_CRTL_BUS_ARADDR   |  in |    5|    s_axi   |      CRTL_BUS      |    scalar    |
|s_axi_CRTL_BUS_RVALID   | out |    1|    s_axi   |      CRTL_BUS      |    scalar    |
|s_axi_CRTL_BUS_RREADY   |  in |    1|    s_axi   |      CRTL_BUS      |    scalar    |
|s_axi_CRTL_BUS_RDATA    | out |   32|    s_axi   |      CRTL_BUS      |    scalar    |
|s_axi_CRTL_BUS_RRESP    | out |    2|    s_axi   |      CRTL_BUS      |    scalar    |
|s_axi_CRTL_BUS_BVALID   | out |    1|    s_axi   |      CRTL_BUS      |    scalar    |
|s_axi_CRTL_BUS_BREADY   |  in |    1|    s_axi   |      CRTL_BUS      |    scalar    |
|s_axi_CRTL_BUS_BRESP    | out |    2|    s_axi   |      CRTL_BUS      |    scalar    |
|ap_clk                  |  in |    1| ap_ctrl_hs |       doKmean      | return value |
|ap_rst_n                |  in |    1| ap_ctrl_hs |       doKmean      | return value |
|interrupt               | out |    1| ap_ctrl_hs |       doKmean      | return value |
|inStream_TDATA          |  in |   32|    axis    |  inStream_V_data_V |    pointer   |
|inStream_TVALID         |  in |    1|    axis    |  inStream_V_dest_V |    pointer   |
|inStream_TREADY         | out |    1|    axis    |  inStream_V_dest_V |    pointer   |
|inStream_TDEST          |  in |    6|    axis    |  inStream_V_dest_V |    pointer   |
|inStream_TKEEP          |  in |    4|    axis    |  inStream_V_keep_V |    pointer   |
|inStream_TSTRB          |  in |    4|    axis    |  inStream_V_strb_V |    pointer   |
|inStream_TUSER          |  in |    2|    axis    |  inStream_V_user_V |    pointer   |
|inStream_TLAST          |  in |    1|    axis    |  inStream_V_last_V |    pointer   |
|inStream_TID            |  in |    5|    axis    |   inStream_V_id_V  |    pointer   |
|outStream_TDATA         | out |   32|    axis    | outStream_V_data_V |    pointer   |
|outStream_TVALID        | out |    1|    axis    | outStream_V_dest_V |    pointer   |
|outStream_TREADY        |  in |    1|    axis    | outStream_V_dest_V |    pointer   |
|outStream_TDEST         | out |    6|    axis    | outStream_V_dest_V |    pointer   |
|outStream_TKEEP         | out |    4|    axis    | outStream_V_keep_V |    pointer   |
|outStream_TSTRB         | out |    4|    axis    | outStream_V_strb_V |    pointer   |
|outStream_TUSER         | out |    2|    axis    | outStream_V_user_V |    pointer   |
|outStream_TLAST         | out |    1|    axis    | outStream_V_last_V |    pointer   |
|outStream_TID           | out |    5|    axis    |  outStream_V_id_V  |    pointer   |
+------------------------+-----+-----+------------+--------------------+--------------+

