

================================================================
== Vivado HLS Report for 'get_cluster'
================================================================
* Date:           Thu Nov 29 15:34:51 2018

* Version:        2018.2 (Build 2258646 on Thu Jun 14 20:25:20 MDT 2018)
* Project:        kmeans
* Solution:       opti
* Product family: zynq
* Target device:  xc7z020clg484-1


================================================================
== Performance Estimates
================================================================
+ Timing (ns): 
    * Summary: 
    +--------+-------+----------+------------+
    |  Clock | Target| Estimated| Uncertainty|
    +--------+-------+----------+------------+
    |ap_clk  |  10.00|    10.455|        1.25|
    +--------+-------+----------+------------+

+ Latency (clock cycles): 
    * Summary: 
    +------+------+------+------+---------+
    |   Latency   |   Interval  | Pipeline|
    |  min |  max |  min |  max |   Type  |
    +------+------+------+------+---------+
    |  1028|  1028|  1028|  1028|   none  |
    +------+------+------+------+---------+

    + Detail: 
        * Instance: 
        N/A

        * Loop: 
        N/A



================================================================
== Utilization Estimates
================================================================
* Summary: 
+-----------------+---------+-------+--------+-------+
|       Name      | BRAM_18K| DSP48E|   FF   |  LUT  |
+-----------------+---------+-------+--------+-------+
|DSP              |        -|      -|       -|      -|
|Expression       |        -|      0|       0|   2645|
|FIFO             |        -|      -|       -|      -|
|Instance         |        -|     11|    1434|   2735|
|Memory           |        -|      -|       -|      -|
|Multiplexer      |        -|      -|       -|   8251|
|Register         |        -|      -|    4146|      -|
+-----------------+---------+-------+--------+-------+
|Total            |        0|     11|    5580|  13631|
+-----------------+---------+-------+--------+-------+
|Available        |      280|    220|  106400|  53200|
+-----------------+---------+-------+--------+-------+
|Utilization (%)  |        0|      5|       5|     25|
+-----------------+---------+-------+--------+-------+

+ Detail: 
    * Instance: 
    +-------------------------+----------------------+---------+-------+-----+-----+
    |         Instance        |        Module        | BRAM_18K| DSP48E|  FF | LUT |
    +-------------------------+----------------------+---------+-------+-----+-----+
    |doKmean_faddfsub_bkb_U1  |doKmean_faddfsub_bkb  |        0|      2|  205|  390|
    |doKmean_faddfsub_bkb_U2  |doKmean_faddfsub_bkb  |        0|      2|  205|  390|
    |doKmean_faddfsub_bkb_U3  |doKmean_faddfsub_bkb  |        0|      2|  205|  390|
    |doKmean_fcmp_32nseOg_U6  |doKmean_fcmp_32nseOg  |        0|      0|   66|  239|
    |doKmean_fmul_32nsdEe_U5  |doKmean_fmul_32nsdEe  |        0|      3|  143|  321|
    |doKmean_fsqrt_32nfYi_U7  |doKmean_fsqrt_32nfYi  |        0|      0|  405|  615|
    |doKmean_fsub_32nscud_U4  |doKmean_fsub_32nscud  |        0|      2|  205|  390|
    +-------------------------+----------------------+---------+-------+-----+-----+
    |Total                    |                      |        0|     11| 1434| 2735|
    +-------------------------+----------------------+---------+-------+-----+-----+

    * DSP48: 
    N/A

    * Memory: 
    N/A

    * FIFO: 
    N/A

    * Expression: 
    +----------------------------------+----------+-------+---+----+------------+------------+
    |           Variable Name          | Operation| DSP48E| FF| LUT| Bitwidth P0| Bitwidth P1|
    +----------------------------------+----------+-------+---+----+------------+------------+
    |tmp_12_fu_13040_p2                |     *    |      0|  0|  26|           6|           5|
    |tmp_100_fu_13241_p2               |     +    |      0|  0|  13|           5|          11|
    |tmp_107_fu_13251_p2               |     +    |      0|  0|  13|           5|          11|
    |tmp_109_fu_13261_p2               |     +    |      0|  0|  13|           5|          11|
    |tmp_116_fu_13271_p2               |     +    |      0|  0|  13|           5|          11|
    |tmp_118_fu_13281_p2               |     +    |      0|  0|  13|           5|          11|
    |tmp_125_fu_13291_p2               |     +    |      0|  0|  13|           5|          11|
    |tmp_127_fu_13301_p2               |     +    |      0|  0|  13|           5|          11|
    |tmp_134_fu_13311_p2               |     +    |      0|  0|  13|           5|          11|
    |tmp_136_fu_13321_p2               |     +    |      0|  0|  13|           5|          11|
    |tmp_143_fu_13331_p2               |     +    |      0|  0|  13|           5|          11|
    |tmp_145_fu_13341_p2               |     +    |      0|  0|  13|           5|          11|
    |tmp_152_fu_13351_p2               |     +    |      0|  0|  13|           5|          11|
    |tmp_154_fu_13361_p2               |     +    |      0|  0|  13|           6|          11|
    |tmp_161_fu_13371_p2               |     +    |      0|  0|  13|           6|          11|
    |tmp_163_fu_13381_p2               |     +    |      0|  0|  13|           6|          11|
    |tmp_170_fu_13391_p2               |     +    |      0|  0|  13|           6|          11|
    |tmp_172_fu_13401_p2               |     +    |      0|  0|  13|           6|          11|
    |tmp_179_fu_13411_p2               |     +    |      0|  0|  13|           6|          11|
    |tmp_181_fu_13421_p2               |     +    |      0|  0|  13|           6|          11|
    |tmp_187_fu_13431_p2               |     +    |      0|  0|  13|           6|          11|
    |tmp_188_fu_13441_p2               |     +    |      0|  0|  13|           6|          11|
    |tmp_189_fu_13451_p2               |     +    |      0|  0|  13|           6|          11|
    |tmp_190_fu_13461_p2               |     +    |      0|  0|  13|           6|          11|
    |tmp_191_fu_13471_p2               |     +    |      0|  0|  13|           6|          11|
    |tmp_192_fu_13481_p2               |     +    |      0|  0|  13|           6|          11|
    |tmp_193_fu_13491_p2               |     +    |      0|  0|  13|           6|          11|
    |tmp_194_fu_13501_p2               |     +    |      0|  0|  13|           6|          11|
    |tmp_195_fu_13511_p2               |     +    |      0|  0|  13|           6|          11|
    |tmp_196_fu_13521_p2               |     +    |      0|  0|  13|           6|          11|
    |tmp_197_fu_13531_p2               |     +    |      0|  0|  13|           6|          11|
    |tmp_19_fu_13061_p2                |     +    |      0|  0|  13|           2|          11|
    |tmp_26_fu_13071_p2                |     +    |      0|  0|  13|           2|          11|
    |tmp_28_fu_13081_p2                |     +    |      0|  0|  13|           3|          11|
    |tmp_35_fu_13091_p2                |     +    |      0|  0|  13|           3|          11|
    |tmp_37_fu_13101_p2                |     +    |      0|  0|  13|           3|          11|
    |tmp_44_fu_13111_p2                |     +    |      0|  0|  13|           3|          11|
    |tmp_46_fu_13121_p2                |     +    |      0|  0|  13|           4|          11|
    |tmp_53_fu_13131_p2                |     +    |      0|  0|  13|           4|          11|
    |tmp_55_fu_13141_p2                |     +    |      0|  0|  13|           4|          11|
    |tmp_62_fu_13151_p2                |     +    |      0|  0|  13|           4|          11|
    |tmp_64_fu_13161_p2                |     +    |      0|  0|  13|           4|          11|
    |tmp_71_fu_13171_p2                |     +    |      0|  0|  13|           4|          11|
    |tmp_73_fu_13181_p2                |     +    |      0|  0|  13|           4|          11|
    |tmp_80_fu_13191_p2                |     +    |      0|  0|  13|           4|          11|
    |tmp_82_fu_13201_p2                |     +    |      0|  0|  13|           5|          11|
    |tmp_89_fu_13211_p2                |     +    |      0|  0|  13|           5|          11|
    |tmp_91_fu_13221_p2                |     +    |      0|  0|  13|           5|          11|
    |tmp_98_fu_13231_p2                |     +    |      0|  0|  13|           5|          11|
    |tmp_103_fu_14558_p2               |    and   |      0|  0|   2|           1|           1|
    |tmp_105_fu_14564_p2               |    and   |      0|  0|   2|           1|           1|
    |tmp_112_fu_14648_p2               |    and   |      0|  0|   2|           1|           1|
    |tmp_114_fu_14654_p2               |    and   |      0|  0|   2|           1|           1|
    |tmp_121_fu_14756_p2               |    and   |      0|  0|   2|           1|           1|
    |tmp_123_fu_14762_p2               |    and   |      0|  0|   2|           1|           1|
    |tmp_130_fu_14846_p2               |    and   |      0|  0|   2|           1|           1|
    |tmp_132_fu_14852_p2               |    and   |      0|  0|   2|           1|           1|
    |tmp_139_fu_14954_p2               |    and   |      0|  0|   2|           1|           1|
    |tmp_141_fu_14960_p2               |    and   |      0|  0|   2|           1|           1|
    |tmp_148_fu_15044_p2               |    and   |      0|  0|   2|           1|           1|
    |tmp_150_fu_15050_p2               |    and   |      0|  0|   2|           1|           1|
    |tmp_157_fu_15152_p2               |    and   |      0|  0|   2|           1|           1|
    |tmp_159_fu_15158_p2               |    and   |      0|  0|   2|           1|           1|
    |tmp_15_fu_13577_p2                |    and   |      0|  0|   2|           1|           1|
    |tmp_166_fu_15242_p2               |    and   |      0|  0|   2|           1|           1|
    |tmp_168_fu_15248_p2               |    and   |      0|  0|   2|           1|           1|
    |tmp_175_fu_15354_p2               |    and   |      0|  0|   2|           1|           1|
    |tmp_177_fu_15360_p2               |    and   |      0|  0|   2|           1|           1|
    |tmp_184_fu_15444_p2               |    and   |      0|  0|   2|           1|           1|
    |tmp_186_fu_15450_p2               |    and   |      0|  0|   2|           1|           1|
    |tmp_22_fu_13662_p2                |    and   |      0|  0|   2|           1|           1|
    |tmp_24_fu_13668_p2                |    and   |      0|  0|   2|           1|           1|
    |tmp_31_fu_13752_p2                |    and   |      0|  0|   2|           1|           1|
    |tmp_33_fu_13758_p2                |    and   |      0|  0|   2|           1|           1|
    |tmp_40_fu_13842_p2                |    and   |      0|  0|   2|           1|           1|
    |tmp_42_fu_13848_p2                |    and   |      0|  0|   2|           1|           1|
    |tmp_49_fu_13954_p2                |    and   |      0|  0|   2|           1|           1|
    |tmp_51_fu_13960_p2                |    and   |      0|  0|   2|           1|           1|
    |tmp_58_fu_14047_p2                |    and   |      0|  0|   2|           1|           1|
    |tmp_60_fu_14053_p2                |    and   |      0|  0|   2|           1|           1|
    |tmp_67_fu_14158_p2                |    and   |      0|  0|   2|           1|           1|
    |tmp_69_fu_14164_p2                |    and   |      0|  0|   2|           1|           1|
    |tmp_76_fu_14248_p2                |    and   |      0|  0|   2|           1|           1|
    |tmp_78_fu_14254_p2                |    and   |      0|  0|   2|           1|           1|
    |tmp_85_fu_14356_p2                |    and   |      0|  0|   2|           1|           1|
    |tmp_87_fu_14362_p2                |    and   |      0|  0|   2|           1|           1|
    |tmp_94_fu_14446_p2                |    and   |      0|  0|   2|           1|           1|
    |tmp_96_fu_14452_p2                |    and   |      0|  0|   2|           1|           1|
    |notlhs10_fu_14029_p2              |   icmp   |      0|  0|  11|           8|           2|
    |notlhs11_fu_14122_p2              |   icmp   |      0|  0|  11|           8|           2|
    |notlhs12_fu_14140_p2              |   icmp   |      0|  0|  11|           8|           2|
    |notlhs13_fu_14212_p2              |   icmp   |      0|  0|  11|           8|           2|
    |notlhs14_fu_14230_p2              |   icmp   |      0|  0|  11|           8|           2|
    |notlhs15_fu_14320_p2              |   icmp   |      0|  0|  11|           8|           2|
    |notlhs16_fu_14338_p2              |   icmp   |      0|  0|  11|           8|           2|
    |notlhs17_fu_14410_p2              |   icmp   |      0|  0|  11|           8|           2|
    |notlhs18_fu_14428_p2              |   icmp   |      0|  0|  11|           8|           2|
    |notlhs19_fu_14522_p2              |   icmp   |      0|  0|  11|           8|           2|
    |notlhs1_fu_13626_p2               |   icmp   |      0|  0|  11|           8|           2|
    |notlhs20_fu_14540_p2              |   icmp   |      0|  0|  11|           8|           2|
    |notlhs21_fu_14612_p2              |   icmp   |      0|  0|  11|           8|           2|
    |notlhs22_fu_14630_p2              |   icmp   |      0|  0|  11|           8|           2|
    |notlhs23_fu_14720_p2              |   icmp   |      0|  0|  11|           8|           2|
    |notlhs24_fu_14738_p2              |   icmp   |      0|  0|  11|           8|           2|
    |notlhs25_fu_14810_p2              |   icmp   |      0|  0|  11|           8|           2|
    |notlhs26_fu_14828_p2              |   icmp   |      0|  0|  11|           8|           2|
    |notlhs27_fu_14918_p2              |   icmp   |      0|  0|  11|           8|           2|
    |notlhs28_fu_14936_p2              |   icmp   |      0|  0|  11|           8|           2|
    |notlhs29_fu_15008_p2              |   icmp   |      0|  0|  11|           8|           2|
    |notlhs2_fu_13824_p2               |   icmp   |      0|  0|  11|           8|           2|
    |notlhs30_fu_15026_p2              |   icmp   |      0|  0|  11|           8|           2|
    |notlhs31_fu_15116_p2              |   icmp   |      0|  0|  11|           8|           2|
    |notlhs32_fu_15134_p2              |   icmp   |      0|  0|  11|           8|           2|
    |notlhs33_fu_15206_p2              |   icmp   |      0|  0|  11|           8|           2|
    |notlhs34_fu_15224_p2              |   icmp   |      0|  0|  11|           8|           2|
    |notlhs35_fu_15318_p2              |   icmp   |      0|  0|  11|           8|           2|
    |notlhs36_fu_15336_p2              |   icmp   |      0|  0|  11|           8|           2|
    |notlhs37_fu_15408_p2              |   icmp   |      0|  0|  11|           8|           2|
    |notlhs38_fu_15426_p2              |   icmp   |      0|  0|  11|           8|           2|
    |notlhs3_fu_13644_p2               |   icmp   |      0|  0|  11|           8|           2|
    |notlhs4_fu_13918_p2               |   icmp   |      0|  0|  11|           8|           2|
    |notlhs5_fu_13716_p2               |   icmp   |      0|  0|  11|           8|           2|
    |notlhs6_fu_13936_p2               |   icmp   |      0|  0|  11|           8|           2|
    |notlhs7_fu_13734_p2               |   icmp   |      0|  0|  11|           8|           2|
    |notlhs8_fu_14011_p2               |   icmp   |      0|  0|  11|           8|           2|
    |notlhs9_fu_13806_p2               |   icmp   |      0|  0|  11|           8|           2|
    |notlhs_fu_13559_p2                |   icmp   |      0|  0|  11|           8|           2|
    |notrhs10_fu_14035_p2              |   icmp   |      0|  0|  18|          23|           1|
    |notrhs11_fu_14128_p2              |   icmp   |      0|  0|  18|          23|           1|
    |notrhs12_fu_14146_p2              |   icmp   |      0|  0|  18|          23|           1|
    |notrhs13_fu_14218_p2              |   icmp   |      0|  0|  18|          23|           1|
    |notrhs14_fu_14236_p2              |   icmp   |      0|  0|  18|          23|           1|
    |notrhs15_fu_14326_p2              |   icmp   |      0|  0|  18|          23|           1|
    |notrhs16_fu_14344_p2              |   icmp   |      0|  0|  18|          23|           1|
    |notrhs17_fu_14416_p2              |   icmp   |      0|  0|  18|          23|           1|
    |notrhs18_fu_14434_p2              |   icmp   |      0|  0|  18|          23|           1|
    |notrhs19_fu_14528_p2              |   icmp   |      0|  0|  18|          23|           1|
    |notrhs1_fu_13812_p2               |   icmp   |      0|  0|  18|          23|           1|
    |notrhs20_fu_14546_p2              |   icmp   |      0|  0|  18|          23|           1|
    |notrhs21_fu_14618_p2              |   icmp   |      0|  0|  18|          23|           1|
    |notrhs22_fu_14636_p2              |   icmp   |      0|  0|  18|          23|           1|
    |notrhs23_fu_14726_p2              |   icmp   |      0|  0|  18|          23|           1|
    |notrhs24_fu_14744_p2              |   icmp   |      0|  0|  18|          23|           1|
    |notrhs25_fu_14816_p2              |   icmp   |      0|  0|  18|          23|           1|
    |notrhs26_fu_14834_p2              |   icmp   |      0|  0|  18|          23|           1|
    |notrhs27_fu_14924_p2              |   icmp   |      0|  0|  18|          23|           1|
    |notrhs28_fu_14942_p2              |   icmp   |      0|  0|  18|          23|           1|
    |notrhs29_fu_15014_p2              |   icmp   |      0|  0|  18|          23|           1|
    |notrhs2_fu_13632_p2               |   icmp   |      0|  0|  18|          23|           1|
    |notrhs30_fu_15032_p2              |   icmp   |      0|  0|  18|          23|           1|
    |notrhs31_fu_15122_p2              |   icmp   |      0|  0|  18|          23|           1|
    |notrhs32_fu_15140_p2              |   icmp   |      0|  0|  18|          23|           1|
    |notrhs33_fu_15212_p2              |   icmp   |      0|  0|  18|          23|           1|
    |notrhs34_fu_15230_p2              |   icmp   |      0|  0|  18|          23|           1|
    |notrhs35_fu_15324_p2              |   icmp   |      0|  0|  18|          23|           1|
    |notrhs36_fu_15342_p2              |   icmp   |      0|  0|  18|          23|           1|
    |notrhs37_fu_15414_p2              |   icmp   |      0|  0|  18|          23|           1|
    |notrhs38_fu_15432_p2              |   icmp   |      0|  0|  18|          23|           1|
    |notrhs3_fu_13830_p2               |   icmp   |      0|  0|  18|          23|           1|
    |notrhs4_fu_13650_p2               |   icmp   |      0|  0|  18|          23|           1|
    |notrhs5_fu_13924_p2               |   icmp   |      0|  0|  18|          23|           1|
    |notrhs6_fu_13722_p2               |   icmp   |      0|  0|  18|          23|           1|
    |notrhs7_fu_13942_p2               |   icmp   |      0|  0|  18|          23|           1|
    |notrhs8_fu_13740_p2               |   icmp   |      0|  0|  18|          23|           1|
    |notrhs9_fu_14017_p2               |   icmp   |      0|  0|  18|          23|           1|
    |notrhs_fu_13565_p2                |   icmp   |      0|  0|  18|          23|           1|
    |tmp_101_fu_14534_p2               |    or    |      0|  0|   2|           1|           1|
    |tmp_102_fu_14552_p2               |    or    |      0|  0|   2|           1|           1|
    |tmp_110_fu_14624_p2               |    or    |      0|  0|   2|           1|           1|
    |tmp_111_fu_14642_p2               |    or    |      0|  0|   2|           1|           1|
    |tmp_119_fu_14732_p2               |    or    |      0|  0|   2|           1|           1|
    |tmp_120_fu_14750_p2               |    or    |      0|  0|   2|           1|           1|
    |tmp_128_fu_14822_p2               |    or    |      0|  0|   2|           1|           1|
    |tmp_129_fu_14840_p2               |    or    |      0|  0|   2|           1|           1|
    |tmp_137_fu_14930_p2               |    or    |      0|  0|   2|           1|           1|
    |tmp_138_fu_14948_p2               |    or    |      0|  0|   2|           1|           1|
    |tmp_13_fu_13571_p2                |    or    |      0|  0|   2|           1|           1|
    |tmp_146_fu_15020_p2               |    or    |      0|  0|   2|           1|           1|
    |tmp_147_fu_15038_p2               |    or    |      0|  0|   2|           1|           1|
    |tmp_155_fu_15128_p2               |    or    |      0|  0|   2|           1|           1|
    |tmp_156_fu_15146_p2               |    or    |      0|  0|   2|           1|           1|
    |tmp_164_fu_15218_p2               |    or    |      0|  0|   2|           1|           1|
    |tmp_165_fu_15236_p2               |    or    |      0|  0|   2|           1|           1|
    |tmp_173_fu_15330_p2               |    or    |      0|  0|   2|           1|           1|
    |tmp_174_fu_15348_p2               |    or    |      0|  0|   2|           1|           1|
    |tmp_17_fu_13051_p2                |    or    |      0|  0|  11|          11|           1|
    |tmp_182_fu_15420_p2               |    or    |      0|  0|   2|           1|           1|
    |tmp_183_fu_15438_p2               |    or    |      0|  0|   2|           1|           1|
    |tmp_1_fu_14067_p2                 |    or    |      0|  0|   2|           1|           1|
    |tmp_20_fu_13638_p2                |    or    |      0|  0|   2|           1|           1|
    |tmp_21_fu_13656_p2                |    or    |      0|  0|   2|           1|           1|
    |tmp_29_fu_13728_p2                |    or    |      0|  0|   2|           1|           1|
    |tmp_30_fu_13746_p2                |    or    |      0|  0|   2|           1|           1|
    |tmp_38_fu_13818_p2                |    or    |      0|  0|   2|           1|           1|
    |tmp_39_fu_13836_p2                |    or    |      0|  0|   2|           1|           1|
    |tmp_3_fu_14274_p2                 |    or    |      0|  0|   2|           1|           1|
    |tmp_47_fu_13930_p2                |    or    |      0|  0|   2|           1|           1|
    |tmp_48_fu_13948_p2                |    or    |      0|  0|   2|           1|           1|
    |tmp_4_fu_14475_p2                 |    or    |      0|  0|   2|           1|           1|
    |tmp_56_fu_14023_p2                |    or    |      0|  0|   2|           1|           1|
    |tmp_57_fu_14041_p2                |    or    |      0|  0|   2|           1|           1|
    |tmp_5_fu_14674_p2                 |    or    |      0|  0|   2|           1|           1|
    |tmp_65_fu_14134_p2                |    or    |      0|  0|   2|           1|           1|
    |tmp_66_fu_14152_p2                |    or    |      0|  0|   2|           1|           1|
    |tmp_6_fu_14872_p2                 |    or    |      0|  0|   2|           1|           1|
    |tmp_74_fu_14224_p2                |    or    |      0|  0|   2|           1|           1|
    |tmp_75_fu_14242_p2                |    or    |      0|  0|   2|           1|           1|
    |tmp_7_fu_15070_p2                 |    or    |      0|  0|   2|           1|           1|
    |tmp_83_fu_14332_p2                |    or    |      0|  0|   2|           1|           1|
    |tmp_84_fu_14350_p2                |    or    |      0|  0|   2|           1|           1|
    |tmp_8_fu_15271_p2                 |    or    |      0|  0|   2|           1|           1|
    |tmp_92_fu_14422_p2                |    or    |      0|  0|   2|           1|           1|
    |tmp_93_fu_14440_p2                |    or    |      0|  0|   2|           1|           1|
    |tmp_9_fu_15463_p2                 |    or    |      0|  0|   2|           1|           1|
    |tmp_fu_13871_p2                   |    or    |      0|  0|   2|           1|           1|
    |ap_return                         |  select  |      0|  0|   5|           1|           5|
    |cluster_1_10_fu_15074_p3          |  select  |      0|  0|   4|           1|           4|
    |cluster_1_11_cast_ca_fu_14865_p3  |  select  |      0|  0|   4|           1|           3|
    |cluster_1_11_fu_15264_p3          |  select  |      0|  0|   6|           1|           5|
    |cluster_1_12_fu_15275_p3          |  select  |      0|  0|   5|           1|           5|
    |cluster_1_13_cast_ca_fu_15063_p3  |  select  |      0|  0|   3|           1|           2|
    |cluster_1_13_fu_15456_p3          |  select  |      0|  0|   5|           1|           5|
    |cluster_1_1_fu_14678_p3           |  select  |      0|  0|   4|           1|           4|
    |cluster_1_2_fu_13864_p3           |  select  |      0|  0|   3|           1|           2|
    |cluster_1_3_fu_13875_p3           |  select  |      0|  0|   2|           1|           2|
    |cluster_1_4_fu_14059_p3           |  select  |      0|  0|   4|           1|           3|
    |cluster_1_5_fu_14072_p3           |  select  |      0|  0|   3|           1|           3|
    |cluster_1_6_cast_cas_fu_14267_p3  |  select  |      0|  0|   3|           1|           2|
    |cluster_1_6_fu_14876_p3           |  select  |      0|  0|   4|           1|           4|
    |cluster_1_7_fu_14278_p3           |  select  |      0|  0|   3|           1|           3|
    |cluster_1_8_fu_14468_p3           |  select  |      0|  0|   5|           1|           4|
    |cluster_1_9_fu_14479_p3           |  select  |      0|  0|   4|           1|           4|
    |cluster_1_s_fu_14667_p3           |  select  |      0|  0|   4|           1|           4|
    |min_distance_1_10_fu_14660_p3     |  select  |      0|  0|  32|           1|          32|
    |min_distance_1_11_fu_14768_p3     |  select  |      0|  0|  32|           1|          32|
    |min_distance_1_12_fu_14858_p3     |  select  |      0|  0|  32|           1|          32|
    |min_distance_1_13_fu_14966_p3     |  select  |      0|  0|  32|           1|          32|
    |min_distance_1_14_fu_15056_p3     |  select  |      0|  0|  32|           1|          32|
    |min_distance_1_15_fu_15164_p3     |  select  |      0|  0|  32|           1|          32|
    |min_distance_1_16_fu_15254_p3     |  select  |      0|  0|  32|           1|          32|
    |min_distance_1_17_fu_15366_p3     |  select  |      0|  0|  32|           1|          32|
    |min_distance_1_1_fu_13674_p3      |  select  |      0|  0|  32|           1|          32|
    |min_distance_1_2_fu_13764_p3      |  select  |      0|  0|  32|           1|          32|
    |min_distance_1_3_fu_13854_p3      |  select  |      0|  0|  32|           1|          32|
    |min_distance_1_4_fu_13966_p3      |  select  |      0|  0|  32|           1|          32|
    |min_distance_1_5_fu_14080_p3      |  select  |      0|  0|  32|           1|          32|
    |min_distance_1_6_fu_14170_p3      |  select  |      0|  0|  32|           1|          32|
    |min_distance_1_7_fu_14260_p3      |  select  |      0|  0|  32|           1|          32|
    |min_distance_1_8_fu_14368_p3      |  select  |      0|  0|  32|           1|          32|
    |min_distance_1_9_fu_14458_p3      |  select  |      0|  0|  32|           1|          32|
    |min_distance_1_fu_13583_p3        |  select  |      0|  0|  32|           1|          32|
    |min_distance_1_s_fu_14570_p3      |  select  |      0|  0|  32|           1|          32|
    +----------------------------------+----------+-------+---+----+------------+------------+
    |Total                             |          |      0|  0|2645|        1586|        1410|
    +----------------------------------+----------+-------+---+----+------------+------------+

    * Multiplexer: 
    +---------------------+------+-----------+-----+-----------+
    |         Name        |  LUT | Input Size| Bits| Total Bits|
    +---------------------+------+-----------+-----+-----------+
    |ap_NS_fsm            |  2193|       1030|    1|       1030|
    |centroids_address0   |  2193|       1001|   10|      10010|
    |centroids_address1   |  2193|       1001|   10|      10010|
    |data_set_address0    |   441|        100|   10|       1000|
    |data_set_address1    |   441|        100|   10|       1000|
    |grp_fu_12632_opcode  |    15|          3|    2|          6|
    |grp_fu_12632_p0      |   141|         31|   32|        992|
    |grp_fu_12632_p1      |    56|         13|   32|        416|
    |grp_fu_12636_opcode  |    15|          3|    2|          6|
    |grp_fu_12636_p0      |    53|         12|   32|        384|
    |grp_fu_12636_p1      |    53|         12|   32|        384|
    |grp_fu_12641_opcode  |    15|          3|    2|          6|
    |grp_fu_12641_p0      |   105|         22|   32|        704|
    |grp_fu_12641_p1      |    56|         13|   32|        416|
    |grp_fu_12651_p0      |    62|         15|   32|        480|
    |grp_fu_12651_p1      |    62|         15|   32|        480|
    |grp_fu_12655_p1      |   101|         21|   32|        672|
    |grp_fu_12660_p1      |    56|         13|   32|        416|
    +---------------------+------+-----------+-----+-----------+
    |Total                |  8251|       3408|  367|      28412|
    +---------------------+------+-----------+-----+-----------+

    * Register: 
    +-----------------------------+------+----+------+-----------+
    |             Name            |  FF  | LUT| Bits | Const Bits|
    +-----------------------------+------+----+------+-----------+
    |ap_CS_fsm                    |  1029|   0|  1029|          0|
    |cluster_1_10_reg_22055       |     4|   0|     4|          0|
    |cluster_1_12_reg_22085       |     5|   0|     5|          0|
    |cluster_1_1_reg_21995        |     4|   0|     4|          0|
    |cluster_1_3_reg_21881        |     2|   0|     2|          0|
    |cluster_1_5_reg_21898        |     3|   0|     3|          0|
    |cluster_1_6_reg_22025        |     4|   0|     4|          0|
    |cluster_1_7_reg_21935        |     3|   0|     3|          0|
    |cluster_1_9_reg_21965        |     4|   0|     4|          0|
    |data_set_addr_10_reg_16803   |    10|   0|    10|          0|
    |data_set_addr_11_reg_16929   |    10|   0|    10|          0|
    |data_set_addr_12_reg_17055   |    10|   0|    10|          0|
    |data_set_addr_13_reg_17181   |    10|   0|    10|          0|
    |data_set_addr_14_reg_17307   |    10|   0|    10|          0|
    |data_set_addr_15_reg_17433   |    10|   0|    10|          0|
    |data_set_addr_16_reg_17559   |    10|   0|    10|          0|
    |data_set_addr_17_reg_17685   |    10|   0|    10|          0|
    |data_set_addr_18_reg_17811   |    10|   0|    10|          0|
    |data_set_addr_19_reg_17937   |    10|   0|    10|          0|
    |data_set_addr_1_reg_15659    |     9|   0|    10|          1|
    |data_set_addr_20_reg_18063   |    10|   0|    10|          0|
    |data_set_addr_21_reg_18189   |    10|   0|    10|          0|
    |data_set_addr_22_reg_18315   |    10|   0|    10|          0|
    |data_set_addr_23_reg_18441   |    10|   0|    10|          0|
    |data_set_addr_24_reg_18567   |    10|   0|    10|          0|
    |data_set_addr_25_reg_18693   |    10|   0|    10|          0|
    |data_set_addr_26_reg_18819   |    10|   0|    10|          0|
    |data_set_addr_27_reg_18945   |    10|   0|    10|          0|
    |data_set_addr_28_reg_19071   |    10|   0|    10|          0|
    |data_set_addr_29_reg_19197   |    10|   0|    10|          0|
    |data_set_addr_2_reg_15785    |    10|   0|    10|          0|
    |data_set_addr_30_reg_19323   |    10|   0|    10|          0|
    |data_set_addr_31_reg_19449   |    10|   0|    10|          0|
    |data_set_addr_32_reg_19575   |    10|   0|    10|          0|
    |data_set_addr_33_reg_19701   |    10|   0|    10|          0|
    |data_set_addr_34_reg_19827   |    10|   0|    10|          0|
    |data_set_addr_35_reg_19953   |    10|   0|    10|          0|
    |data_set_addr_36_reg_20079   |    10|   0|    10|          0|
    |data_set_addr_37_reg_20205   |    10|   0|    10|          0|
    |data_set_addr_38_reg_20331   |    10|   0|    10|          0|
    |data_set_addr_39_reg_20457   |    10|   0|    10|          0|
    |data_set_addr_3_reg_15921    |    10|   0|    10|          0|
    |data_set_addr_40_reg_20583   |    10|   0|    10|          0|
    |data_set_addr_41_reg_20709   |    10|   0|    10|          0|
    |data_set_addr_42_reg_20835   |    10|   0|    10|          0|
    |data_set_addr_43_reg_20961   |    10|   0|    10|          0|
    |data_set_addr_44_reg_21087   |    10|   0|    10|          0|
    |data_set_addr_45_reg_21213   |    10|   0|    10|          0|
    |data_set_addr_46_reg_21339   |    10|   0|    10|          0|
    |data_set_addr_47_reg_21465   |    10|   0|    10|          0|
    |data_set_addr_48_reg_21591   |    10|   0|    10|          0|
    |data_set_addr_49_reg_21597   |    10|   0|    10|          0|
    |data_set_addr_4_reg_16047    |    10|   0|    10|          0|
    |data_set_addr_5_reg_16173    |    10|   0|    10|          0|
    |data_set_addr_6_reg_16299    |    10|   0|    10|          0|
    |data_set_addr_7_reg_16425    |    10|   0|    10|          0|
    |data_set_addr_8_reg_16551    |    10|   0|    10|          0|
    |data_set_addr_9_reg_16677    |    10|   0|    10|          0|
    |data_set_addr_reg_15533      |    10|   0|    10|          0|
    |min_distance_1_10_reg_21988  |    32|   0|    32|          0|
    |min_distance_1_11_reg_22005  |    32|   0|    32|          0|
    |min_distance_1_12_reg_22018  |    32|   0|    32|          0|
    |min_distance_1_13_reg_22035  |    32|   0|    32|          0|
    |min_distance_1_14_reg_22048  |    32|   0|    32|          0|
    |min_distance_1_15_reg_22065  |    32|   0|    32|          0|
    |min_distance_1_16_reg_22078  |    32|   0|    32|          0|
    |min_distance_1_17_reg_22095  |    32|   0|    32|          0|
    |min_distance_1_1_reg_21849   |    32|   0|    32|          0|
    |min_distance_1_2_reg_21861   |    32|   0|    32|          0|
    |min_distance_1_3_reg_21874   |    32|   0|    32|          0|
    |min_distance_1_4_reg_21891   |    32|   0|    32|          0|
    |min_distance_1_5_reg_21903   |    32|   0|    32|          0|
    |min_distance_1_6_reg_21915   |    32|   0|    32|          0|
    |min_distance_1_7_reg_21928   |    32|   0|    32|          0|
    |min_distance_1_8_reg_21945   |    32|   0|    32|          0|
    |min_distance_1_9_reg_21958   |    32|   0|    32|          0|
    |min_distance_1_reg_21837     |    32|   0|    32|          0|
    |min_distance_1_s_reg_21975   |    32|   0|    32|          0|
    |reg_12665                    |    32|   0|    32|          0|
    |reg_12672                    |    32|   0|    32|          0|
    |reg_12679                    |    32|   0|    32|          0|
    |reg_12686                    |    32|   0|    32|          0|
    |reg_12693                    |    32|   0|    32|          0|
    |reg_12699                    |    32|   0|    32|          0|
    |reg_12705                    |    32|   0|    32|          0|
    |reg_12711                    |    32|   0|    32|          0|
    |reg_12717                    |    32|   0|    32|          0|
    |reg_12723                    |    32|   0|    32|          0|
    |reg_12729                    |    32|   0|    32|          0|
    |reg_12735                    |    32|   0|    32|          0|
    |reg_12741                    |    32|   0|    32|          0|
    |reg_12747                    |    32|   0|    32|          0|
    |reg_12753                    |    32|   0|    32|          0|
    |reg_12759                    |    32|   0|    32|          0|
    |reg_12765                    |    32|   0|    32|          0|
    |reg_12771                    |    32|   0|    32|          0|
    |reg_12777                    |    32|   0|    32|          0|
    |reg_12783                    |    32|   0|    32|          0|
    |reg_12789                    |    32|   0|    32|          0|
    |reg_12796                    |    32|   0|    32|          0|
    |reg_12802                    |    32|   0|    32|          0|
    |reg_12809                    |    32|   0|    32|          0|
    |reg_12815                    |    32|   0|    32|          0|
    |reg_12822                    |    32|   0|    32|          0|
    |reg_12828                    |    32|   0|    32|          0|
    |reg_12835                    |    32|   0|    32|          0|
    |reg_12842                    |    32|   0|    32|          0|
    |reg_12850                    |    32|   0|    32|          0|
    |reg_12858                    |    32|   0|    32|          0|
    |reg_12866                    |    32|   0|    32|          0|
    |reg_12874                    |    32|   0|    32|          0|
    |reg_12882                    |    32|   0|    32|          0|
    |reg_12889                    |    32|   0|    32|          0|
    |reg_12896                    |    32|   0|    32|          0|
    |reg_12903                    |    32|   0|    32|          0|
    |reg_12910                    |    32|   0|    32|          0|
    |reg_12916                    |    32|   0|    32|          0|
    |reg_12922                    |    32|   0|    32|          0|
    |reg_12928                    |    32|   0|    32|          0|
    |reg_12934                    |    32|   0|    32|          0|
    |reg_12940                    |    32|   0|    32|          0|
    |reg_12946                    |    32|   0|    32|          0|
    |reg_12952                    |    32|   0|    32|          0|
    |reg_12958                    |    32|   0|    32|          0|
    |reg_12964                    |    32|   0|    32|          0|
    |reg_12969                    |    32|   0|    32|          0|
    |reg_12974                    |    32|   0|    32|          0|
    |reg_12979                    |    32|   0|    32|          0|
    |reg_12985                    |    32|   0|    32|          0|
    |reg_12991                    |    32|   0|    32|          0|
    |reg_12997                    |    32|   0|    32|          0|
    |reg_13003                    |    32|   0|    32|          0|
    |reg_13008                    |    32|   0|    32|          0|
    |reg_13013                    |    32|   0|    32|          0|
    |reg_13019                    |    32|   0|    32|          0|
    |reg_13026                    |    32|   0|    32|          0|
    |reg_13031                    |    32|   0|    32|          0|
    |tmp_105_reg_21970            |     1|   0|     1|          0|
    |tmp_114_reg_21982            |     1|   0|     1|          0|
    |tmp_123_reg_22000            |     1|   0|     1|          0|
    |tmp_12_reg_15480             |    11|   0|    11|          0|
    |tmp_132_reg_22012            |     1|   0|     1|          0|
    |tmp_141_reg_22030            |     1|   0|     1|          0|
    |tmp_150_reg_22042            |     1|   0|     1|          0|
    |tmp_159_reg_22060            |     1|   0|     1|          0|
    |tmp_168_reg_22072            |     1|   0|     1|          0|
    |tmp_177_reg_22090            |     1|   0|     1|          0|
    |tmp_186_reg_22101            |     1|   0|     1|          0|
    |tmp_24_reg_21844             |     1|   0|     1|          0|
    |tmp_33_reg_21856             |     1|   0|     1|          0|
    |tmp_42_reg_21868             |     1|   0|     1|          0|
    |tmp_51_reg_21886             |     1|   0|     1|          0|
    |tmp_5_19_1_reg_15826         |    32|   0|    32|          0|
    |tmp_69_reg_21910             |     1|   0|     1|          0|
    |tmp_6_15_1_reg_15797         |    32|   0|    32|          0|
    |tmp_78_reg_21922             |     1|   0|     1|          0|
    |tmp_87_reg_21940             |     1|   0|     1|          0|
    |tmp_96_reg_21952             |     1|   0|     1|          0|
    +-----------------------------+------+----+------+-----------+
    |Total                        |  4146|   0|  4147|          1|
    +-----------------------------+------+----+------+-----------+



================================================================
== Interface
================================================================
* Summary: 
+--------------------+-----+-----+------------+-----------------+--------------+
|      RTL Ports     | Dir | Bits|  Protocol  |  Source Object  |    C Type    |
+--------------------+-----+-----+------------+-----------------+--------------+
|ap_clk              |  in |    1| ap_ctrl_hs |   get_cluster   | return value |
|ap_rst              |  in |    1| ap_ctrl_hs |   get_cluster   | return value |
|ap_start            |  in |    1| ap_ctrl_hs |   get_cluster   | return value |
|ap_done             | out |    1| ap_ctrl_hs |   get_cluster   | return value |
|ap_idle             | out |    1| ap_ctrl_hs |   get_cluster   | return value |
|ap_ready            | out |    1| ap_ctrl_hs |   get_cluster   | return value |
|ap_return           | out |    5| ap_ctrl_hs |   get_cluster   | return value |
|data_set_address0   | out |   10|  ap_memory |     data_set    |     array    |
|data_set_ce0        | out |    1|  ap_memory |     data_set    |     array    |
|data_set_q0         |  in |   32|  ap_memory |     data_set    |     array    |
|data_set_address1   | out |   10|  ap_memory |     data_set    |     array    |
|data_set_ce1        | out |    1|  ap_memory |     data_set    |     array    |
|data_set_q1         |  in |   32|  ap_memory |     data_set    |     array    |
|data_set_offset     |  in |    5|   ap_none  | data_set_offset |    scalar    |
|centroids_address0  | out |   10|  ap_memory |    centroids    |     array    |
|centroids_ce0       | out |    1|  ap_memory |    centroids    |     array    |
|centroids_q0        |  in |   32|  ap_memory |    centroids    |     array    |
|centroids_address1  | out |   10|  ap_memory |    centroids    |     array    |
|centroids_ce1       | out |    1|  ap_memory |    centroids    |     array    |
|centroids_q1        |  in |   32|  ap_memory |    centroids    |     array    |
+--------------------+-----+-----+------------+-----------------+--------------+

