

================================================================
== Vivado HLS Report for 'get_cluster'
================================================================
* Date:           Sat Dec  8 13:05:11 2018

* Version:        2018.2 (Build 2258646 on Thu Jun 14 20:25:20 MDT 2018)
* Project:        kmeans
* Solution:       solution3
* Product family: zynq
* Target device:  xc7z020clg484-1


================================================================
== Performance Estimates
================================================================
+ Timing (ns): 
    * Summary: 
    +--------+-------+----------+------------+
    |  Clock | Target| Estimated| Uncertainty|
    +--------+-------+----------+------------+
    |ap_clk  |  10.00|     9.489|        1.25|
    +--------+-------+----------+------------+

+ Latency (clock cycles): 
    * Summary: 
    +------+------+------+------+---------+
    |   Latency   |   Interval  | Pipeline|
    |  min |  max |  min |  max |   Type  |
    +------+------+------+------+---------+
    |  1229|  1229|  1229|  1229|   none  |
    +------+------+------+------+---------+

    + Detail: 
        * Instance: 
        N/A

        * Loop: 
        +----------------------+------+------+----------+-----------+-----------+------+----------+
        |                      |   Latency   | Iteration|  Initiation Interval  | Trip |          |
        |       Loop Name      |  min |  max |  Latency |  achieved |   target  | Count| Pipelined|
        +----------------------+------+------+----------+-----------+-----------+------+----------+
        |- get_cluster_label2  |  1227|  1227|       278|         50|          1|    20|    yes   |
        +----------------------+------+------+----------+-----------+-----------+------+----------+



================================================================
== Utilization Estimates
================================================================
* Summary: 
+-----------------+---------+-------+--------+-------+
|       Name      | BRAM_18K| DSP48E|   FF   |  LUT  |
+-----------------+---------+-------+--------+-------+
|DSP              |        -|      -|       -|      -|
|Expression       |        -|      0|       0|   1930|
|FIFO             |        -|      -|       -|      -|
|Instance         |        -|      9|    1229|   2345|
|Memory           |        -|      -|       -|      -|
|Multiplexer      |        -|      -|       -|   1718|
|Register         |        0|      -|    5862|    896|
+-----------------+---------+-------+--------+-------+
|Total            |        0|      9|    7091|   6889|
+-----------------+---------+-------+--------+-------+
|Available        |      280|    220|  106400|  53200|
+-----------------+---------+-------+--------+-------+
|Utilization (%)  |        0|      4|       6|     12|
+-----------------+---------+-------+--------+-------+

+ Detail: 
    * Instance: 
    +-------------------------+----------------------+---------+-------+-----+-----+
    |         Instance        |        Module        | BRAM_18K| DSP48E|  FF | LUT |
    +-------------------------+----------------------+---------+-------+-----+-----+
    |doKmean_faddfsub_bkb_U1  |doKmean_faddfsub_bkb  |        0|      2|  205|  390|
    |doKmean_faddfsub_bkb_U3  |doKmean_faddfsub_bkb  |        0|      2|  205|  390|
    |doKmean_fcmp_32nseOg_U5  |doKmean_fcmp_32nseOg  |        0|      0|   66|  239|
    |doKmean_fmul_32nsdEe_U4  |doKmean_fmul_32nsdEe  |        0|      3|  143|  321|
    |doKmean_fsqrt_32nfYi_U6  |doKmean_fsqrt_32nfYi  |        0|      0|  405|  615|
    |doKmean_fsub_32nscud_U2  |doKmean_fsub_32nscud  |        0|      2|  205|  390|
    +-------------------------+----------------------+---------+-------+-----+-----+
    |Total                    |                      |        0|      9| 1229| 2345|
    +-------------------------+----------------------+---------+-------+-----+-----+

    * DSP48: 
    N/A

    * Memory: 
    N/A

    * FIFO: 
    N/A

    * Expression: 
    +---------------------------+----------+-------+---+----+------------+------------+
    |       Variable Name       | Operation| DSP48E| FF| LUT| Bitwidth P0| Bitwidth P1|
    +---------------------------+----------+-------+---+----+------------+------------+
    |tmp_3_fu_1352_p2           |     *    |      0|  0|  51|           6|           9|
    |c_fu_1917_p2               |     +    |      0|  0|  15|           5|           1|
    |next_mul_fu_2451_p2        |     +    |      0|  0|  14|           6|          10|
    |tmp_100_fu_2352_p2         |     +    |      0|  0|  14|           6|          10|
    |tmp_101_fu_2363_p2         |     +    |      0|  0|  14|           6|          10|
    |tmp_102_fu_2374_p2         |     +    |      0|  0|  14|           6|          10|
    |tmp_103_fu_2385_p2         |     +    |      0|  0|  14|           6|          10|
    |tmp_104_fu_2396_p2         |     +    |      0|  0|  14|           6|          10|
    |tmp_105_fu_2407_p2         |     +    |      0|  0|  14|           6|          10|
    |tmp_106_fu_2418_p2         |     +    |      0|  0|  14|           6|          10|
    |tmp_107_fu_2429_p2         |     +    |      0|  0|  14|           6|          10|
    |tmp_108_fu_2440_p2         |     +    |      0|  0|  14|           6|          10|
    |tmp_109_fu_2457_p2         |     +    |      0|  0|  14|           6|          10|
    |tmp_13_fu_1378_p2          |     +    |      0|  0|  21|           2|          15|
    |tmp_14_fu_1389_p2          |     +    |      0|  0|  21|           2|          15|
    |tmp_15_fu_1400_p2          |     +    |      0|  0|  21|           3|          15|
    |tmp_16_fu_1411_p2          |     +    |      0|  0|  21|           3|          15|
    |tmp_17_fu_1422_p2          |     +    |      0|  0|  21|           3|          15|
    |tmp_18_fu_1433_p2          |     +    |      0|  0|  21|           3|          15|
    |tmp_19_fu_1444_p2          |     +    |      0|  0|  21|           4|          15|
    |tmp_20_fu_1455_p2          |     +    |      0|  0|  21|           4|          15|
    |tmp_21_fu_1466_p2          |     +    |      0|  0|  21|           4|          15|
    |tmp_22_fu_1477_p2          |     +    |      0|  0|  21|           4|          15|
    |tmp_23_fu_1488_p2          |     +    |      0|  0|  21|           4|          15|
    |tmp_24_fu_1499_p2          |     +    |      0|  0|  21|           4|          15|
    |tmp_25_fu_1510_p2          |     +    |      0|  0|  21|           4|          15|
    |tmp_26_fu_1521_p2          |     +    |      0|  0|  21|           4|          15|
    |tmp_27_fu_1532_p2          |     +    |      0|  0|  21|           5|          15|
    |tmp_28_fu_1543_p2          |     +    |      0|  0|  21|           5|          15|
    |tmp_29_fu_1554_p2          |     +    |      0|  0|  21|           5|          15|
    |tmp_30_fu_1565_p2          |     +    |      0|  0|  21|           5|          15|
    |tmp_31_fu_1576_p2          |     +    |      0|  0|  21|           5|          15|
    |tmp_32_fu_1587_p2          |     +    |      0|  0|  21|           5|          15|
    |tmp_33_fu_1598_p2          |     +    |      0|  0|  21|           5|          15|
    |tmp_34_fu_1609_p2          |     +    |      0|  0|  21|           5|          15|
    |tmp_35_fu_1620_p2          |     +    |      0|  0|  21|           5|          15|
    |tmp_36_fu_1631_p2          |     +    |      0|  0|  21|           5|          15|
    |tmp_37_fu_1642_p2          |     +    |      0|  0|  21|           5|          15|
    |tmp_38_fu_1653_p2          |     +    |      0|  0|  21|           5|          15|
    |tmp_39_fu_1664_p2          |     +    |      0|  0|  21|           5|          15|
    |tmp_40_fu_1675_p2          |     +    |      0|  0|  21|           5|          15|
    |tmp_41_fu_1686_p2          |     +    |      0|  0|  21|           5|          15|
    |tmp_42_fu_1697_p2          |     +    |      0|  0|  21|           5|          15|
    |tmp_43_fu_1708_p2          |     +    |      0|  0|  21|           6|          15|
    |tmp_44_fu_1719_p2          |     +    |      0|  0|  21|           6|          15|
    |tmp_45_fu_1730_p2          |     +    |      0|  0|  21|           6|          15|
    |tmp_46_fu_1741_p2          |     +    |      0|  0|  21|           6|          15|
    |tmp_47_fu_1752_p2          |     +    |      0|  0|  21|           6|          15|
    |tmp_48_fu_1763_p2          |     +    |      0|  0|  21|           6|          15|
    |tmp_49_fu_1774_p2          |     +    |      0|  0|  21|           6|          15|
    |tmp_50_fu_1785_p2          |     +    |      0|  0|  21|           6|          15|
    |tmp_51_fu_1796_p2          |     +    |      0|  0|  21|           6|          15|
    |tmp_52_fu_1807_p2          |     +    |      0|  0|  21|           6|          15|
    |tmp_53_fu_1818_p2          |     +    |      0|  0|  21|           6|          15|
    |tmp_54_fu_1829_p2          |     +    |      0|  0|  21|           6|          15|
    |tmp_55_fu_1840_p2          |     +    |      0|  0|  21|           6|          15|
    |tmp_56_fu_1851_p2          |     +    |      0|  0|  21|           6|          15|
    |tmp_57_fu_1862_p2          |     +    |      0|  0|  21|           6|          15|
    |tmp_58_fu_1873_p2          |     +    |      0|  0|  21|           6|          15|
    |tmp_59_fu_1884_p2          |     +    |      0|  0|  21|           6|          15|
    |tmp_60_fu_1895_p2          |     +    |      0|  0|  21|           6|          15|
    |tmp_62_fu_1934_p2          |     +    |      0|  0|  14|           2|          10|
    |tmp_63_fu_1945_p2          |     +    |      0|  0|  14|           2|          10|
    |tmp_64_fu_1956_p2          |     +    |      0|  0|  14|           3|          10|
    |tmp_65_fu_1967_p2          |     +    |      0|  0|  14|           3|          10|
    |tmp_66_fu_1978_p2          |     +    |      0|  0|  14|           3|          10|
    |tmp_67_fu_1989_p2          |     +    |      0|  0|  14|           3|          10|
    |tmp_68_fu_2000_p2          |     +    |      0|  0|  14|           4|          10|
    |tmp_69_fu_2011_p2          |     +    |      0|  0|  14|           4|          10|
    |tmp_70_fu_2022_p2          |     +    |      0|  0|  14|           4|          10|
    |tmp_71_fu_2033_p2          |     +    |      0|  0|  14|           4|          10|
    |tmp_72_fu_2044_p2          |     +    |      0|  0|  14|           4|          10|
    |tmp_73_fu_2055_p2          |     +    |      0|  0|  14|           4|          10|
    |tmp_74_fu_2066_p2          |     +    |      0|  0|  14|           4|          10|
    |tmp_75_fu_2077_p2          |     +    |      0|  0|  14|           4|          10|
    |tmp_76_fu_2088_p2          |     +    |      0|  0|  14|           5|          10|
    |tmp_77_fu_2099_p2          |     +    |      0|  0|  14|           5|          10|
    |tmp_78_fu_2110_p2          |     +    |      0|  0|  14|           5|          10|
    |tmp_79_fu_2121_p2          |     +    |      0|  0|  14|           5|          10|
    |tmp_80_fu_2132_p2          |     +    |      0|  0|  14|           5|          10|
    |tmp_81_fu_2143_p2          |     +    |      0|  0|  14|           5|          10|
    |tmp_82_fu_2154_p2          |     +    |      0|  0|  14|           5|          10|
    |tmp_83_fu_2165_p2          |     +    |      0|  0|  14|           5|          10|
    |tmp_84_fu_2176_p2          |     +    |      0|  0|  14|           5|          10|
    |tmp_85_fu_2187_p2          |     +    |      0|  0|  14|           5|          10|
    |tmp_86_fu_2198_p2          |     +    |      0|  0|  14|           5|          10|
    |tmp_87_fu_2209_p2          |     +    |      0|  0|  14|           5|          10|
    |tmp_88_fu_2220_p2          |     +    |      0|  0|  14|           5|          10|
    |tmp_89_fu_2231_p2          |     +    |      0|  0|  14|           5|          10|
    |tmp_90_fu_2242_p2          |     +    |      0|  0|  14|           5|          10|
    |tmp_91_fu_2253_p2          |     +    |      0|  0|  14|           5|          10|
    |tmp_92_fu_2264_p2          |     +    |      0|  0|  14|           6|          10|
    |tmp_93_fu_2275_p2          |     +    |      0|  0|  14|           6|          10|
    |tmp_94_fu_2286_p2          |     +    |      0|  0|  14|           6|          10|
    |tmp_95_fu_2297_p2          |     +    |      0|  0|  14|           6|          10|
    |tmp_96_fu_2308_p2          |     +    |      0|  0|  14|           6|          10|
    |tmp_97_fu_2319_p2          |     +    |      0|  0|  14|           6|          10|
    |tmp_98_fu_2330_p2          |     +    |      0|  0|  14|           6|          10|
    |tmp_99_fu_2341_p2          |     +    |      0|  0|  14|           6|          10|
    |tmp_10_fu_2543_p2          |    and   |      0|  0|   2|           1|           1|
    |tmp_12_fu_2549_p2          |    and   |      0|  0|   2|           1|           1|
    |exitcond1_fu_1911_p2       |   icmp   |      0|  0|  11|           5|           5|
    |notlhs1_fu_2525_p2         |   icmp   |      0|  0|  11|           8|           2|
    |notlhs_fu_2507_p2          |   icmp   |      0|  0|  11|           8|           2|
    |notrhs2_fu_2531_p2         |   icmp   |      0|  0|  18|          23|           1|
    |notrhs_fu_2513_p2          |   icmp   |      0|  0|  18|          23|           1|
    |tmp_61_fu_1923_p2          |    or    |      0|  0|  10|          10|           1|
    |tmp_8_fu_1367_p2           |    or    |      0|  0|  15|          15|           1|
    |tmp_9_fu_2519_p2           |    or    |      0|  0|   2|           1|           1|
    |tmp_s_fu_2537_p2           |    or    |      0|  0|   2|           1|           1|
    |cluster_1_fu_2555_p3       |  select  |      0|  0|  32|           1|          32|
    |min_distance_1_fu_2563_p3  |  select  |      0|  0|  32|           1|          32|
    |ap_enable_pp0              |    xor   |      0|  0|   2|           1|           2|
    |ap_enable_reg_pp0_iter1    |    xor   |      0|  0|   2|           2|           1|
    +---------------------------+----------+-------+---+----+------------+------------+
    |Total                      |          |      0|  0|1930|         590|        1304|
    +---------------------------+----------+-------+---+----+------------+------------+

    * Multiplexer: 
    +-------------------------------------+-----+-----------+-----+-----------+
    |                 Name                | LUT | Input Size| Bits| Total Bits|
    +-------------------------------------+-----+-----------+-----+-----------+
    |ap_NS_fsm                            |  229|         53|    1|         53|
    |ap_enable_reg_pp0_iter1              |    9|          2|    1|          2|
    |ap_enable_reg_pp0_iter5              |    9|          2|    1|          2|
    |ap_phi_mux_cluster_2_phi_fu_1108_p4  |    9|          2|    5|         10|
    |ap_phi_mux_phi_mul_phi_fu_1120_p4    |    9|          2|   10|         20|
    |centroids_address0                   |  221|         51|   10|        510|
    |centroids_address1                   |  221|         51|   10|        510|
    |cluster_2_reg_1104                   |    9|          2|    5|         10|
    |cluster_reg_1080                     |    9|          2|   32|         64|
    |data_set_address0                    |  221|         51|   15|        765|
    |data_set_address1                    |  221|         51|   15|        765|
    |grp_fu_1128_opcode                   |   15|          3|    2|          6|
    |grp_fu_1128_p0                       |   44|          9|   32|        288|
    |grp_fu_1128_p1                       |   62|         15|   32|        480|
    |grp_fu_1132_p0                       |   38|          7|   32|        224|
    |grp_fu_1132_p1                       |   38|          7|   32|        224|
    |grp_fu_1137_opcode                   |   15|          3|    2|          6|
    |grp_fu_1137_p0                       |   44|          9|   32|        288|
    |grp_fu_1137_p1                       |  189|         43|   32|       1376|
    |grp_fu_1141_p0                       |   50|         11|   32|        352|
    |grp_fu_1141_p1                       |   38|          7|   32|        224|
    |min_distance_reg_1092                |    9|          2|   32|         64|
    |phi_mul_reg_1116                     |    9|          2|   10|         20|
    +-------------------------------------+-----+-----------+-----+-----------+
    |Total                                | 1718|        387|  407|       6263|
    +-------------------------------------+-----+-----------+-----+-----------+

    * Register: 
    +---------------------------------+----+----+-----+-----------+
    |               Name              | FF | LUT| Bits| Const Bits|
    +---------------------------------+----+----+-----+-----------+
    |ap_CS_fsm                        |  52|   0|   52|          0|
    |ap_enable_reg_pp0_iter0          |   1|   0|    1|          0|
    |ap_enable_reg_pp0_iter1          |   1|   0|    1|          0|
    |ap_enable_reg_pp0_iter2          |   1|   0|    1|          0|
    |ap_enable_reg_pp0_iter3          |   1|   0|    1|          0|
    |ap_enable_reg_pp0_iter4          |   1|   0|    1|          0|
    |ap_enable_reg_pp0_iter5          |   1|   0|    1|          0|
    |c_reg_2874                       |   5|   0|    5|          0|
    |cluster_2_reg_1104               |   5|   0|    5|          0|
    |cluster_reg_1080                 |  32|   0|   32|          0|
    |data_set_addr_10_reg_2630        |  15|   0|   15|          0|
    |data_set_addr_11_reg_2636        |  15|   0|   15|          0|
    |data_set_addr_12_reg_2642        |  15|   0|   15|          0|
    |data_set_addr_13_reg_2648        |  15|   0|   15|          0|
    |data_set_addr_14_reg_2654        |  15|   0|   15|          0|
    |data_set_addr_15_reg_2660        |  15|   0|   15|          0|
    |data_set_addr_16_reg_2666        |  15|   0|   15|          0|
    |data_set_addr_17_reg_2672        |  15|   0|   15|          0|
    |data_set_addr_18_reg_2678        |  15|   0|   15|          0|
    |data_set_addr_19_reg_2684        |  15|   0|   15|          0|
    |data_set_addr_1_reg_2576         |  14|   0|   15|          1|
    |data_set_addr_20_reg_2690        |  15|   0|   15|          0|
    |data_set_addr_21_reg_2696        |  15|   0|   15|          0|
    |data_set_addr_22_reg_2702        |  15|   0|   15|          0|
    |data_set_addr_23_reg_2708        |  15|   0|   15|          0|
    |data_set_addr_24_reg_2714        |  15|   0|   15|          0|
    |data_set_addr_25_reg_2720        |  15|   0|   15|          0|
    |data_set_addr_26_reg_2726        |  15|   0|   15|          0|
    |data_set_addr_27_reg_2732        |  15|   0|   15|          0|
    |data_set_addr_28_reg_2738        |  15|   0|   15|          0|
    |data_set_addr_29_reg_2744        |  15|   0|   15|          0|
    |data_set_addr_2_reg_2582         |  15|   0|   15|          0|
    |data_set_addr_30_reg_2750        |  15|   0|   15|          0|
    |data_set_addr_31_reg_2756        |  15|   0|   15|          0|
    |data_set_addr_32_reg_2762        |  15|   0|   15|          0|
    |data_set_addr_33_reg_2768        |  15|   0|   15|          0|
    |data_set_addr_34_reg_2774        |  15|   0|   15|          0|
    |data_set_addr_35_reg_2780        |  15|   0|   15|          0|
    |data_set_addr_36_reg_2786        |  15|   0|   15|          0|
    |data_set_addr_37_reg_2792        |  15|   0|   15|          0|
    |data_set_addr_38_reg_2798        |  15|   0|   15|          0|
    |data_set_addr_39_reg_2804        |  15|   0|   15|          0|
    |data_set_addr_3_reg_2588         |  15|   0|   15|          0|
    |data_set_addr_40_reg_2810        |  15|   0|   15|          0|
    |data_set_addr_41_reg_2816        |  15|   0|   15|          0|
    |data_set_addr_42_reg_2822        |  15|   0|   15|          0|
    |data_set_addr_43_reg_2828        |  15|   0|   15|          0|
    |data_set_addr_44_reg_2834        |  15|   0|   15|          0|
    |data_set_addr_45_reg_2840        |  15|   0|   15|          0|
    |data_set_addr_46_reg_2846        |  15|   0|   15|          0|
    |data_set_addr_47_reg_2852        |  15|   0|   15|          0|
    |data_set_addr_48_reg_2858        |  15|   0|   15|          0|
    |data_set_addr_49_reg_2864        |  15|   0|   15|          0|
    |data_set_addr_4_reg_2594         |  15|   0|   15|          0|
    |data_set_addr_5_reg_2600         |  15|   0|   15|          0|
    |data_set_addr_6_reg_2606         |  15|   0|   15|          0|
    |data_set_addr_7_reg_2612         |  15|   0|   15|          0|
    |data_set_addr_8_reg_2618         |  15|   0|   15|          0|
    |data_set_addr_9_reg_2624         |  15|   0|   15|          0|
    |data_set_addr_reg_2570           |  15|   0|   15|          0|
    |distance_2_8_reg_3404            |  32|   0|   32|          0|
    |distance_reg_3439                |  32|   0|   32|          0|
    |exitcond1_reg_2870               |   1|   0|    1|          0|
    |min_distance_reg_1092            |  32|   0|   32|          0|
    |next_mul_reg_3358                |  10|   0|   10|          0|
    |phi_mul_reg_1116                 |  10|   0|   10|          0|
    |reg_1155                         |  32|   0|   32|          0|
    |reg_1160                         |  32|   0|   32|          0|
    |reg_1165                         |  32|   0|   32|          0|
    |reg_1170                         |  32|   0|   32|          0|
    |reg_1175                         |  32|   0|   32|          0|
    |reg_1180                         |  32|   0|   32|          0|
    |reg_1185                         |  32|   0|   32|          0|
    |reg_1190                         |  32|   0|   32|          0|
    |reg_1195                         |  32|   0|   32|          0|
    |reg_1200                         |  32|   0|   32|          0|
    |reg_1205                         |  32|   0|   32|          0|
    |reg_1210                         |  32|   0|   32|          0|
    |reg_1215                         |  32|   0|   32|          0|
    |reg_1220                         |  32|   0|   32|          0|
    |reg_1225                         |  32|   0|   32|          0|
    |reg_1230                         |  32|   0|   32|          0|
    |reg_1235                         |  32|   0|   32|          0|
    |reg_1241                         |  32|   0|   32|          0|
    |reg_1247                         |  32|   0|   32|          0|
    |reg_1253                         |  32|   0|   32|          0|
    |reg_1259                         |  32|   0|   32|          0|
    |reg_1265                         |  32|   0|   32|          0|
    |reg_1271                         |  32|   0|   32|          0|
    |reg_1277                         |  32|   0|   32|          0|
    |reg_1283                         |  32|   0|   32|          0|
    |reg_1288                         |  32|   0|   32|          0|
    |reg_1294                         |  32|   0|   32|          0|
    |reg_1299                         |  32|   0|   32|          0|
    |reg_1305                         |  32|   0|   32|          0|
    |reg_1311                         |  32|   0|   32|          0|
    |reg_1317                         |  32|   0|   32|          0|
    |reg_1322                         |  32|   0|   32|          0|
    |reg_1327                         |  32|   0|   32|          0|
    |reg_1332                         |  32|   0|   32|          0|
    |reg_1337                         |  32|   0|   32|          0|
    |reg_1342                         |  32|   0|   32|          0|
    |tmp_5_48_reg_3414                |  32|   0|   32|          0|
    |tmp_6_47_reg_3399                |  32|   0|   32|          0|
    |tmp_7_10_reg_3056                |  32|   0|   32|          0|
    |tmp_7_11_reg_3067                |  32|   0|   32|          0|
    |tmp_7_12_reg_3078                |  32|   0|   32|          0|
    |tmp_7_12_reg_3078_pp0_iter1_reg  |  32|   0|   32|          0|
    |tmp_7_13_reg_3089                |  32|   0|   32|          0|
    |tmp_7_13_reg_3089_pp0_iter1_reg  |  32|   0|   32|          0|
    |tmp_7_14_reg_3100                |  32|   0|   32|          0|
    |tmp_7_14_reg_3100_pp0_iter1_reg  |  32|   0|   32|          0|
    |tmp_7_15_reg_3111                |  32|   0|   32|          0|
    |tmp_7_15_reg_3111_pp0_iter1_reg  |  32|   0|   32|          0|
    |tmp_7_16_reg_3122                |  32|   0|   32|          0|
    |tmp_7_16_reg_3122_pp0_iter1_reg  |  32|   0|   32|          0|
    |tmp_7_17_reg_3133                |  32|   0|   32|          0|
    |tmp_7_17_reg_3133_pp0_iter1_reg  |  32|   0|   32|          0|
    |tmp_7_18_reg_3144                |  32|   0|   32|          0|
    |tmp_7_18_reg_3144_pp0_iter1_reg  |  32|   0|   32|          0|
    |tmp_7_19_reg_3155                |  32|   0|   32|          0|
    |tmp_7_19_reg_3155_pp0_iter1_reg  |  32|   0|   32|          0|
    |tmp_7_1_reg_2951                 |  32|   0|   32|          0|
    |tmp_7_20_reg_3166                |  32|   0|   32|          0|
    |tmp_7_20_reg_3166_pp0_iter1_reg  |  32|   0|   32|          0|
    |tmp_7_21_reg_3177                |  32|   0|   32|          0|
    |tmp_7_21_reg_3177_pp0_iter1_reg  |  32|   0|   32|          0|
    |tmp_7_22_reg_3188                |  32|   0|   32|          0|
    |tmp_7_22_reg_3188_pp0_iter1_reg  |  32|   0|   32|          0|
    |tmp_7_23_reg_3199                |  32|   0|   32|          0|
    |tmp_7_24_reg_3210                |  32|   0|   32|          0|
    |tmp_7_25_reg_3221                |  32|   0|   32|          0|
    |tmp_7_26_reg_3232                |  32|   0|   32|          0|
    |tmp_7_27_reg_3243                |  32|   0|   32|          0|
    |tmp_7_28_reg_3254                |  32|   0|   32|          0|
    |tmp_7_29_reg_3265                |  32|   0|   32|          0|
    |tmp_7_2_reg_2962                 |  32|   0|   32|          0|
    |tmp_7_30_reg_3276                |  32|   0|   32|          0|
    |tmp_7_31_reg_3287                |  32|   0|   32|          0|
    |tmp_7_32_reg_3298                |  32|   0|   32|          0|
    |tmp_7_33_reg_3309                |  32|   0|   32|          0|
    |tmp_7_34_reg_3320                |  32|   0|   32|          0|
    |tmp_7_35_reg_3331                |  32|   0|   32|          0|
    |tmp_7_36_reg_3342                |  32|   0|   32|          0|
    |tmp_7_37_reg_3353                |  32|   0|   32|          0|
    |tmp_7_38_reg_3369                |  32|   0|   32|          0|
    |tmp_7_39_reg_3374                |  32|   0|   32|          0|
    |tmp_7_3_reg_2973                 |  32|   0|   32|          0|
    |tmp_7_40_reg_3379                |  32|   0|   32|          0|
    |tmp_7_41_reg_3384                |  32|   0|   32|          0|
    |tmp_7_42_reg_3389                |  32|   0|   32|          0|
    |tmp_7_43_reg_3394                |  32|   0|   32|          0|
    |tmp_7_44_reg_3409                |  32|   0|   32|          0|
    |tmp_7_45_reg_3419                |  32|   0|   32|          0|
    |tmp_7_46_reg_3424                |  32|   0|   32|          0|
    |tmp_7_47_reg_3429                |  32|   0|   32|          0|
    |tmp_7_48_reg_3434                |  32|   0|   32|          0|
    |tmp_7_4_reg_2984                 |  32|   0|   32|          0|
    |tmp_7_6_reg_3001                 |  32|   0|   32|          0|
    |tmp_7_7_reg_3012                 |  32|   0|   32|          0|
    |tmp_7_8_reg_3023                 |  32|   0|   32|          0|
    |tmp_7_9_reg_3034                 |  32|   0|   32|          0|
    |tmp_7_s_reg_3045                 |  32|   0|   32|          0|
    |cluster_2_reg_1104               |  64|  32|    5|          0|
    |exitcond1_reg_2870               |  64|  32|    1|          0|
    |tmp_7_23_reg_3199                |  64|  32|   32|          0|
    |tmp_7_24_reg_3210                |  64|  32|   32|          0|
    |tmp_7_25_reg_3221                |  64|  32|   32|          0|
    |tmp_7_26_reg_3232                |  64|  32|   32|          0|
    |tmp_7_27_reg_3243                |  64|  32|   32|          0|
    |tmp_7_28_reg_3254                |  64|  32|   32|          0|
    |tmp_7_29_reg_3265                |  64|  32|   32|          0|
    |tmp_7_30_reg_3276                |  64|  32|   32|          0|
    |tmp_7_31_reg_3287                |  64|  32|   32|          0|
    |tmp_7_32_reg_3298                |  64|  32|   32|          0|
    |tmp_7_33_reg_3309                |  64|  32|   32|          0|
    |tmp_7_34_reg_3320                |  64|  32|   32|          0|
    |tmp_7_35_reg_3331                |  64|  32|   32|          0|
    |tmp_7_36_reg_3342                |  64|  32|   32|          0|
    |tmp_7_37_reg_3353                |  64|  32|   32|          0|
    |tmp_7_38_reg_3369                |  64|  32|   32|          0|
    |tmp_7_39_reg_3374                |  64|  32|   32|          0|
    |tmp_7_40_reg_3379                |  64|  32|   32|          0|
    |tmp_7_41_reg_3384                |  64|  32|   32|          0|
    |tmp_7_42_reg_3389                |  64|  32|   32|          0|
    |tmp_7_43_reg_3394                |  64|  32|   32|          0|
    |tmp_7_44_reg_3409                |  64|  32|   32|          0|
    |tmp_7_45_reg_3419                |  64|  32|   32|          0|
    |tmp_7_46_reg_3424                |  64|  32|   32|          0|
    |tmp_7_47_reg_3429                |  64|  32|   32|          0|
    |tmp_7_48_reg_3434                |  64|  32|   32|          0|
    +---------------------------------+----+----+-----+-----------+
    |Total                            |5862| 896| 4909|          1|
    +---------------------------------+----+----+-----+-----------+



================================================================
== Interface
================================================================
* Summary: 
+--------------------+-----+-----+------------+-----------------+--------------+
|      RTL Ports     | Dir | Bits|  Protocol  |  Source Object  |    C Type    |
+--------------------+-----+-----+------------+-----------------+--------------+
|ap_clk              |  in |    1| ap_ctrl_hs |   get_cluster   | return value |
|ap_rst              |  in |    1| ap_ctrl_hs |   get_cluster   | return value |
|ap_start            |  in |    1| ap_ctrl_hs |   get_cluster   | return value |
|ap_done             | out |    1| ap_ctrl_hs |   get_cluster   | return value |
|ap_idle             | out |    1| ap_ctrl_hs |   get_cluster   | return value |
|ap_ready            | out |    1| ap_ctrl_hs |   get_cluster   | return value |
|ap_return           | out |   32| ap_ctrl_hs |   get_cluster   | return value |
|data_set_address0   | out |   15|  ap_memory |     data_set    |     array    |
|data_set_ce0        | out |    1|  ap_memory |     data_set    |     array    |
|data_set_q0         |  in |   32|  ap_memory |     data_set    |     array    |
|data_set_address1   | out |   15|  ap_memory |     data_set    |     array    |
|data_set_ce1        | out |    1|  ap_memory |     data_set    |     array    |
|data_set_q1         |  in |   32|  ap_memory |     data_set    |     array    |
|data_set_offset     |  in |    9|   ap_none  | data_set_offset |    scalar    |
|centroids_address0  | out |   10|  ap_memory |    centroids    |     array    |
|centroids_ce0       | out |    1|  ap_memory |    centroids    |     array    |
|centroids_q0        |  in |   32|  ap_memory |    centroids    |     array    |
|centroids_address1  | out |   10|  ap_memory |    centroids    |     array    |
|centroids_ce1       | out |    1|  ap_memory |    centroids    |     array    |
|centroids_q1        |  in |   32|  ap_memory |    centroids    |     array    |
+--------------------+-----+-----+------------+-----------------+--------------+

