

================================================================
== Vivado HLS Report for 'doKmean'
================================================================
* Date:           Thu Nov 29 23:52:27 2018

* Version:        2018.2 (Build 2258646 on Thu Jun 14 20:25:20 MDT 2018)
* Project:        kmeans
* Solution:       opti
* Product family: zynq
* Target device:  xc7z020clg484-1


================================================================
== Performance Estimates
================================================================
+ Timing (ns): 
    * Summary: 
    +--------+-------+----------+------------+
    |  Clock | Target| Estimated| Uncertainty|
    +--------+-------+----------+------------+
    |ap_clk  |  10.00|    10.373|        1.25|
    +--------+-------+----------+------------+

+ Latency (clock cycles): 
    * Summary: 
    +---------+---------+---------+---------+---------+
    |      Latency      |      Interval     | Pipeline|
    |   min   |   max   |   min   |   max   |   Type  |
    +---------+---------+---------+---------+---------+
    |  1085081|  1087105|  1085081|  1087105|   none  |
    +---------+---------+---------+---------+---------+

    + Detail: 
        * Instance: 
        +-------------------------+-------------+------+------+------+------+---------+
        |                         |             |   Latency   |   Interval  | Pipeline|
        |         Instance        |    Module   |  min |  max |  min |  max |   Type  |
        +-------------------------+-------------+------+------+------+------+---------+
        |grp_get_cluster_fu_3113  |get_cluster  |  1029|  1029|  1029|  1029|   none  |
        +-------------------------+-------------+------+------+------+------+---------+

        * Loop: 
        +-----------+---------+---------+----------+-----------+-----------+------+----------+
        |           |      Latency      | Iteration|  Initiation Interval  | Trip |          |
        | Loop Name |   min   |   max   |  Latency |  achieved |   target  | Count| Pipelined|
        +-----------+---------+---------+----------+-----------+-----------+------+----------+
        |- read_p   |    50000|    50000|        51|         50|          1|  1000|    yes   |
        |- read_c   |     1000|     1000|        51|         50|          1|    20|    yes   |
        |- Loop 3   |     2000|     2000|         2|          -|          -|  1000|    no    |
        |- cluster  |  1032000|  1032000|      1032|          -|          -|  1000|    no    |
        |- sumcen   |     1009|     1009|        60|         50|          1|    20|    yes   |
        |- update   |     1022|     1022|        73|         50|          1|    20|    yes   |
        |- Loop 7   |       63|       63|         3|          -|          -|    21|    no    |
        +-----------+---------+---------+----------+-----------+-----------+------+----------+



================================================================
== Utilization Estimates
================================================================
* Summary: 
+-----------------+---------+-------+--------+-------+
|       Name      | BRAM_18K| DSP48E|   FF   |  LUT  |
+-----------------+---------+-------+--------+-------+
|DSP              |        -|     50|       -|      -|
|Expression       |        -|      -|       0|   3816|
|FIFO             |        -|      -|       -|      -|
|Instance         |        0|     16|    7625|  16642|
|Memory           |      136|      -|       0|      0|
|Multiplexer      |        -|      -|       -|   4840|
|Register         |        -|      -|    7187|      -|
+-----------------+---------+-------+--------+-------+
|Total            |      136|     66|   14812|  25298|
+-----------------+---------+-------+--------+-------+
|Available        |      280|    220|  106400|  53200|
+-----------------+---------+-------+--------+-------+
|Utilization (%)  |       48|     30|      13|     47|
+-----------------+---------+-------+--------+-------+

+ Detail: 
    * Instance: 
    +--------------------------+------------------------+---------+-------+------+-------+
    |         Instance         |         Module         | BRAM_18K| DSP48E|  FF  |  LUT  |
    +--------------------------+------------------------+---------+-------+------+-------+
    |doKmean_CRTL_BUS_s_axi_U  |doKmean_CRTL_BUS_s_axi  |        0|      0|    74|    104|
    |doKmean_fadd_32nshbi_U17  |doKmean_fadd_32nshbi    |        0|      2|   205|    390|
    |doKmean_fadd_32nshbi_U18  |doKmean_fadd_32nshbi    |        0|      2|   205|    390|
    |doKmean_fdiv_32nsibs_U19  |doKmean_fdiv_32nsibs    |        0|      0|   761|    994|
    |doKmean_sitofp_32jbC_U20  |doKmean_sitofp_32jbC    |        0|      0|   340|    554|
    |grp_get_cluster_fu_3113   |get_cluster             |        0|     12|  6040|  14210|
    +--------------------------+------------------------+---------+-------+------+-------+
    |Total                     |                        |        0|     16|  7625|  16642|
    +--------------------------+------------------------+---------+-------+------+-------+

    * DSP48: 
    +--------------------------+----------------------+--------------+
    |         Instance         |        Module        |  Expression  |
    +--------------------------+----------------------+--------------+
    |doKmean_mac_muladlbW_U23  |doKmean_mac_muladlbW  | i0 + i1 * i2 |
    |doKmean_mac_muladlbW_U24  |doKmean_mac_muladlbW  | i0 + i1 * i2 |
    |doKmean_mac_muladmb6_U25  |doKmean_mac_muladmb6  | i0 + i1 * i2 |
    |doKmean_mac_muladmb6_U26  |doKmean_mac_muladmb6  | i0 + i1 * i2 |
    |doKmean_mac_muladmb6_U27  |doKmean_mac_muladmb6  | i0 + i1 * i2 |
    |doKmean_mac_muladmb6_U28  |doKmean_mac_muladmb6  | i0 + i1 * i2 |
    |doKmean_mac_muladncg_U29  |doKmean_mac_muladncg  | i0 + i1 * i2 |
    |doKmean_mac_muladncg_U30  |doKmean_mac_muladncg  | i0 + i1 * i2 |
    |doKmean_mac_muladncg_U31  |doKmean_mac_muladncg  | i0 + i1 * i2 |
    |doKmean_mac_muladncg_U32  |doKmean_mac_muladncg  | i0 + i1 * i2 |
    |doKmean_mac_muladncg_U33  |doKmean_mac_muladncg  | i0 + i1 * i2 |
    |doKmean_mac_muladncg_U34  |doKmean_mac_muladncg  | i0 + i1 * i2 |
    |doKmean_mac_muladncg_U35  |doKmean_mac_muladncg  | i0 + i1 * i2 |
    |doKmean_mac_muladncg_U36  |doKmean_mac_muladncg  | i0 + i1 * i2 |
    |doKmean_mac_muladocq_U37  |doKmean_mac_muladocq  | i0 + i1 * i2 |
    |doKmean_mac_muladocq_U38  |doKmean_mac_muladocq  | i0 + i1 * i2 |
    |doKmean_mac_muladocq_U39  |doKmean_mac_muladocq  | i0 + i1 * i2 |
    |doKmean_mac_muladocq_U40  |doKmean_mac_muladocq  | i0 + i1 * i2 |
    |doKmean_mac_muladocq_U41  |doKmean_mac_muladocq  | i0 + i1 * i2 |
    |doKmean_mac_muladocq_U42  |doKmean_mac_muladocq  | i0 + i1 * i2 |
    |doKmean_mac_muladocq_U43  |doKmean_mac_muladocq  | i0 + i1 * i2 |
    |doKmean_mac_muladocq_U44  |doKmean_mac_muladocq  | i0 + i1 * i2 |
    |doKmean_mac_muladocq_U45  |doKmean_mac_muladocq  | i0 + i1 * i2 |
    |doKmean_mac_muladocq_U46  |doKmean_mac_muladocq  | i0 + i1 * i2 |
    |doKmean_mac_muladocq_U47  |doKmean_mac_muladocq  | i0 + i1 * i2 |
    |doKmean_mac_muladocq_U48  |doKmean_mac_muladocq  | i0 + i1 * i2 |
    |doKmean_mac_muladocq_U49  |doKmean_mac_muladocq  | i0 + i1 * i2 |
    |doKmean_mac_muladocq_U50  |doKmean_mac_muladocq  | i0 + i1 * i2 |
    |doKmean_mac_muladocq_U51  |doKmean_mac_muladocq  | i0 + i1 * i2 |
    |doKmean_mac_muladocq_U52  |doKmean_mac_muladocq  | i0 + i1 * i2 |
    |doKmean_mac_muladpcA_U53  |doKmean_mac_muladpcA  | i0 + i1 * i2 |
    |doKmean_mac_muladpcA_U54  |doKmean_mac_muladpcA  | i0 + i1 * i2 |
    |doKmean_mac_muladpcA_U55  |doKmean_mac_muladpcA  | i0 + i1 * i2 |
    |doKmean_mac_muladpcA_U56  |doKmean_mac_muladpcA  | i0 + i1 * i2 |
    |doKmean_mac_muladpcA_U57  |doKmean_mac_muladpcA  | i0 + i1 * i2 |
    |doKmean_mac_muladpcA_U58  |doKmean_mac_muladpcA  | i0 + i1 * i2 |
    |doKmean_mac_muladpcA_U59  |doKmean_mac_muladpcA  | i0 + i1 * i2 |
    |doKmean_mac_muladpcA_U60  |doKmean_mac_muladpcA  | i0 + i1 * i2 |
    |doKmean_mac_muladpcA_U61  |doKmean_mac_muladpcA  | i0 + i1 * i2 |
    |doKmean_mac_muladpcA_U62  |doKmean_mac_muladpcA  | i0 + i1 * i2 |
    |doKmean_mac_muladpcA_U63  |doKmean_mac_muladpcA  | i0 + i1 * i2 |
    |doKmean_mac_muladpcA_U64  |doKmean_mac_muladpcA  | i0 + i1 * i2 |
    |doKmean_mac_muladpcA_U65  |doKmean_mac_muladpcA  | i0 + i1 * i2 |
    |doKmean_mac_muladpcA_U66  |doKmean_mac_muladpcA  | i0 + i1 * i2 |
    |doKmean_mac_muladpcA_U67  |doKmean_mac_muladpcA  | i0 + i1 * i2 |
    |doKmean_mac_muladpcA_U68  |doKmean_mac_muladpcA  | i0 + i1 * i2 |
    |doKmean_mac_muladpcA_U69  |doKmean_mac_muladpcA  | i0 + i1 * i2 |
    |doKmean_mac_muladpcA_U70  |doKmean_mac_muladpcA  | i0 + i1 * i2 |
    |doKmean_mul_mul_7kbM_U21  |doKmean_mul_mul_7kbM  |    i0 * i1   |
    |doKmean_mul_mul_7kbM_U22  |doKmean_mul_mul_7kbM  |    i0 * i1   |
    +--------------------------+----------------------+--------------+

    * Memory: 
    +-----------------+----------------------+---------+---+----+-------+-----+------+-------------+
    |      Memory     |        Module        | BRAM_18K| FF| LUT| Words | Bits| Banks| W*Bits*Banks|
    +-----------------+----------------------+---------+---+----+-------+-----+------+-------------+
    |centroids_U      |doKmean_centroids     |        2|  0|   0|   1000|   32|     1|        32000|
    |new_centroids_U  |doKmean_new_centrg8j  |        2|  0|   0|   1000|   32|     1|        32000|
    |np_cluster_U     |doKmean_np_cluster    |        2|  0|   0|     20|   32|     1|          640|
    |points_U         |doKmean_points        |      128|  0|   0|  50000|   32|     1|      1600000|
    |results_U        |doKmean_results       |        2|  0|   0|   1001|   32|     1|        32032|
    +-----------------+----------------------+---------+---+----+-------+-----+------+-------------+
    |Total            |                      |      136|  0|   0|  53021|  160|     5|      1696672|
    +-----------------+----------------------+---------+---+----+-------+-----+------+-------------+

    * FIFO: 
    N/A

    * Expression: 
    +-------------------------------------+----------+-------+---+----+------------+------------+
    |            Variable Name            | Operation| DSP48E| FF| LUT| Bitwidth P0| Bitwidth P1|
    +-------------------------------------+----------+-------+---+----+------------+------------+
    |c_1_fu_6255_p2                       |     +    |      0|  0|  15|           5|           1|
    |gain_off1_fu_6223_p2                 |     +    |      0|  0|  39|          32|           3|
    |gain_off_fu_4342_p2                  |     +    |      0|  0|  39|          32|           2|
    |i_1_fu_3485_p2                       |     +    |      0|  0|  14|          10|           1|
    |i_2_fu_4373_p2                       |     +    |      0|  0|  15|           5|           1|
    |i_3_fu_5179_p2                       |     +    |      0|  0|  14|          10|           1|
    |i_4_fu_5201_p2                       |     +    |      0|  0|  14|          10|           1|
    |i_5_fu_5255_p2                       |     +    |      0|  0|  15|           5|           1|
    |idx_1_fu_6817_p2                     |     +    |      0|  0|  15|           5|           1|
    |next_mul3_fu_5136_p2                 |     +    |      0|  0|  14|          10|           6|
    |next_mul5_fu_6199_p2                 |     +    |      0|  0|  14|           6|          10|
    |next_mul7_fu_6805_p2                 |     +    |      0|  0|  14|          10|           6|
    |next_mul_fu_4304_p2                  |     +    |      0|  0|  23|          16|           6|
    |np_cluster_d0                        |     +    |      0|  0|  39|          32|           1|
    |tmp_200_fu_3568_p2                   |     +    |      0|  0|  23|          16|           2|
    |tmp_201_fu_3584_p2                   |     +    |      0|  0|  23|          16|           2|
    |tmp_202_fu_3600_p2                   |     +    |      0|  0|  23|          16|           3|
    |tmp_203_fu_3616_p2                   |     +    |      0|  0|  23|          16|           3|
    |tmp_204_fu_3632_p2                   |     +    |      0|  0|  23|          16|           3|
    |tmp_205_fu_3648_p2                   |     +    |      0|  0|  23|          16|           3|
    |tmp_206_fu_3664_p2                   |     +    |      0|  0|  23|          16|           4|
    |tmp_207_fu_3680_p2                   |     +    |      0|  0|  23|          16|           4|
    |tmp_208_fu_3696_p2                   |     +    |      0|  0|  23|          16|           4|
    |tmp_209_fu_3712_p2                   |     +    |      0|  0|  23|          16|           4|
    |tmp_210_fu_3728_p2                   |     +    |      0|  0|  23|          16|           4|
    |tmp_211_fu_3744_p2                   |     +    |      0|  0|  23|          16|           4|
    |tmp_212_fu_3760_p2                   |     +    |      0|  0|  23|          16|           4|
    |tmp_213_fu_3776_p2                   |     +    |      0|  0|  23|          16|           4|
    |tmp_214_fu_3792_p2                   |     +    |      0|  0|  23|          16|           5|
    |tmp_215_fu_3808_p2                   |     +    |      0|  0|  23|          16|           5|
    |tmp_216_fu_3824_p2                   |     +    |      0|  0|  23|          16|           5|
    |tmp_217_fu_3840_p2                   |     +    |      0|  0|  23|          16|           5|
    |tmp_218_fu_3856_p2                   |     +    |      0|  0|  23|          16|           5|
    |tmp_219_fu_3872_p2                   |     +    |      0|  0|  23|          16|           5|
    |tmp_220_fu_3888_p2                   |     +    |      0|  0|  23|          16|           5|
    |tmp_221_fu_3904_p2                   |     +    |      0|  0|  23|          16|           5|
    |tmp_222_fu_3920_p2                   |     +    |      0|  0|  23|          16|           5|
    |tmp_223_fu_3936_p2                   |     +    |      0|  0|  23|          16|           5|
    |tmp_224_fu_3952_p2                   |     +    |      0|  0|  23|          16|           5|
    |tmp_225_fu_3968_p2                   |     +    |      0|  0|  23|          16|           5|
    |tmp_226_fu_3984_p2                   |     +    |      0|  0|  23|          16|           5|
    |tmp_227_fu_4000_p2                   |     +    |      0|  0|  23|          16|           5|
    |tmp_228_fu_4016_p2                   |     +    |      0|  0|  23|          16|           5|
    |tmp_229_fu_4032_p2                   |     +    |      0|  0|  23|          16|           5|
    |tmp_230_fu_4048_p2                   |     +    |      0|  0|  23|          16|           6|
    |tmp_231_fu_4064_p2                   |     +    |      0|  0|  23|          16|           6|
    |tmp_232_fu_4080_p2                   |     +    |      0|  0|  23|          16|           6|
    |tmp_233_fu_4096_p2                   |     +    |      0|  0|  23|          16|           6|
    |tmp_234_fu_4112_p2                   |     +    |      0|  0|  23|          16|           6|
    |tmp_235_fu_4128_p2                   |     +    |      0|  0|  23|          16|           6|
    |tmp_236_fu_4144_p2                   |     +    |      0|  0|  23|          16|           6|
    |tmp_237_fu_4160_p2                   |     +    |      0|  0|  23|          16|           6|
    |tmp_238_fu_4176_p2                   |     +    |      0|  0|  23|          16|           6|
    |tmp_239_fu_4192_p2                   |     +    |      0|  0|  23|          16|           6|
    |tmp_240_fu_4208_p2                   |     +    |      0|  0|  23|          16|           6|
    |tmp_241_fu_4224_p2                   |     +    |      0|  0|  23|          16|           6|
    |tmp_242_fu_4240_p2                   |     +    |      0|  0|  23|          16|           6|
    |tmp_243_fu_4256_p2                   |     +    |      0|  0|  23|          16|           6|
    |tmp_244_fu_4272_p2                   |     +    |      0|  0|  23|          16|           6|
    |tmp_245_fu_4288_p2                   |     +    |      0|  0|  23|          16|           6|
    |tmp_246_fu_4310_p2                   |     +    |      0|  0|  23|          16|           6|
    |tmp_247_fu_4321_p2                   |     +    |      0|  0|  23|          16|           6|
    |tmp_249_fu_4400_p2                   |     +    |      0|  0|  14|          10|           2|
    |tmp_250_fu_4416_p2                   |     +    |      0|  0|  14|          10|           2|
    |tmp_251_fu_4432_p2                   |     +    |      0|  0|  14|          10|           3|
    |tmp_252_fu_4448_p2                   |     +    |      0|  0|  14|          10|           3|
    |tmp_253_fu_4464_p2                   |     +    |      0|  0|  14|          10|           3|
    |tmp_254_fu_4480_p2                   |     +    |      0|  0|  14|          10|           3|
    |tmp_255_fu_4496_p2                   |     +    |      0|  0|  14|          10|           4|
    |tmp_256_fu_4512_p2                   |     +    |      0|  0|  14|          10|           4|
    |tmp_257_fu_4528_p2                   |     +    |      0|  0|  14|          10|           4|
    |tmp_258_fu_4544_p2                   |     +    |      0|  0|  14|          10|           4|
    |tmp_259_fu_4560_p2                   |     +    |      0|  0|  14|          10|           4|
    |tmp_260_fu_4576_p2                   |     +    |      0|  0|  14|          10|           4|
    |tmp_261_fu_4592_p2                   |     +    |      0|  0|  14|          10|           4|
    |tmp_262_fu_4608_p2                   |     +    |      0|  0|  14|          10|           4|
    |tmp_263_fu_4624_p2                   |     +    |      0|  0|  14|          10|           5|
    |tmp_264_fu_4640_p2                   |     +    |      0|  0|  14|          10|           5|
    |tmp_265_fu_4656_p2                   |     +    |      0|  0|  14|          10|           5|
    |tmp_266_fu_4672_p2                   |     +    |      0|  0|  14|          10|           5|
    |tmp_267_fu_4688_p2                   |     +    |      0|  0|  14|          10|           5|
    |tmp_268_fu_4704_p2                   |     +    |      0|  0|  14|          10|           5|
    |tmp_269_fu_4720_p2                   |     +    |      0|  0|  14|          10|           5|
    |tmp_270_fu_4736_p2                   |     +    |      0|  0|  14|          10|           5|
    |tmp_271_fu_4752_p2                   |     +    |      0|  0|  14|          10|           5|
    |tmp_272_fu_4768_p2                   |     +    |      0|  0|  14|          10|           5|
    |tmp_273_fu_4784_p2                   |     +    |      0|  0|  14|          10|           5|
    |tmp_274_fu_4800_p2                   |     +    |      0|  0|  14|          10|           5|
    |tmp_275_fu_4816_p2                   |     +    |      0|  0|  14|          10|           5|
    |tmp_276_fu_4832_p2                   |     +    |      0|  0|  14|          10|           5|
    |tmp_277_fu_4848_p2                   |     +    |      0|  0|  14|          10|           5|
    |tmp_278_fu_4864_p2                   |     +    |      0|  0|  14|          10|           5|
    |tmp_279_fu_4880_p2                   |     +    |      0|  0|  14|          10|           6|
    |tmp_280_fu_4896_p2                   |     +    |      0|  0|  14|          10|           6|
    |tmp_281_fu_4912_p2                   |     +    |      0|  0|  14|          10|           6|
    |tmp_282_fu_4928_p2                   |     +    |      0|  0|  14|          10|           6|
    |tmp_283_fu_4944_p2                   |     +    |      0|  0|  14|          10|           6|
    |tmp_284_fu_4960_p2                   |     +    |      0|  0|  14|          10|           6|
    |tmp_285_fu_4976_p2                   |     +    |      0|  0|  14|          10|           6|
    |tmp_286_fu_4992_p2                   |     +    |      0|  0|  14|          10|           6|
    |tmp_287_fu_5008_p2                   |     +    |      0|  0|  14|          10|           6|
    |tmp_288_fu_5024_p2                   |     +    |      0|  0|  14|          10|           6|
    |tmp_289_fu_5040_p2                   |     +    |      0|  0|  14|          10|           6|
    |tmp_290_fu_5056_p2                   |     +    |      0|  0|  14|          10|           6|
    |tmp_291_fu_5072_p2                   |     +    |      0|  0|  14|          10|           6|
    |tmp_292_fu_5088_p2                   |     +    |      0|  0|  14|          10|           6|
    |tmp_293_fu_5104_p2                   |     +    |      0|  0|  14|          10|           6|
    |tmp_294_fu_5120_p2                   |     +    |      0|  0|  14|          10|           6|
    |tmp_295_fu_5142_p2                   |     +    |      0|  0|  14|          10|           6|
    |tmp_296_fu_5153_p2                   |     +    |      0|  0|  14|          10|           6|
    |tmp_298_fu_5277_p2                   |     +    |      0|  0|  14|           2|          10|
    |tmp_299_fu_5288_p2                   |     +    |      0|  0|  14|           2|          10|
    |tmp_300_fu_5307_p2                   |     +    |      0|  0|  14|           3|          10|
    |tmp_301_fu_5318_p2                   |     +    |      0|  0|  14|           3|          10|
    |tmp_302_fu_5341_p2                   |     +    |      0|  0|  14|           3|          10|
    |tmp_303_fu_5352_p2                   |     +    |      0|  0|  14|           3|          10|
    |tmp_304_fu_5381_p2                   |     +    |      0|  0|  14|           4|          10|
    |tmp_305_fu_5392_p2                   |     +    |      0|  0|  14|           4|          10|
    |tmp_306_fu_5415_p2                   |     +    |      0|  0|  14|           4|          10|
    |tmp_307_fu_5426_p2                   |     +    |      0|  0|  14|           4|          10|
    |tmp_308_fu_5449_p2                   |     +    |      0|  0|  14|           4|          10|
    |tmp_309_fu_5460_p2                   |     +    |      0|  0|  14|           4|          10|
    |tmp_310_fu_5483_p2                   |     +    |      0|  0|  14|           4|          10|
    |tmp_311_fu_5494_p2                   |     +    |      0|  0|  14|           4|          10|
    |tmp_312_fu_5517_p2                   |     +    |      0|  0|  14|           5|          10|
    |tmp_313_fu_5528_p2                   |     +    |      0|  0|  14|           5|          10|
    |tmp_314_fu_5551_p2                   |     +    |      0|  0|  14|           5|          10|
    |tmp_315_fu_5562_p2                   |     +    |      0|  0|  14|           5|          10|
    |tmp_316_fu_5585_p2                   |     +    |      0|  0|  14|           5|          10|
    |tmp_317_fu_5596_p2                   |     +    |      0|  0|  14|           5|          10|
    |tmp_318_fu_5619_p2                   |     +    |      0|  0|  14|           5|          10|
    |tmp_319_fu_5630_p2                   |     +    |      0|  0|  14|           5|          10|
    |tmp_320_fu_5653_p2                   |     +    |      0|  0|  14|           5|          10|
    |tmp_321_fu_5664_p2                   |     +    |      0|  0|  14|           5|          10|
    |tmp_322_fu_5687_p2                   |     +    |      0|  0|  14|           5|          10|
    |tmp_323_fu_5698_p2                   |     +    |      0|  0|  14|           5|          10|
    |tmp_324_fu_5721_p2                   |     +    |      0|  0|  14|           5|          10|
    |tmp_325_fu_5732_p2                   |     +    |      0|  0|  14|           5|          10|
    |tmp_326_fu_5755_p2                   |     +    |      0|  0|  14|           5|          10|
    |tmp_327_fu_5766_p2                   |     +    |      0|  0|  14|           5|          10|
    |tmp_328_fu_5789_p2                   |     +    |      0|  0|  14|           6|          10|
    |tmp_329_fu_5800_p2                   |     +    |      0|  0|  14|           6|          10|
    |tmp_330_fu_5823_p2                   |     +    |      0|  0|  14|           6|          10|
    |tmp_331_fu_5834_p2                   |     +    |      0|  0|  14|           6|          10|
    |tmp_332_fu_5857_p2                   |     +    |      0|  0|  14|           6|          10|
    |tmp_333_fu_5868_p2                   |     +    |      0|  0|  14|           6|          10|
    |tmp_334_fu_5891_p2                   |     +    |      0|  0|  14|           6|          10|
    |tmp_335_fu_5902_p2                   |     +    |      0|  0|  14|           6|          10|
    |tmp_336_fu_5925_p2                   |     +    |      0|  0|  14|           6|          10|
    |tmp_337_fu_5936_p2                   |     +    |      0|  0|  14|           6|          10|
    |tmp_338_fu_5959_p2                   |     +    |      0|  0|  14|           6|          10|
    |tmp_339_fu_5970_p2                   |     +    |      0|  0|  14|           6|          10|
    |tmp_340_fu_5993_p2                   |     +    |      0|  0|  14|           6|          10|
    |tmp_341_fu_6004_p2                   |     +    |      0|  0|  14|           6|          10|
    |tmp_342_fu_6027_p2                   |     +    |      0|  0|  14|           6|          10|
    |tmp_343_fu_6038_p2                   |     +    |      0|  0|  14|           6|          10|
    |tmp_344_fu_6061_p2                   |     +    |      0|  0|  14|           6|          10|
    |tmp_345_fu_6072_p2                   |     +    |      0|  0|  14|           6|          10|
    |tmp_488_fu_6277_p2                   |     +    |      0|  0|  14|          10|           2|
    |tmp_489_fu_6288_p2                   |     +    |      0|  0|  14|          10|           2|
    |tmp_490_fu_6299_p2                   |     +    |      0|  0|  14|          10|           3|
    |tmp_491_fu_6310_p2                   |     +    |      0|  0|  14|          10|           3|
    |tmp_492_fu_6321_p2                   |     +    |      0|  0|  14|          10|           3|
    |tmp_493_fu_6332_p2                   |     +    |      0|  0|  14|          10|           3|
    |tmp_494_fu_6343_p2                   |     +    |      0|  0|  14|          10|           4|
    |tmp_495_fu_6354_p2                   |     +    |      0|  0|  14|          10|           4|
    |tmp_496_fu_6365_p2                   |     +    |      0|  0|  14|          10|           4|
    |tmp_497_fu_6376_p2                   |     +    |      0|  0|  14|          10|           4|
    |tmp_498_fu_6387_p2                   |     +    |      0|  0|  14|          10|           4|
    |tmp_499_fu_6398_p2                   |     +    |      0|  0|  14|          10|           4|
    |tmp_500_fu_6409_p2                   |     +    |      0|  0|  14|          10|           4|
    |tmp_501_fu_6420_p2                   |     +    |      0|  0|  14|          10|           4|
    |tmp_502_fu_6431_p2                   |     +    |      0|  0|  14|          10|           5|
    |tmp_503_fu_6442_p2                   |     +    |      0|  0|  14|          10|           5|
    |tmp_504_fu_6453_p2                   |     +    |      0|  0|  14|          10|           5|
    |tmp_505_fu_6464_p2                   |     +    |      0|  0|  14|          10|           5|
    |tmp_506_fu_6475_p2                   |     +    |      0|  0|  14|          10|           5|
    |tmp_507_fu_6486_p2                   |     +    |      0|  0|  14|          10|           5|
    |tmp_508_fu_6497_p2                   |     +    |      0|  0|  14|          10|           5|
    |tmp_509_fu_6508_p2                   |     +    |      0|  0|  14|          10|           5|
    |tmp_510_fu_6519_p2                   |     +    |      0|  0|  14|          10|           5|
    |tmp_511_fu_6530_p2                   |     +    |      0|  0|  14|          10|           5|
    |tmp_512_fu_6541_p2                   |     +    |      0|  0|  14|          10|           5|
    |tmp_513_fu_6552_p2                   |     +    |      0|  0|  14|          10|           5|
    |tmp_514_fu_6563_p2                   |     +    |      0|  0|  14|          10|           5|
    |tmp_515_fu_6574_p2                   |     +    |      0|  0|  14|          10|           5|
    |tmp_516_fu_6585_p2                   |     +    |      0|  0|  14|          10|           5|
    |tmp_517_fu_6596_p2                   |     +    |      0|  0|  14|          10|           5|
    |tmp_518_fu_6607_p2                   |     +    |      0|  0|  14|          10|           6|
    |tmp_519_fu_6618_p2                   |     +    |      0|  0|  14|          10|           6|
    |tmp_520_fu_6629_p2                   |     +    |      0|  0|  14|          10|           6|
    |tmp_521_fu_6640_p2                   |     +    |      0|  0|  14|          10|           6|
    |tmp_522_fu_6651_p2                   |     +    |      0|  0|  14|          10|           6|
    |tmp_523_fu_6662_p2                   |     +    |      0|  0|  14|          10|           6|
    |tmp_524_fu_6673_p2                   |     +    |      0|  0|  14|          10|           6|
    |tmp_525_fu_6684_p2                   |     +    |      0|  0|  14|          10|           6|
    |tmp_526_fu_6695_p2                   |     +    |      0|  0|  14|          10|           6|
    |tmp_527_fu_6706_p2                   |     +    |      0|  0|  14|          10|           6|
    |tmp_528_fu_6717_p2                   |     +    |      0|  0|  14|          10|           6|
    |tmp_529_fu_6728_p2                   |     +    |      0|  0|  14|          10|           6|
    |tmp_530_fu_6739_p2                   |     +    |      0|  0|  14|          10|           6|
    |tmp_531_fu_6750_p2                   |     +    |      0|  0|  14|          10|           6|
    |tmp_532_fu_6761_p2                   |     +    |      0|  0|  14|          10|           6|
    |tmp_533_fu_6772_p2                   |     +    |      0|  0|  14|          10|           6|
    |tmp_534_fu_6783_p2                   |     +    |      0|  0|  14|          10|           6|
    |tmp_535_fu_6794_p2                   |     +    |      0|  0|  14|          10|           6|
    |ap_block_pp0_stage0_11001            |    and   |      0|  0|   2|           1|           1|
    |ap_block_pp0_stage10_11001           |    and   |      0|  0|   2|           1|           1|
    |ap_block_pp1_stage0_11001            |    and   |      0|  0|   2|           1|           1|
    |ap_block_pp1_stage10_11001           |    and   |      0|  0|   2|           1|           1|
    |ap_block_state100_pp1_stage46_iter0  |    and   |      0|  0|   2|           1|           1|
    |ap_block_state10_pp0_stage8_iter0    |    and   |      0|  0|   2|           1|           1|
    |inStream_V_data_V_0_load_A           |    and   |      0|  0|   2|           1|           1|
    |inStream_V_data_V_0_load_B           |    and   |      0|  0|   2|           1|           1|
    |inStream_V_dest_V_0_load_A           |    and   |      0|  0|   2|           1|           1|
    |inStream_V_dest_V_0_load_B           |    and   |      0|  0|   2|           1|           1|
    |inStream_V_id_V_0_load_A             |    and   |      0|  0|   2|           1|           1|
    |inStream_V_id_V_0_load_B             |    and   |      0|  0|   2|           1|           1|
    |inStream_V_keep_V_0_load_A           |    and   |      0|  0|   2|           1|           1|
    |inStream_V_keep_V_0_load_B           |    and   |      0|  0|   2|           1|           1|
    |inStream_V_strb_V_0_load_A           |    and   |      0|  0|   2|           1|           1|
    |inStream_V_strb_V_0_load_B           |    and   |      0|  0|   2|           1|           1|
    |inStream_V_user_V_0_load_A           |    and   |      0|  0|   2|           1|           1|
    |inStream_V_user_V_0_load_B           |    and   |      0|  0|   2|           1|           1|
    |outStream_V_data_V_1_load_A          |    and   |      0|  0|   2|           1|           1|
    |outStream_V_data_V_1_load_B          |    and   |      0|  0|   2|           1|           1|
    |outStream_V_dest_V_1_load_A          |    and   |      0|  0|   2|           1|           1|
    |outStream_V_dest_V_1_load_B          |    and   |      0|  0|   2|           1|           1|
    |outStream_V_id_V_1_load_A            |    and   |      0|  0|   2|           1|           1|
    |outStream_V_id_V_1_load_B            |    and   |      0|  0|   2|           1|           1|
    |outStream_V_keep_V_1_load_A          |    and   |      0|  0|   2|           1|           1|
    |outStream_V_keep_V_1_load_B          |    and   |      0|  0|   2|           1|           1|
    |outStream_V_last_V_1_load_A          |    and   |      0|  0|   2|           1|           1|
    |outStream_V_last_V_1_load_B          |    and   |      0|  0|   2|           1|           1|
    |outStream_V_strb_V_1_load_A          |    and   |      0|  0|   2|           1|           1|
    |outStream_V_strb_V_1_load_B          |    and   |      0|  0|   2|           1|           1|
    |outStream_V_user_V_1_load_A          |    and   |      0|  0|   2|           1|           1|
    |outStream_V_user_V_1_load_B          |    and   |      0|  0|   2|           1|           1|
    |exitcond1_fu_3479_p2                 |   icmp   |      0|  0|  13|          10|           6|
    |exitcond3_fu_4367_p2                 |   icmp   |      0|  0|  11|           5|           5|
    |exitcond5_fu_5173_p2                 |   icmp   |      0|  0|  13|          10|           6|
    |exitcond6_fu_5195_p2                 |   icmp   |      0|  0|  13|          10|           6|
    |exitcond7_fu_5249_p2                 |   icmp   |      0|  0|  11|           5|           5|
    |exitcond9_fu_6249_p2                 |   icmp   |      0|  0|  11|           5|           5|
    |exitcond_fu_6811_p2                  |   icmp   |      0|  0|  11|           5|           5|
    |icmp1_fu_6238_p2                     |   icmp   |      0|  0|  18|          31|           1|
    |icmp_fu_4357_p2                      |   icmp   |      0|  0|  18|          31|           1|
    |inStream_V_data_V_0_state_cmp_full   |   icmp   |      0|  0|   8|           2|           1|
    |inStream_V_dest_V_0_state_cmp_full   |   icmp   |      0|  0|   8|           2|           1|
    |inStream_V_id_V_0_state_cmp_full     |   icmp   |      0|  0|   8|           2|           1|
    |inStream_V_keep_V_0_state_cmp_full   |   icmp   |      0|  0|   8|           2|           1|
    |inStream_V_strb_V_0_state_cmp_full   |   icmp   |      0|  0|   8|           2|           1|
    |inStream_V_user_V_0_state_cmp_full   |   icmp   |      0|  0|   8|           2|           1|
    |outStream_V_data_V_1_state_cmp_full  |   icmp   |      0|  0|   8|           2|           1|
    |outStream_V_dest_V_1_state_cmp_full  |   icmp   |      0|  0|   8|           2|           1|
    |outStream_V_id_V_1_state_cmp_full    |   icmp   |      0|  0|   8|           2|           1|
    |outStream_V_keep_V_1_state_cmp_full  |   icmp   |      0|  0|   8|           2|           1|
    |outStream_V_last_V_1_state_cmp_full  |   icmp   |      0|  0|   8|           2|           1|
    |outStream_V_strb_V_1_state_cmp_full  |   icmp   |      0|  0|   8|           2|           1|
    |outStream_V_user_V_1_state_cmp_full  |   icmp   |      0|  0|   8|           2|           1|
    |tmp_1_128_fu_6217_p2                 |   icmp   |      0|  0|   8|           2|           1|
    |tmp_3_fu_3491_p2                     |   icmp   |      0|  0|  13|          10|           1|
    |tmp_9_119_fu_5221_p2                 |   icmp   |      0|  0|  18|          32|          32|
    |valOut_last_V_fu_6828_p2             |   icmp   |      0|  0|  11|           5|           5|
    |ap_block_state246                    |    or    |      0|  0|   2|           1|           1|
    |tmp_199_fu_3552_p2                   |    or    |      0|  0|  16|          16|           1|
    |tmp_248_fu_4384_p2                   |    or    |      0|  0|  10|          10|           1|
    |tmp_297_fu_5266_p2                   |    or    |      0|  0|  10|          10|           1|
    |tmp_350_fu_5363_p2                   |    or    |      0|  0|  11|          11|           1|
    |tmp_487_fu_6266_p2                   |    or    |      0|  0|  10|          10|           1|
    |ap_enable_pp0                        |    xor   |      0|  0|   2|           1|           2|
    |ap_enable_pp1                        |    xor   |      0|  0|   2|           1|           2|
    |ap_enable_pp2                        |    xor   |      0|  0|   2|           1|           2|
    |ap_enable_pp3                        |    xor   |      0|  0|   2|           1|           2|
    |ap_enable_reg_pp0_iter1              |    xor   |      0|  0|   2|           2|           1|
    |ap_enable_reg_pp1_iter1              |    xor   |      0|  0|   2|           2|           1|
    |ap_enable_reg_pp2_iter1              |    xor   |      0|  0|   2|           2|           1|
    |ap_enable_reg_pp3_iter1              |    xor   |      0|  0|   2|           2|           1|
    +-------------------------------------+----------+-------+---+----+------------+------------+
    |Total                                |          |      0|  0|3816|        2441|        1371|
    +-------------------------------------+----------+-------+---+----+------------+------------+

    * Multiplexer: 
    +------------------------------------+-----+-----------+-----+-----------+
    |                Name                | LUT | Input Size| Bits| Total Bits|
    +------------------------------------+-----+-----------+-----+-----------+
    |ap_NS_fsm                           |  921|        214|    1|        214|
    |ap_enable_reg_pp0_iter1             |   15|          3|    1|          3|
    |ap_enable_reg_pp1_iter1             |   15|          3|    1|          3|
    |ap_enable_reg_pp2_iter1             |   15|          3|    1|          3|
    |ap_enable_reg_pp3_iter1             |   15|          3|    1|          3|
    |ap_phi_mux_c_phi_fu_3083_p4         |    9|          2|    5|         10|
    |ap_phi_mux_i1_phi_fu_3013_p4        |    9|          2|    5|         10|
    |ap_phi_mux_i8_phi_fu_3060_p4        |    9|          2|    5|         10|
    |ap_phi_mux_i_phi_fu_2990_p4         |    9|          2|   10|         20|
    |ap_phi_mux_phi_mul2_phi_fu_3024_p4  |    9|          2|   10|         20|
    |ap_phi_mux_phi_mul4_phi_fu_3071_p4  |    9|          2|   10|         20|
    |ap_phi_mux_phi_mul6_phi_fu_3094_p4  |    9|          2|   10|         20|
    |ap_phi_mux_phi_mul_phi_fu_3001_p4   |    9|          2|   16|         32|
    |c_reg_3079                          |    9|          2|    5|         10|
    |centroids_address0                  |  449|        102|   10|       1020|
    |centroids_ce0                       |   15|          3|    1|          3|
    |centroids_ce1                       |    9|          2|    1|          2|
    |centroids_d0                        |  225|         52|   32|       1664|
    |grp_fu_3123_p0                      |   41|          8|   32|        256|
    |grp_fu_3123_p1                      |  153|         34|   32|       1088|
    |grp_fu_3131_p0                      |  221|         51|   32|       1632|
    |grp_fu_3131_p1                      |   93|         19|   32|        608|
    |grp_fu_3135_p0                      |  145|         32|   32|       1024|
    |i1_reg_3009                         |    9|          2|    5|         10|
    |i5_reg_3032                         |    9|          2|   10|         20|
    |i7_reg_3044                         |    9|          2|   10|         20|
    |i8_reg_3056                         |    9|          2|    5|         10|
    |i_reg_2986                          |    9|          2|   10|         20|
    |idx_reg_3102                        |    9|          2|    5|         10|
    |inStream_TDATA_blk_n                |    9|          2|    1|          2|
    |inStream_V_data_V_0_data_out        |    9|          2|   32|         64|
    |inStream_V_data_V_0_state           |   15|          3|    2|          6|
    |inStream_V_dest_V_0_data_out        |    9|          2|    6|         12|
    |inStream_V_dest_V_0_state           |   15|          3|    2|          6|
    |inStream_V_id_V_0_data_out          |    9|          2|    5|         10|
    |inStream_V_id_V_0_state             |   15|          3|    2|          6|
    |inStream_V_keep_V_0_data_out        |    9|          2|    4|          8|
    |inStream_V_keep_V_0_state           |   15|          3|    2|          6|
    |inStream_V_strb_V_0_data_out        |    9|          2|    4|          8|
    |inStream_V_strb_V_0_state           |   15|          3|    2|          6|
    |inStream_V_user_V_0_data_out        |    9|          2|    2|          4|
    |inStream_V_user_V_0_state           |   15|          3|    2|          6|
    |new_centroids_address0              |  437|         99|   10|        990|
    |new_centroids_address1              |  445|        101|   10|       1010|
    |new_centroids_d0                    |   27|          5|   32|        160|
    |new_centroids_d1                    |   21|          4|   32|        128|
    |np_cluster_address0                 |   27|          5|    5|         25|
    |np_cluster_address1                 |   15|          3|    5|         15|
    |outStream_TDATA_blk_n               |    9|          2|    1|          2|
    |outStream_V_data_V_1_data_out       |    9|          2|   32|         64|
    |outStream_V_data_V_1_state          |   15|          3|    2|          6|
    |outStream_V_dest_V_1_data_out       |    9|          2|    6|         12|
    |outStream_V_dest_V_1_state          |   15|          3|    2|          6|
    |outStream_V_id_V_1_data_out         |    9|          2|    5|         10|
    |outStream_V_id_V_1_state            |   15|          3|    2|          6|
    |outStream_V_keep_V_1_data_out       |    9|          2|    4|          8|
    |outStream_V_keep_V_1_state          |   15|          3|    2|          6|
    |outStream_V_last_V_1_data_out       |    9|          2|    1|          2|
    |outStream_V_last_V_1_state          |   15|          3|    2|          6|
    |outStream_V_strb_V_1_data_out       |    9|          2|    4|          8|
    |outStream_V_strb_V_1_state          |   15|          3|    2|          6|
    |outStream_V_user_V_1_data_out       |    9|          2|    2|          4|
    |outStream_V_user_V_1_state          |   15|          3|    2|          6|
    |phi_mul2_reg_3020                   |    9|          2|   10|         20|
    |phi_mul4_reg_3067                   |    9|          2|   10|         20|
    |phi_mul6_reg_3090                   |    9|          2|   10|         20|
    |phi_mul_reg_2997                    |    9|          2|   16|         32|
    |points_address0                     |  341|         77|   16|       1232|
    |points_address1                     |  125|         27|   16|        432|
    |points_ce0                          |   15|          3|    1|          3|
    |points_ce1                          |   15|          3|    1|          3|
    |points_d0                           |  221|         51|   32|       1632|
    |reg_3147                            |    9|          2|   32|         64|
    |reg_3158                            |    9|          2|   32|         64|
    |reg_3165                            |    9|          2|   32|         64|
    |reg_3176                            |    9|          2|   32|         64|
    |reg_3182                            |    9|          2|   32|         64|
    |reg_3194                            |    9|          2|   32|         64|
    |reg_3200                            |    9|          2|   32|         64|
    |reg_3207                            |    9|          2|   32|         64|
    |reg_3220                            |    9|          2|   32|         64|
    |reg_3226                            |    9|          2|   32|         64|
    |reg_3238                            |    9|          2|   32|         64|
    |reg_3244                            |    9|          2|   32|         64|
    |reg_3256                            |    9|          2|   32|         64|
    |reg_3262                            |    9|          2|   32|         64|
    |reg_3274                            |    9|          2|   32|         64|
    |reg_3286                            |    9|          2|   32|         64|
    |reg_3298                            |    9|          2|   32|         64|
    |reg_3305                            |    9|          2|   32|         64|
    |reg_3321                            |    9|          2|   32|         64|
    |reg_3332                            |    9|          2|   32|         64|
    |reg_3343                            |    9|          2|   32|         64|
    |reg_3354                            |    9|          2|   32|         64|
    |reg_3365                            |    9|          2|   32|         64|
    |reg_3376                            |    9|          2|   32|         64|
    |reg_3387                            |    9|          2|   32|         64|
    |reg_3398                            |    9|          2|   32|         64|
    |reg_3409                            |    9|          2|   32|         64|
    |results_address0                    |   33|          6|   10|         60|
    |results_address1                    |   27|          5|   10|         50|
    |results_d0                          |   15|          3|   32|         96|
    +------------------------------------+-----+-----------+-----+-----------+
    |Total                               | 4840|       1082| 1587|      15717|
    +------------------------------------+-----+-----------+-----+-----------+

    * Register: 
    +--------------------------------------+-----+----+-----+-----------+
    |                 Name                 |  FF | LUT| Bits| Const Bits|
    +--------------------------------------+-----+----+-----+-----------+
    |ap_CS_fsm                             |  213|   0|  213|          0|
    |ap_enable_reg_pp0_iter0               |    1|   0|    1|          0|
    |ap_enable_reg_pp0_iter1               |    1|   0|    1|          0|
    |ap_enable_reg_pp1_iter0               |    1|   0|    1|          0|
    |ap_enable_reg_pp1_iter1               |    1|   0|    1|          0|
    |ap_enable_reg_pp2_iter0               |    1|   0|    1|          0|
    |ap_enable_reg_pp2_iter1               |    1|   0|    1|          0|
    |ap_enable_reg_pp3_iter0               |    1|   0|    1|          0|
    |ap_enable_reg_pp3_iter1               |    1|   0|    1|          0|
    |c_1_reg_8267                          |    5|   0|    5|          0|
    |c_reg_3079                            |    5|   0|    5|          0|
    |end_cast_reg_7346                     |    1|   0|   32|         31|
    |end_fu_440                            |    1|   0|    2|          1|
    |exitcond1_reg_7266                    |    1|   0|    1|          0|
    |exitcond3_reg_7298                    |    1|   0|    1|          0|
    |exitcond7_reg_7359                    |    1|   0|    1|          0|
    |exitcond7_reg_7359_pp2_iter1_reg      |    1|   0|    1|          0|
    |exitcond9_reg_8263                    |    1|   0|    1|          0|
    |exitcond9_reg_8263_pp3_iter1_reg      |    1|   0|    1|          0|
    |gain_read_reg_7255                    |   32|   0|   32|          0|
    |grp_get_cluster_fu_3113_ap_start_reg  |    1|   0|    1|          0|
    |i1_reg_3009                           |    5|   0|    5|          0|
    |i5_reg_3032                           |   10|   0|   10|          0|
    |i7_reg_3044                           |   10|   0|   10|          0|
    |i8_reg_3056                           |    5|   0|    5|          0|
    |i_1_reg_7270                          |   10|   0|   10|          0|
    |i_2_reg_7302                          |    5|   0|    5|          0|
    |i_3_reg_7320                          |   10|   0|   10|          0|
    |i_4_reg_7336                          |   10|   0|   10|          0|
    |i_5_reg_7363                          |    5|   0|    5|          0|
    |i_reg_2986                            |   10|   0|   10|          0|
    |idx_1_reg_9081                        |    5|   0|    5|          0|
    |idx_reg_3102                          |    5|   0|    5|          0|
    |inStream_V_data_V_0_payload_A         |   32|   0|   32|          0|
    |inStream_V_data_V_0_payload_B         |   32|   0|   32|          0|
    |inStream_V_data_V_0_sel_rd            |    1|   0|    1|          0|
    |inStream_V_data_V_0_sel_wr            |    1|   0|    1|          0|
    |inStream_V_data_V_0_state             |    2|   0|    2|          0|
    |inStream_V_dest_V_0_payload_A         |    6|   0|    6|          0|
    |inStream_V_dest_V_0_payload_B         |    6|   0|    6|          0|
    |inStream_V_dest_V_0_sel_rd            |    1|   0|    1|          0|
    |inStream_V_dest_V_0_sel_wr            |    1|   0|    1|          0|
    |inStream_V_dest_V_0_state             |    2|   0|    2|          0|
    |inStream_V_id_V_0_payload_A           |    5|   0|    5|          0|
    |inStream_V_id_V_0_payload_B           |    5|   0|    5|          0|
    |inStream_V_id_V_0_sel_rd              |    1|   0|    1|          0|
    |inStream_V_id_V_0_sel_wr              |    1|   0|    1|          0|
    |inStream_V_id_V_0_state               |    2|   0|    2|          0|
    |inStream_V_keep_V_0_payload_A         |    4|   0|    4|          0|
    |inStream_V_keep_V_0_payload_B         |    4|   0|    4|          0|
    |inStream_V_keep_V_0_sel_rd            |    1|   0|    1|          0|
    |inStream_V_keep_V_0_sel_wr            |    1|   0|    1|          0|
    |inStream_V_keep_V_0_state             |    2|   0|    2|          0|
    |inStream_V_strb_V_0_payload_A         |    4|   0|    4|          0|
    |inStream_V_strb_V_0_payload_B         |    4|   0|    4|          0|
    |inStream_V_strb_V_0_sel_rd            |    1|   0|    1|          0|
    |inStream_V_strb_V_0_sel_wr            |    1|   0|    1|          0|
    |inStream_V_strb_V_0_state             |    2|   0|    2|          0|
    |inStream_V_user_V_0_payload_A         |    2|   0|    2|          0|
    |inStream_V_user_V_0_payload_B         |    2|   0|    2|          0|
    |inStream_V_user_V_0_sel_rd            |    1|   0|    1|          0|
    |inStream_V_user_V_0_sel_wr            |    1|   0|    1|          0|
    |inStream_V_user_V_0_state             |    2|   0|    2|          0|
    |new_centroids_addr_10_reg_7677        |   10|   0|   10|          0|
    |new_centroids_addr_11_reg_7708        |   10|   0|   10|          0|
    |new_centroids_addr_12_reg_7739        |   10|   0|   10|          0|
    |new_centroids_addr_13_reg_7770        |   10|   0|   10|          0|
    |new_centroids_addr_14_reg_7801        |   10|   0|   10|          0|
    |new_centroids_addr_15_reg_7832        |   10|   0|   10|          0|
    |new_centroids_addr_16_reg_7863        |   10|   0|   10|          0|
    |new_centroids_addr_17_reg_7894        |   10|   0|   10|          0|
    |new_centroids_addr_18_reg_7925        |   10|   0|   10|          0|
    |new_centroids_addr_19_reg_7956        |   10|   0|   10|          0|
    |new_centroids_addr_1_reg_7439         |    9|   0|   10|          1|
    |new_centroids_addr_20_reg_7987        |   10|   0|   10|          0|
    |new_centroids_addr_21_reg_8018        |   10|   0|   10|          0|
    |new_centroids_addr_22_reg_8049        |   10|   0|   10|          0|
    |new_centroids_addr_23_reg_8075        |   10|   0|   10|          0|
    |new_centroids_addr_24_reg_8096        |   10|   0|   10|          0|
    |new_centroids_addr_25_reg_8102        |   10|   0|   10|          0|
    |new_centroids_addr_26_reg_8108        |   10|   0|   10|          0|
    |new_centroids_addr_27_reg_8114        |   10|   0|   10|          0|
    |new_centroids_addr_28_reg_8120        |   10|   0|   10|          0|
    |new_centroids_addr_29_reg_8126        |   10|   0|   10|          0|
    |new_centroids_addr_2_reg_7464         |   10|   0|   10|          0|
    |new_centroids_addr_30_reg_8132        |   10|   0|   10|          0|
    |new_centroids_addr_31_reg_8138        |   10|   0|   10|          0|
    |new_centroids_addr_32_reg_8144        |   10|   0|   10|          0|
    |new_centroids_addr_33_reg_8150        |   10|   0|   10|          0|
    |new_centroids_addr_34_reg_8156        |   10|   0|   10|          0|
    |new_centroids_addr_35_reg_8162        |   10|   0|   10|          0|
    |new_centroids_addr_36_reg_8168        |   10|   0|   10|          0|
    |new_centroids_addr_37_reg_8174        |   10|   0|   10|          0|
    |new_centroids_addr_38_reg_8180        |   10|   0|   10|          0|
    |new_centroids_addr_39_reg_8186        |   10|   0|   10|          0|
    |new_centroids_addr_3_reg_7490         |   10|   0|   10|          0|
    |new_centroids_addr_40_reg_8192        |   10|   0|   10|          0|
    |new_centroids_addr_41_reg_8198        |   10|   0|   10|          0|
    |new_centroids_addr_42_reg_8204        |   10|   0|   10|          0|
    |new_centroids_addr_43_reg_8210        |   10|   0|   10|          0|
    |new_centroids_addr_44_reg_8215        |   10|   0|   10|          0|
    |new_centroids_addr_45_reg_8220        |   10|   0|   10|          0|
    |new_centroids_addr_46_reg_8225        |   10|   0|   10|          0|
    |new_centroids_addr_47_reg_8235        |   10|   0|   10|          0|
    |new_centroids_addr_48_reg_8240        |   10|   0|   10|          0|
    |new_centroids_addr_49_reg_8245        |   10|   0|   10|          0|
    |new_centroids_addr_4_reg_7515         |   10|   0|   10|          0|
    |new_centroids_addr_50_reg_8277        |   10|   0|   10|          0|
    |new_centroids_addr_51_reg_8282        |    9|   0|   10|          1|
    |new_centroids_addr_52_reg_8303        |   10|   0|   10|          0|
    |new_centroids_addr_53_reg_8308        |   10|   0|   10|          0|
    |new_centroids_addr_54_reg_8323        |   10|   0|   10|          0|
    |new_centroids_addr_55_reg_8328        |   10|   0|   10|          0|
    |new_centroids_addr_56_reg_8343        |   10|   0|   10|          0|
    |new_centroids_addr_57_reg_8348        |   10|   0|   10|          0|
    |new_centroids_addr_58_reg_8363        |   10|   0|   10|          0|
    |new_centroids_addr_59_reg_8368        |   10|   0|   10|          0|
    |new_centroids_addr_5_reg_7540         |   10|   0|   10|          0|
    |new_centroids_addr_60_reg_8388        |   10|   0|   10|          0|
    |new_centroids_addr_61_reg_8393        |   10|   0|   10|          0|
    |new_centroids_addr_62_reg_8418        |   10|   0|   10|          0|
    |new_centroids_addr_63_reg_8423        |   10|   0|   10|          0|
    |new_centroids_addr_64_reg_8448        |   10|   0|   10|          0|
    |new_centroids_addr_65_reg_8453        |   10|   0|   10|          0|
    |new_centroids_addr_66_reg_8478        |   10|   0|   10|          0|
    |new_centroids_addr_67_reg_8483        |   10|   0|   10|          0|
    |new_centroids_addr_68_reg_8508        |   10|   0|   10|          0|
    |new_centroids_addr_69_reg_8513        |   10|   0|   10|          0|
    |new_centroids_addr_6_reg_7565         |   10|   0|   10|          0|
    |new_centroids_addr_70_reg_8538        |   10|   0|   10|          0|
    |new_centroids_addr_71_reg_8543        |   10|   0|   10|          0|
    |new_centroids_addr_72_reg_8568        |   10|   0|   10|          0|
    |new_centroids_addr_73_reg_8573        |   10|   0|   10|          0|
    |new_centroids_addr_74_reg_8603        |   10|   0|   10|          0|
    |new_centroids_addr_75_reg_8608        |   10|   0|   10|          0|
    |new_centroids_addr_76_reg_8638        |   10|   0|   10|          0|
    |new_centroids_addr_77_reg_8643        |   10|   0|   10|          0|
    |new_centroids_addr_78_reg_8673        |   10|   0|   10|          0|
    |new_centroids_addr_79_reg_8678        |   10|   0|   10|          0|
    |new_centroids_addr_7_reg_7590         |   10|   0|   10|          0|
    |new_centroids_addr_80_reg_8708        |   10|   0|   10|          0|
    |new_centroids_addr_81_reg_8713        |   10|   0|   10|          0|
    |new_centroids_addr_82_reg_8743        |   10|   0|   10|          0|
    |new_centroids_addr_83_reg_8748        |   10|   0|   10|          0|
    |new_centroids_addr_84_reg_8778        |   10|   0|   10|          0|
    |new_centroids_addr_85_reg_8783        |   10|   0|   10|          0|
    |new_centroids_addr_86_reg_8813        |   10|   0|   10|          0|
    |new_centroids_addr_87_reg_8818        |   10|   0|   10|          0|
    |new_centroids_addr_88_reg_8848        |   10|   0|   10|          0|
    |new_centroids_addr_89_reg_8853        |   10|   0|   10|          0|
    |new_centroids_addr_8_reg_7620         |   10|   0|   10|          0|
    |new_centroids_addr_90_reg_8883        |   10|   0|   10|          0|
    |new_centroids_addr_91_reg_8888        |   10|   0|   10|          0|
    |new_centroids_addr_92_reg_8918        |   10|   0|   10|          0|
    |new_centroids_addr_93_reg_8923        |   10|   0|   10|          0|
    |new_centroids_addr_94_reg_8953        |   10|   0|   10|          0|
    |new_centroids_addr_95_reg_8958        |   10|   0|   10|          0|
    |new_centroids_addr_96_reg_8988        |   10|   0|   10|          0|
    |new_centroids_addr_97_reg_8993        |   10|   0|   10|          0|
    |new_centroids_addr_98_reg_9023        |   10|   0|   10|          0|
    |new_centroids_addr_99_reg_9028        |   10|   0|   10|          0|
    |new_centroids_addr_9_reg_7646         |   10|   0|   10|          0|
    |new_centroids_addr_reg_7414           |   10|   0|   10|          0|
    |new_centroids_load_57_reg_8373        |   32|   0|   32|          0|
    |new_centroids_load_58_reg_8398        |   32|   0|   32|          0|
    |new_centroids_load_59_reg_8403        |   32|   0|   32|          0|
    |new_centroids_load_60_reg_8428        |   32|   0|   32|          0|
    |new_centroids_load_61_reg_8433        |   32|   0|   32|          0|
    |new_centroids_load_62_reg_8458        |   32|   0|   32|          0|
    |new_centroids_load_63_reg_8463        |   32|   0|   32|          0|
    |new_centroids_load_64_reg_8488        |   32|   0|   32|          0|
    |new_centroids_load_65_reg_8493        |   32|   0|   32|          0|
    |new_centroids_load_66_reg_8518        |   32|   0|   32|          0|
    |new_centroids_load_67_reg_8523        |   32|   0|   32|          0|
    |new_centroids_load_68_reg_8548        |   32|   0|   32|          0|
    |new_centroids_load_69_reg_8553        |   32|   0|   32|          0|
    |new_centroids_load_70_reg_8578        |   32|   0|   32|          0|
    |new_centroids_load_71_reg_8583        |   32|   0|   32|          0|
    |new_centroids_load_72_reg_8613        |   32|   0|   32|          0|
    |new_centroids_load_73_reg_8618        |   32|   0|   32|          0|
    |new_centroids_load_74_reg_8648        |   32|   0|   32|          0|
    |new_centroids_load_75_reg_8653        |   32|   0|   32|          0|
    |new_centroids_load_76_reg_8683        |   32|   0|   32|          0|
    |new_centroids_load_77_reg_8688        |   32|   0|   32|          0|
    |new_centroids_load_78_reg_8718        |   32|   0|   32|          0|
    |new_centroids_load_79_reg_8723        |   32|   0|   32|          0|
    |new_centroids_load_80_reg_8753        |   32|   0|   32|          0|
    |new_centroids_load_81_reg_8758        |   32|   0|   32|          0|
    |new_centroids_load_82_reg_8788        |   32|   0|   32|          0|
    |new_centroids_load_83_reg_8793        |   32|   0|   32|          0|
    |new_centroids_load_84_reg_8823        |   32|   0|   32|          0|
    |new_centroids_load_85_reg_8828        |   32|   0|   32|          0|
    |new_centroids_load_86_reg_8858        |   32|   0|   32|          0|
    |new_centroids_load_87_reg_8863        |   32|   0|   32|          0|
    |new_centroids_load_88_reg_8893        |   32|   0|   32|          0|
    |new_centroids_load_89_reg_8898        |   32|   0|   32|          0|
    |new_centroids_load_90_reg_8928        |   32|   0|   32|          0|
    |new_centroids_load_91_reg_8933        |   32|   0|   32|          0|
    |new_centroids_load_92_reg_8963        |   32|   0|   32|          0|
    |new_centroids_load_93_reg_8968        |   32|   0|   32|          0|
    |new_centroids_load_94_reg_8998        |   32|   0|   32|          0|
    |new_centroids_load_95_reg_9003        |   32|   0|   32|          0|
    |new_centroids_load_96_reg_9033        |   32|   0|   32|          0|
    |new_centroids_load_97_reg_9038        |   32|   0|   32|          0|
    |new_centroids_load_98_reg_9048        |   32|   0|   32|          0|
    |new_centroids_load_99_reg_9053        |   32|   0|   32|          0|
    |next_mul3_reg_7307                    |   10|   0|   10|          0|
    |next_mul5_reg_8230                    |   10|   0|   10|          0|
    |next_mul7_reg_9063                    |   10|   0|   10|          0|
    |next_mul_reg_7279                     |   16|   0|   16|          0|
    |np_cluster_addr_1_reg_8287            |    5|   0|    5|          0|
    |np_cluster_addr_reg_7354              |    5|   0|    5|          0|
    |np_cluster_load_22_reg_8588           |   32|   0|   32|          0|
    |np_cluster_load_24_reg_8623           |   32|   0|   32|          0|
    |np_cluster_load_26_reg_8658           |   32|   0|   32|          0|
    |np_cluster_load_28_reg_8693           |   32|   0|   32|          0|
    |np_cluster_load_30_reg_8728           |   32|   0|   32|          0|
    |np_cluster_load_32_reg_8763           |   32|   0|   32|          0|
    |np_cluster_load_34_reg_8798           |   32|   0|   32|          0|
    |np_cluster_load_36_reg_8833           |   32|   0|   32|          0|
    |np_cluster_load_38_reg_8868           |   32|   0|   32|          0|
    |np_cluster_load_40_reg_8903           |   32|   0|   32|          0|
    |np_cluster_load_42_reg_8938           |   32|   0|   32|          0|
    |np_cluster_load_44_reg_8973           |   32|   0|   32|          0|
    |np_cluster_load_46_reg_9008           |   32|   0|   32|          0|
    |np_cluster_load_48_reg_9043           |   32|   0|   32|          0|
    |np_cluster_load_50_reg_9058           |   32|   0|   32|          0|
    |outStream_V_data_V_1_payload_A        |   32|   0|   32|          0|
    |outStream_V_data_V_1_payload_B        |   32|   0|   32|          0|
    |outStream_V_data_V_1_sel_rd           |    1|   0|    1|          0|
    |outStream_V_data_V_1_sel_wr           |    1|   0|    1|          0|
    |outStream_V_data_V_1_state            |    2|   0|    2|          0|
    |outStream_V_dest_V_1_payload_A        |    6|   0|    6|          0|
    |outStream_V_dest_V_1_payload_B        |    6|   0|    6|          0|
    |outStream_V_dest_V_1_sel_rd           |    1|   0|    1|          0|
    |outStream_V_dest_V_1_sel_wr           |    1|   0|    1|          0|
    |outStream_V_dest_V_1_state            |    2|   0|    2|          0|
    |outStream_V_id_V_1_payload_A          |    5|   0|    5|          0|
    |outStream_V_id_V_1_payload_B          |    5|   0|    5|          0|
    |outStream_V_id_V_1_sel_rd             |    1|   0|    1|          0|
    |outStream_V_id_V_1_sel_wr             |    1|   0|    1|          0|
    |outStream_V_id_V_1_state              |    2|   0|    2|          0|
    |outStream_V_keep_V_1_payload_A        |    4|   0|    4|          0|
    |outStream_V_keep_V_1_payload_B        |    4|   0|    4|          0|
    |outStream_V_keep_V_1_sel_rd           |    1|   0|    1|          0|
    |outStream_V_keep_V_1_sel_wr           |    1|   0|    1|          0|
    |outStream_V_keep_V_1_state            |    2|   0|    2|          0|
    |outStream_V_last_V_1_payload_A        |    1|   0|    1|          0|
    |outStream_V_last_V_1_payload_B        |    1|   0|    1|          0|
    |outStream_V_last_V_1_sel_rd           |    1|   0|    1|          0|
    |outStream_V_last_V_1_sel_wr           |    1|   0|    1|          0|
    |outStream_V_last_V_1_state            |    2|   0|    2|          0|
    |outStream_V_strb_V_1_payload_A        |    4|   0|    4|          0|
    |outStream_V_strb_V_1_payload_B        |    4|   0|    4|          0|
    |outStream_V_strb_V_1_sel_rd           |    1|   0|    1|          0|
    |outStream_V_strb_V_1_sel_wr           |    1|   0|    1|          0|
    |outStream_V_strb_V_1_state            |    2|   0|    2|          0|
    |outStream_V_user_V_1_payload_A        |    2|   0|    2|          0|
    |outStream_V_user_V_1_payload_B        |    2|   0|    2|          0|
    |outStream_V_user_V_1_sel_rd           |    1|   0|    1|          0|
    |outStream_V_user_V_1_sel_wr           |    1|   0|    1|          0|
    |outStream_V_user_V_1_state            |    2|   0|    2|          0|
    |phi_mul2_cast_reg_7293                |   10|   0|   64|         54|
    |phi_mul2_reg_3020                     |   10|   0|   10|          0|
    |phi_mul4_reg_3067                     |   10|   0|   10|          0|
    |phi_mul6_cast_reg_8258                |   10|   0|   64|         54|
    |phi_mul6_reg_3090                     |   10|   0|   10|          0|
    |phi_mul_cast_reg_7261                 |   16|   0|   64|         48|
    |phi_mul_reg_2997                      |   16|   0|   16|          0|
    |points_addr_49_reg_7284               |   16|   0|   16|          0|
    |points_load_21_reg_7657               |   32|   0|   32|          0|
    |points_load_23_reg_7688               |   32|   0|   32|          0|
    |points_load_25_reg_7719               |   32|   0|   32|          0|
    |points_load_27_reg_7750               |   32|   0|   32|          0|
    |points_load_29_reg_7781               |   32|   0|   32|          0|
    |points_load_31_reg_7812               |   32|   0|   32|          0|
    |points_load_33_reg_7843               |   32|   0|   32|          0|
    |points_load_35_reg_7874               |   32|   0|   32|          0|
    |points_load_37_reg_7905               |   32|   0|   32|          0|
    |points_load_39_reg_7936               |   32|   0|   32|          0|
    |points_load_41_reg_7967               |   32|   0|   32|          0|
    |points_load_43_reg_7998               |   32|   0|   32|          0|
    |points_load_45_reg_8029               |   32|   0|   32|          0|
    |points_load_46_reg_8055               |   32|   0|   32|          0|
    |points_load_47_reg_8065               |   32|   0|   32|          0|
    |points_load_49_reg_8086               |   32|   0|   32|          0|
    |reg_3147                              |   32|   0|   32|          0|
    |reg_3153                              |   32|   0|   32|          0|
    |reg_3158                              |   32|   0|   32|          0|
    |reg_3165                              |   32|   0|   32|          0|
    |reg_3171                              |   32|   0|   32|          0|
    |reg_3176                              |   32|   0|   32|          0|
    |reg_3182                              |   32|   0|   32|          0|
    |reg_3189                              |   32|   0|   32|          0|
    |reg_3194                              |   32|   0|   32|          0|
    |reg_3200                              |   32|   0|   32|          0|
    |reg_3207                              |   32|   0|   32|          0|
    |reg_3215                              |   32|   0|   32|          0|
    |reg_3220                              |   32|   0|   32|          0|
    |reg_3226                              |   32|   0|   32|          0|
    |reg_3233                              |   32|   0|   32|          0|
    |reg_3238                              |   32|   0|   32|          0|
    |reg_3244                              |   32|   0|   32|          0|
    |reg_3251                              |   32|   0|   32|          0|
    |reg_3256                              |   32|   0|   32|          0|
    |reg_3262                              |   32|   0|   32|          0|
    |reg_3269                              |   32|   0|   32|          0|
    |reg_3274                              |   32|   0|   32|          0|
    |reg_3280                              |   32|   0|   32|          0|
    |reg_3286                              |   32|   0|   32|          0|
    |reg_3292                              |   32|   0|   32|          0|
    |reg_3298                              |   32|   0|   32|          0|
    |reg_3305                              |   32|   0|   32|          0|
    |reg_3311                              |   32|   0|   32|          0|
    |reg_3316                              |   32|   0|   32|          0|
    |reg_3321                              |   32|   0|   32|          0|
    |reg_3327                              |   32|   0|   32|          0|
    |reg_3332                              |   32|   0|   32|          0|
    |reg_3338                              |   32|   0|   32|          0|
    |reg_3343                              |   32|   0|   32|          0|
    |reg_3349                              |   32|   0|   32|          0|
    |reg_3354                              |   32|   0|   32|          0|
    |reg_3360                              |   32|   0|   32|          0|
    |reg_3365                              |   32|   0|   32|          0|
    |reg_3371                              |   32|   0|   32|          0|
    |reg_3376                              |   32|   0|   32|          0|
    |reg_3382                              |   32|   0|   32|          0|
    |reg_3387                              |   32|   0|   32|          0|
    |reg_3393                              |   32|   0|   32|          0|
    |reg_3398                              |   32|   0|   32|          0|
    |reg_3404                              |   32|   0|   32|          0|
    |reg_3409                              |   32|   0|   32|          0|
    |reg_3415                              |   32|   0|   32|          0|
    |reg_3420                              |   32|   0|   32|          0|
    |reg_3425                              |   32|   0|   32|          0|
    |reg_3430                              |   32|   0|   32|          0|
    |reg_3435                              |   32|   0|   32|          0|
    |reg_3440                              |   32|   0|   32|          0|
    |reg_3445                              |   32|   0|   32|          0|
    |reg_3450                              |   32|   0|   32|          0|
    |reg_3455                              |   32|   0|   32|          0|
    |reg_3460                              |   32|   0|   32|          0|
    |reg_3465                              |   32|   0|   32|          0|
    |reg_3470                              |   32|   0|   32|          0|
    |results_addr_1_reg_7341               |   10|   0|   10|          0|
    |results_addr_2_reg_7378               |    5|   0|   10|          5|
    |tmp_16_2_reg_7615                     |   32|   0|   32|          0|
    |tmp_19_47_reg_9068                    |   32|   0|   32|          0|
    |tmp_19_48_reg_9073                    |   32|   0|   32|          0|
    |tmp_296_reg_7312                      |   10|   0|   10|          0|
    |tmp_346_reg_7394                      |   11|   0|   11|          0|
    |tmp_348_reg_7399                      |   11|   0|   11|          0|
    |tmp_351_reg_7419                      |   11|   0|   11|          0|
    |tmp_354_reg_7424                      |   11|   0|   11|          0|
    |tmp_357_reg_7444                      |   11|   0|   11|          0|
    |tmp_360_reg_7449                      |   11|   0|   11|          0|
    |tmp_363_reg_7470                      |   11|   0|   11|          0|
    |tmp_366_reg_7475                      |   11|   0|   11|          0|
    |tmp_369_reg_7495                      |   11|   0|   11|          0|
    |tmp_372_reg_7500                      |   11|   0|   11|          0|
    |tmp_375_reg_7520                      |   11|   0|   11|          0|
    |tmp_378_reg_7525                      |   11|   0|   11|          0|
    |tmp_381_reg_7545                      |   11|   0|   11|          0|
    |tmp_384_reg_7550                      |   11|   0|   11|          0|
    |tmp_387_reg_7570                      |   11|   0|   11|          0|
    |tmp_390_reg_7575                      |   11|   0|   11|          0|
    |tmp_393_reg_7595                      |   11|   0|   11|          0|
    |tmp_396_reg_7600                      |   11|   0|   11|          0|
    |tmp_399_reg_7626                      |   11|   0|   11|          0|
    |tmp_3_reg_7275                        |    1|   0|    1|          0|
    |tmp_402_reg_7631                      |   11|   0|   11|          0|
    |tmp_405_reg_7652                      |   11|   0|   11|          0|
    |tmp_408_reg_7662                      |   11|   0|   11|          0|
    |tmp_411_reg_7683                      |   11|   0|   11|          0|
    |tmp_414_reg_7693                      |   11|   0|   11|          0|
    |tmp_417_reg_7714                      |   11|   0|   11|          0|
    |tmp_420_reg_7724                      |   11|   0|   11|          0|
    |tmp_423_reg_7745                      |   11|   0|   11|          0|
    |tmp_426_reg_7755                      |   11|   0|   11|          0|
    |tmp_429_reg_7776                      |   11|   0|   11|          0|
    |tmp_432_reg_7786                      |   11|   0|   11|          0|
    |tmp_435_reg_7807                      |   11|   0|   11|          0|
    |tmp_438_reg_7817                      |   11|   0|   11|          0|
    |tmp_441_reg_7838                      |   11|   0|   11|          0|
    |tmp_444_reg_7848                      |   11|   0|   11|          0|
    |tmp_447_reg_7869                      |   11|   0|   11|          0|
    |tmp_450_reg_7879                      |   11|   0|   11|          0|
    |tmp_453_reg_7900                      |   11|   0|   11|          0|
    |tmp_456_reg_7910                      |   11|   0|   11|          0|
    |tmp_459_reg_7931                      |   11|   0|   11|          0|
    |tmp_462_reg_7941                      |   11|   0|   11|          0|
    |tmp_465_reg_7962                      |   11|   0|   11|          0|
    |tmp_486_reg_7972                      |   11|   0|   11|          0|
    |tmp_487_cast_reg_8272                 |    9|   0|   64|         55|
    |tmp_488_cast_reg_8293                 |   10|   0|   64|         54|
    |tmp_489_cast_reg_8298                 |   10|   0|   64|         54|
    |tmp_490_cast_reg_8313                 |   10|   0|   64|         54|
    |tmp_491_cast_reg_8318                 |   10|   0|   64|         54|
    |tmp_492_cast_reg_8333                 |   10|   0|   64|         54|
    |tmp_493_cast_reg_8338                 |   10|   0|   64|         54|
    |tmp_494_cast_reg_8353                 |   10|   0|   64|         54|
    |tmp_495_cast_reg_8358                 |   10|   0|   64|         54|
    |tmp_496_cast_reg_8378                 |   10|   0|   64|         54|
    |tmp_497_cast_reg_8383                 |   10|   0|   64|         54|
    |tmp_498_cast_reg_8408                 |   10|   0|   64|         54|
    |tmp_499_cast_reg_8413                 |   10|   0|   64|         54|
    |tmp_500_cast_reg_8438                 |   10|   0|   64|         54|
    |tmp_501_cast_reg_8443                 |   10|   0|   64|         54|
    |tmp_502_cast_reg_8468                 |   10|   0|   64|         54|
    |tmp_503_cast_reg_8473                 |   10|   0|   64|         54|
    |tmp_504_cast_reg_8498                 |   10|   0|   64|         54|
    |tmp_505_cast_reg_8503                 |   10|   0|   64|         54|
    |tmp_506_cast_reg_8528                 |   10|   0|   64|         54|
    |tmp_507_cast_reg_8533                 |   10|   0|   64|         54|
    |tmp_508_cast_reg_8558                 |   10|   0|   64|         54|
    |tmp_509_cast_reg_8563                 |   10|   0|   64|         54|
    |tmp_510_cast_reg_8593                 |   10|   0|   64|         54|
    |tmp_511_cast_reg_8598                 |   10|   0|   64|         54|
    |tmp_512_cast_reg_8628                 |   10|   0|   64|         54|
    |tmp_513_cast_reg_8633                 |   10|   0|   64|         54|
    |tmp_514_cast_reg_8663                 |   10|   0|   64|         54|
    |tmp_515_cast_reg_8668                 |   10|   0|   64|         54|
    |tmp_516_cast_reg_8698                 |   10|   0|   64|         54|
    |tmp_517_cast_reg_8703                 |   10|   0|   64|         54|
    |tmp_518_cast_reg_8733                 |   10|   0|   64|         54|
    |tmp_519_cast_reg_8738                 |   10|   0|   64|         54|
    |tmp_520_cast_reg_8768                 |   10|   0|   64|         54|
    |tmp_521_cast_reg_8773                 |   10|   0|   64|         54|
    |tmp_522_cast_reg_8803                 |   10|   0|   64|         54|
    |tmp_523_cast_reg_8808                 |   10|   0|   64|         54|
    |tmp_524_cast_reg_8838                 |   10|   0|   64|         54|
    |tmp_525_cast_reg_8843                 |   10|   0|   64|         54|
    |tmp_526_cast_reg_8873                 |   10|   0|   64|         54|
    |tmp_527_cast_reg_8878                 |   10|   0|   64|         54|
    |tmp_528_cast_reg_8908                 |   10|   0|   64|         54|
    |tmp_529_cast_reg_8913                 |   10|   0|   64|         54|
    |tmp_530_cast_reg_8943                 |   10|   0|   64|         54|
    |tmp_531_cast_reg_8948                 |   10|   0|   64|         54|
    |tmp_532_cast_reg_8978                 |   10|   0|   64|         54|
    |tmp_533_cast_reg_8983                 |   10|   0|   64|         54|
    |tmp_534_cast_reg_9013                 |   10|   0|   64|         54|
    |tmp_535_cast_reg_9018                 |   10|   0|   64|         54|
    |tmp_536_reg_7993                      |   11|   0|   11|          0|
    |tmp_537_reg_8003                      |   11|   0|   11|          0|
    |tmp_538_reg_8024                      |   11|   0|   11|          0|
    |tmp_539_reg_8034                      |   11|   0|   11|          0|
    |tmp_540_reg_8060                      |   11|   0|   11|          0|
    |tmp_541_reg_8070                      |   11|   0|   11|          0|
    |tmp_542_reg_8081                      |   11|   0|   11|          0|
    |tmp_543_reg_8091                      |   11|   0|   11|          0|
    |valOut_last_V_reg_9091                |    1|   0|    1|          0|
    |valref_dest_V                         |    6|   0|    6|          0|
    |valref_id_V                           |    5|   0|    5|          0|
    |valref_keep_V                         |    4|   0|    4|          0|
    |valref_strb_V                         |    4|   0|    4|          0|
    |valref_user_V                         |    2|   0|    2|          0|
    +--------------------------------------+-----+----+-----+-----------+
    |Total                                 | 7187|   0|10029|       2842|
    +--------------------------------------+-----+----+-----+-----------+



================================================================
== Interface
================================================================
* Summary: 
+------------------------+-----+-----+------------+--------------------+--------------+
|        RTL Ports       | Dir | Bits|  Protocol  |    Source Object   |    C Type    |
+------------------------+-----+-----+------------+--------------------+--------------+
|s_axi_CRTL_BUS_AWVALID  |  in |    1|    s_axi   |      CRTL_BUS      |    scalar    |
|s_axi_CRTL_BUS_AWREADY  | out |    1|    s_axi   |      CRTL_BUS      |    scalar    |
|s_axi_CRTL_BUS_AWADDR   |  in |    5|    s_axi   |      CRTL_BUS      |    scalar    |
|s_axi_CRTL_BUS_WVALID   |  in |    1|    s_axi   |      CRTL_BUS      |    scalar    |
|s_axi_CRTL_BUS_WREADY   | out |    1|    s_axi   |      CRTL_BUS      |    scalar    |
|s_axi_CRTL_BUS_WDATA    |  in |   32|    s_axi   |      CRTL_BUS      |    scalar    |
|s_axi_CRTL_BUS_WSTRB    |  in |    4|    s_axi   |      CRTL_BUS      |    scalar    |
|s_axi_CRTL_BUS_ARVALID  |  in |    1|    s_axi   |      CRTL_BUS      |    scalar    |
|s_axi_CRTL_BUS_ARREADY  | out |    1|    s_axi   |      CRTL_BUS      |    scalar    |
|s_axi_CRTL_BUS_ARADDR   |  in |    5|    s_axi   |      CRTL_BUS      |    scalar    |
|s_axi_CRTL_BUS_RVALID   | out |    1|    s_axi   |      CRTL_BUS      |    scalar    |
|s_axi_CRTL_BUS_RREADY   |  in |    1|    s_axi   |      CRTL_BUS      |    scalar    |
|s_axi_CRTL_BUS_RDATA    | out |   32|    s_axi   |      CRTL_BUS      |    scalar    |
|s_axi_CRTL_BUS_RRESP    | out |    2|    s_axi   |      CRTL_BUS      |    scalar    |
|s_axi_CRTL_BUS_BVALID   | out |    1|    s_axi   |      CRTL_BUS      |    scalar    |
|s_axi_CRTL_BUS_BREADY   |  in |    1|    s_axi   |      CRTL_BUS      |    scalar    |
|s_axi_CRTL_BUS_BRESP    | out |    2|    s_axi   |      CRTL_BUS      |    scalar    |
|ap_clk                  |  in |    1| ap_ctrl_hs |       doKmean      | return value |
|ap_rst_n                |  in |    1| ap_ctrl_hs |       doKmean      | return value |
|interrupt               | out |    1| ap_ctrl_hs |       doKmean      | return value |
|inStream_TDATA          |  in |   32|    axis    |  inStream_V_data_V |    pointer   |
|inStream_TVALID         |  in |    1|    axis    |  inStream_V_dest_V |    pointer   |
|inStream_TREADY         | out |    1|    axis    |  inStream_V_dest_V |    pointer   |
|inStream_TDEST          |  in |    6|    axis    |  inStream_V_dest_V |    pointer   |
|inStream_TKEEP          |  in |    4|    axis    |  inStream_V_keep_V |    pointer   |
|inStream_TSTRB          |  in |    4|    axis    |  inStream_V_strb_V |    pointer   |
|inStream_TUSER          |  in |    2|    axis    |  inStream_V_user_V |    pointer   |
|inStream_TLAST          |  in |    1|    axis    |  inStream_V_last_V |    pointer   |
|inStream_TID            |  in |    5|    axis    |   inStream_V_id_V  |    pointer   |
|outStream_TDATA         | out |   32|    axis    | outStream_V_data_V |    pointer   |
|outStream_TVALID        | out |    1|    axis    | outStream_V_dest_V |    pointer   |
|outStream_TREADY        |  in |    1|    axis    | outStream_V_dest_V |    pointer   |
|outStream_TDEST         | out |    6|    axis    | outStream_V_dest_V |    pointer   |
|outStream_TKEEP         | out |    4|    axis    | outStream_V_keep_V |    pointer   |
|outStream_TSTRB         | out |    4|    axis    | outStream_V_strb_V |    pointer   |
|outStream_TUSER         | out |    2|    axis    | outStream_V_user_V |    pointer   |
|outStream_TLAST         | out |    1|    axis    | outStream_V_last_V |    pointer   |
|outStream_TID           | out |    5|    axis    |  outStream_V_id_V  |    pointer   |
+------------------------+-----+-----+------------+--------------------+--------------+

