

================================================================
== Vivado HLS Report for 'get_cluster'
================================================================
* Date:           Thu Nov 29 23:51:53 2018

* Version:        2018.2 (Build 2258646 on Thu Jun 14 20:25:20 MDT 2018)
* Project:        kmeans
* Solution:       opti
* Product family: zynq
* Target device:  xc7z020clg484-1


================================================================
== Performance Estimates
================================================================
+ Timing (ns): 
    * Summary: 
    +--------+-------+----------+------------+
    |  Clock | Target| Estimated| Uncertainty|
    +--------+-------+----------+------------+
    |ap_clk  |  10.00|    10.373|        1.25|
    +--------+-------+----------+------------+

+ Latency (clock cycles): 
    * Summary: 
    +------+------+------+------+---------+
    |   Latency   |   Interval  | Pipeline|
    |  min |  max |  min |  max |   Type  |
    +------+------+------+------+---------+
    |  1029|  1029|  1029|  1029|   none  |
    +------+------+------+------+---------+

    + Detail: 
        * Instance: 
        N/A

        * Loop: 
        N/A



================================================================
== Utilization Estimates
================================================================
* Summary: 
+-----------------+---------+-------+--------+-------+
|       Name      | BRAM_18K| DSP48E|   FF   |  LUT  |
+-----------------+---------+-------+--------+-------+
|DSP              |        -|      1|       -|      -|
|Expression       |        -|      -|       0|   3104|
|FIFO             |        -|      -|       -|      -|
|Instance         |        -|     11|    1434|   2735|
|Memory           |        -|      -|       -|      -|
|Multiplexer      |        -|      -|       -|   8371|
|Register         |        -|      -|    4606|      -|
+-----------------+---------+-------+--------+-------+
|Total            |        0|     12|    6040|  14210|
+-----------------+---------+-------+--------+-------+
|Available        |      280|    220|  106400|  53200|
+-----------------+---------+-------+--------+-------+
|Utilization (%)  |        0|      5|       5|     26|
+-----------------+---------+-------+--------+-------+

+ Detail: 
    * Instance: 
    +-------------------------+----------------------+---------+-------+-----+-----+
    |         Instance        |        Module        | BRAM_18K| DSP48E|  FF | LUT |
    +-------------------------+----------------------+---------+-------+-----+-----+
    |doKmean_faddfsub_bkb_U1  |doKmean_faddfsub_bkb  |        0|      2|  205|  390|
    |doKmean_faddfsub_bkb_U2  |doKmean_faddfsub_bkb  |        0|      2|  205|  390|
    |doKmean_faddfsub_bkb_U3  |doKmean_faddfsub_bkb  |        0|      2|  205|  390|
    |doKmean_faddfsub_bkb_U4  |doKmean_faddfsub_bkb  |        0|      2|  205|  390|
    |doKmean_fcmp_32nsdEe_U6  |doKmean_fcmp_32nsdEe  |        0|      0|   66|  239|
    |doKmean_fmul_32nscud_U5  |doKmean_fmul_32nscud  |        0|      3|  143|  321|
    |doKmean_fsqrt_32neOg_U7  |doKmean_fsqrt_32neOg  |        0|      0|  405|  615|
    +-------------------------+----------------------+---------+-------+-----+-----+
    |Total                    |                      |        0|     11| 1434| 2735|
    +-------------------------+----------------------+---------+-------+-----+-----+

    * DSP48: 
    +-------------------------+----------------------+-----------+
    |         Instance        |        Module        | Expression|
    +-------------------------+----------------------+-----------+
    |doKmean_mul_mul_7fYi_U8  |doKmean_mul_mul_7fYi  |  i0 * i1  |
    +-------------------------+----------------------+-----------+

    * Memory: 
    N/A

    * FIFO: 
    N/A

    * Expression: 
    +----------------------------------+----------+-------+---+----+------------+------------+
    |           Variable Name          | Operation| DSP48E| FF| LUT| Bitwidth P0| Bitwidth P1|
    +----------------------------------+----------+-------+---+----+------------+------------+
    |tmp_100_fu_13245_p2               |     +    |      0|  0|  23|           5|          16|
    |tmp_107_fu_13255_p2               |     +    |      0|  0|  23|           5|          16|
    |tmp_109_fu_13265_p2               |     +    |      0|  0|  23|           5|          16|
    |tmp_116_fu_13275_p2               |     +    |      0|  0|  23|           5|          16|
    |tmp_118_fu_13285_p2               |     +    |      0|  0|  23|           5|          16|
    |tmp_125_fu_13295_p2               |     +    |      0|  0|  23|           5|          16|
    |tmp_127_fu_13305_p2               |     +    |      0|  0|  23|           5|          16|
    |tmp_134_fu_13315_p2               |     +    |      0|  0|  23|           5|          16|
    |tmp_136_fu_13325_p2               |     +    |      0|  0|  23|           5|          16|
    |tmp_143_fu_13335_p2               |     +    |      0|  0|  23|           5|          16|
    |tmp_145_fu_13345_p2               |     +    |      0|  0|  23|           5|          16|
    |tmp_152_fu_13355_p2               |     +    |      0|  0|  23|           5|          16|
    |tmp_154_fu_13365_p2               |     +    |      0|  0|  23|           5|          16|
    |tmp_161_fu_13375_p2               |     +    |      0|  0|  23|           6|          16|
    |tmp_163_fu_13385_p2               |     +    |      0|  0|  23|           6|          16|
    |tmp_170_fu_13395_p2               |     +    |      0|  0|  23|           6|          16|
    |tmp_172_fu_13405_p2               |     +    |      0|  0|  23|           6|          16|
    |tmp_179_fu_13415_p2               |     +    |      0|  0|  23|           6|          16|
    |tmp_181_fu_13425_p2               |     +    |      0|  0|  23|           6|          16|
    |tmp_187_fu_13435_p2               |     +    |      0|  0|  23|           6|          16|
    |tmp_188_fu_13445_p2               |     +    |      0|  0|  23|           6|          16|
    |tmp_189_fu_13455_p2               |     +    |      0|  0|  23|           6|          16|
    |tmp_190_fu_13465_p2               |     +    |      0|  0|  23|           6|          16|
    |tmp_191_fu_13475_p2               |     +    |      0|  0|  23|           6|          16|
    |tmp_192_fu_13485_p2               |     +    |      0|  0|  23|           6|          16|
    |tmp_193_fu_13495_p2               |     +    |      0|  0|  23|           6|          16|
    |tmp_194_fu_13505_p2               |     +    |      0|  0|  23|           6|          16|
    |tmp_195_fu_13515_p2               |     +    |      0|  0|  23|           6|          16|
    |tmp_196_fu_13525_p2               |     +    |      0|  0|  23|           6|          16|
    |tmp_197_fu_13535_p2               |     +    |      0|  0|  23|           6|          16|
    |tmp_198_fu_13545_p2               |     +    |      0|  0|  23|           6|          16|
    |tmp_26_fu_13075_p2                |     +    |      0|  0|  23|           2|          16|
    |tmp_28_fu_13085_p2                |     +    |      0|  0|  23|           2|          16|
    |tmp_35_fu_13095_p2                |     +    |      0|  0|  23|           3|          16|
    |tmp_37_fu_13105_p2                |     +    |      0|  0|  23|           3|          16|
    |tmp_44_fu_13115_p2                |     +    |      0|  0|  23|           3|          16|
    |tmp_46_fu_13125_p2                |     +    |      0|  0|  23|           3|          16|
    |tmp_53_fu_13135_p2                |     +    |      0|  0|  23|           4|          16|
    |tmp_55_fu_13145_p2                |     +    |      0|  0|  23|           4|          16|
    |tmp_62_fu_13155_p2                |     +    |      0|  0|  23|           4|          16|
    |tmp_64_fu_13165_p2                |     +    |      0|  0|  23|           4|          16|
    |tmp_71_fu_13175_p2                |     +    |      0|  0|  23|           4|          16|
    |tmp_73_fu_13185_p2                |     +    |      0|  0|  23|           4|          16|
    |tmp_80_fu_13195_p2                |     +    |      0|  0|  23|           4|          16|
    |tmp_82_fu_13205_p2                |     +    |      0|  0|  23|           4|          16|
    |tmp_89_fu_13215_p2                |     +    |      0|  0|  23|           5|          16|
    |tmp_91_fu_13225_p2                |     +    |      0|  0|  23|           5|          16|
    |tmp_98_fu_13235_p2                |     +    |      0|  0|  23|           5|          16|
    |tmp_103_fu_14573_p2               |    and   |      0|  0|   2|           1|           1|
    |tmp_105_fu_14579_p2               |    and   |      0|  0|   2|           1|           1|
    |tmp_112_fu_14663_p2               |    and   |      0|  0|   2|           1|           1|
    |tmp_114_fu_14669_p2               |    and   |      0|  0|   2|           1|           1|
    |tmp_121_fu_14771_p2               |    and   |      0|  0|   2|           1|           1|
    |tmp_123_fu_14777_p2               |    and   |      0|  0|   2|           1|           1|
    |tmp_130_fu_14861_p2               |    and   |      0|  0|   2|           1|           1|
    |tmp_132_fu_14867_p2               |    and   |      0|  0|   2|           1|           1|
    |tmp_139_fu_14951_p2               |    and   |      0|  0|   2|           1|           1|
    |tmp_141_fu_14957_p2               |    and   |      0|  0|   2|           1|           1|
    |tmp_148_fu_15041_p2               |    and   |      0|  0|   2|           1|           1|
    |tmp_150_fu_15047_p2               |    and   |      0|  0|   2|           1|           1|
    |tmp_157_fu_15168_p2               |    and   |      0|  0|   2|           1|           1|
    |tmp_159_fu_15174_p2               |    and   |      0|  0|   2|           1|           1|
    |tmp_15_fu_13591_p2                |    and   |      0|  0|   2|           1|           1|
    |tmp_166_fu_15258_p2               |    and   |      0|  0|   2|           1|           1|
    |tmp_168_fu_15264_p2               |    and   |      0|  0|   2|           1|           1|
    |tmp_175_fu_15370_p2               |    and   |      0|  0|   2|           1|           1|
    |tmp_177_fu_15376_p2               |    and   |      0|  0|   2|           1|           1|
    |tmp_184_fu_15460_p2               |    and   |      0|  0|   2|           1|           1|
    |tmp_186_fu_15466_p2               |    and   |      0|  0|   2|           1|           1|
    |tmp_22_fu_13676_p2                |    and   |      0|  0|   2|           1|           1|
    |tmp_24_fu_13682_p2                |    and   |      0|  0|   2|           1|           1|
    |tmp_31_fu_13766_p2                |    and   |      0|  0|   2|           1|           1|
    |tmp_33_fu_13772_p2                |    and   |      0|  0|   2|           1|           1|
    |tmp_40_fu_13856_p2                |    and   |      0|  0|   2|           1|           1|
    |tmp_42_fu_13862_p2                |    and   |      0|  0|   2|           1|           1|
    |tmp_49_fu_13946_p2                |    and   |      0|  0|   2|           1|           1|
    |tmp_51_fu_13952_p2                |    and   |      0|  0|   2|           1|           1|
    |tmp_58_fu_14062_p2                |    and   |      0|  0|   2|           1|           1|
    |tmp_60_fu_14068_p2                |    and   |      0|  0|   2|           1|           1|
    |tmp_67_fu_14173_p2                |    and   |      0|  0|   2|           1|           1|
    |tmp_69_fu_14179_p2                |    and   |      0|  0|   2|           1|           1|
    |tmp_76_fu_14263_p2                |    and   |      0|  0|   2|           1|           1|
    |tmp_78_fu_14269_p2                |    and   |      0|  0|   2|           1|           1|
    |tmp_85_fu_14371_p2                |    and   |      0|  0|   2|           1|           1|
    |tmp_87_fu_14377_p2                |    and   |      0|  0|   2|           1|           1|
    |tmp_94_fu_14461_p2                |    and   |      0|  0|   2|           1|           1|
    |tmp_96_fu_14467_p2                |    and   |      0|  0|   2|           1|           1|
    |notlhs10_fu_14044_p2              |   icmp   |      0|  0|  11|           8|           2|
    |notlhs11_fu_14137_p2              |   icmp   |      0|  0|  11|           8|           2|
    |notlhs12_fu_14155_p2              |   icmp   |      0|  0|  11|           8|           2|
    |notlhs13_fu_14227_p2              |   icmp   |      0|  0|  11|           8|           2|
    |notlhs14_fu_14245_p2              |   icmp   |      0|  0|  11|           8|           2|
    |notlhs15_fu_14335_p2              |   icmp   |      0|  0|  11|           8|           2|
    |notlhs16_fu_14353_p2              |   icmp   |      0|  0|  11|           8|           2|
    |notlhs17_fu_14425_p2              |   icmp   |      0|  0|  11|           8|           2|
    |notlhs18_fu_14443_p2              |   icmp   |      0|  0|  11|           8|           2|
    |notlhs19_fu_14537_p2              |   icmp   |      0|  0|  11|           8|           2|
    |notlhs1_fu_13640_p2               |   icmp   |      0|  0|  11|           8|           2|
    |notlhs20_fu_14555_p2              |   icmp   |      0|  0|  11|           8|           2|
    |notlhs21_fu_14627_p2              |   icmp   |      0|  0|  11|           8|           2|
    |notlhs22_fu_14645_p2              |   icmp   |      0|  0|  11|           8|           2|
    |notlhs23_fu_14735_p2              |   icmp   |      0|  0|  11|           8|           2|
    |notlhs24_fu_14753_p2              |   icmp   |      0|  0|  11|           8|           2|
    |notlhs25_fu_14825_p2              |   icmp   |      0|  0|  11|           8|           2|
    |notlhs26_fu_14843_p2              |   icmp   |      0|  0|  11|           8|           2|
    |notlhs27_fu_14915_p2              |   icmp   |      0|  0|  11|           8|           2|
    |notlhs28_fu_14933_p2              |   icmp   |      0|  0|  11|           8|           2|
    |notlhs29_fu_15005_p2              |   icmp   |      0|  0|  11|           8|           2|
    |notlhs2_fu_13838_p2               |   icmp   |      0|  0|  11|           8|           2|
    |notlhs30_fu_15023_p2              |   icmp   |      0|  0|  11|           8|           2|
    |notlhs31_fu_15132_p2              |   icmp   |      0|  0|  11|           8|           2|
    |notlhs32_fu_15150_p2              |   icmp   |      0|  0|  11|           8|           2|
    |notlhs33_fu_15222_p2              |   icmp   |      0|  0|  11|           8|           2|
    |notlhs34_fu_15240_p2              |   icmp   |      0|  0|  11|           8|           2|
    |notlhs35_fu_15334_p2              |   icmp   |      0|  0|  11|           8|           2|
    |notlhs36_fu_15352_p2              |   icmp   |      0|  0|  11|           8|           2|
    |notlhs37_fu_15424_p2              |   icmp   |      0|  0|  11|           8|           2|
    |notlhs38_fu_15442_p2              |   icmp   |      0|  0|  11|           8|           2|
    |notlhs3_fu_13658_p2               |   icmp   |      0|  0|  11|           8|           2|
    |notlhs4_fu_13910_p2               |   icmp   |      0|  0|  11|           8|           2|
    |notlhs5_fu_13730_p2               |   icmp   |      0|  0|  11|           8|           2|
    |notlhs6_fu_13928_p2               |   icmp   |      0|  0|  11|           8|           2|
    |notlhs7_fu_13748_p2               |   icmp   |      0|  0|  11|           8|           2|
    |notlhs8_fu_14026_p2               |   icmp   |      0|  0|  11|           8|           2|
    |notlhs9_fu_13820_p2               |   icmp   |      0|  0|  11|           8|           2|
    |notlhs_fu_13573_p2                |   icmp   |      0|  0|  11|           8|           2|
    |notrhs10_fu_14050_p2              |   icmp   |      0|  0|  18|          23|           1|
    |notrhs11_fu_14143_p2              |   icmp   |      0|  0|  18|          23|           1|
    |notrhs12_fu_14161_p2              |   icmp   |      0|  0|  18|          23|           1|
    |notrhs13_fu_14233_p2              |   icmp   |      0|  0|  18|          23|           1|
    |notrhs14_fu_14251_p2              |   icmp   |      0|  0|  18|          23|           1|
    |notrhs15_fu_14341_p2              |   icmp   |      0|  0|  18|          23|           1|
    |notrhs16_fu_14359_p2              |   icmp   |      0|  0|  18|          23|           1|
    |notrhs17_fu_14431_p2              |   icmp   |      0|  0|  18|          23|           1|
    |notrhs18_fu_14449_p2              |   icmp   |      0|  0|  18|          23|           1|
    |notrhs19_fu_14543_p2              |   icmp   |      0|  0|  18|          23|           1|
    |notrhs1_fu_13826_p2               |   icmp   |      0|  0|  18|          23|           1|
    |notrhs20_fu_14561_p2              |   icmp   |      0|  0|  18|          23|           1|
    |notrhs21_fu_14633_p2              |   icmp   |      0|  0|  18|          23|           1|
    |notrhs22_fu_14651_p2              |   icmp   |      0|  0|  18|          23|           1|
    |notrhs23_fu_14741_p2              |   icmp   |      0|  0|  18|          23|           1|
    |notrhs24_fu_14759_p2              |   icmp   |      0|  0|  18|          23|           1|
    |notrhs25_fu_14831_p2              |   icmp   |      0|  0|  18|          23|           1|
    |notrhs26_fu_14849_p2              |   icmp   |      0|  0|  18|          23|           1|
    |notrhs27_fu_14921_p2              |   icmp   |      0|  0|  18|          23|           1|
    |notrhs28_fu_14939_p2              |   icmp   |      0|  0|  18|          23|           1|
    |notrhs29_fu_15011_p2              |   icmp   |      0|  0|  18|          23|           1|
    |notrhs2_fu_13646_p2               |   icmp   |      0|  0|  18|          23|           1|
    |notrhs30_fu_15029_p2              |   icmp   |      0|  0|  18|          23|           1|
    |notrhs31_fu_15138_p2              |   icmp   |      0|  0|  18|          23|           1|
    |notrhs32_fu_15156_p2              |   icmp   |      0|  0|  18|          23|           1|
    |notrhs33_fu_15228_p2              |   icmp   |      0|  0|  18|          23|           1|
    |notrhs34_fu_15246_p2              |   icmp   |      0|  0|  18|          23|           1|
    |notrhs35_fu_15340_p2              |   icmp   |      0|  0|  18|          23|           1|
    |notrhs36_fu_15358_p2              |   icmp   |      0|  0|  18|          23|           1|
    |notrhs37_fu_15430_p2              |   icmp   |      0|  0|  18|          23|           1|
    |notrhs38_fu_15448_p2              |   icmp   |      0|  0|  18|          23|           1|
    |notrhs3_fu_13844_p2               |   icmp   |      0|  0|  18|          23|           1|
    |notrhs4_fu_13664_p2               |   icmp   |      0|  0|  18|          23|           1|
    |notrhs5_fu_13916_p2               |   icmp   |      0|  0|  18|          23|           1|
    |notrhs6_fu_13736_p2               |   icmp   |      0|  0|  18|          23|           1|
    |notrhs7_fu_13934_p2               |   icmp   |      0|  0|  18|          23|           1|
    |notrhs8_fu_13754_p2               |   icmp   |      0|  0|  18|          23|           1|
    |notrhs9_fu_14032_p2               |   icmp   |      0|  0|  18|          23|           1|
    |notrhs_fu_13579_p2                |   icmp   |      0|  0|  18|          23|           1|
    |tmp_101_fu_14549_p2               |    or    |      0|  0|   2|           1|           1|
    |tmp_102_fu_14567_p2               |    or    |      0|  0|   2|           1|           1|
    |tmp_110_fu_14639_p2               |    or    |      0|  0|   2|           1|           1|
    |tmp_111_fu_14657_p2               |    or    |      0|  0|   2|           1|           1|
    |tmp_119_fu_14747_p2               |    or    |      0|  0|   2|           1|           1|
    |tmp_120_fu_14765_p2               |    or    |      0|  0|   2|           1|           1|
    |tmp_128_fu_14837_p2               |    or    |      0|  0|   2|           1|           1|
    |tmp_129_fu_14855_p2               |    or    |      0|  0|   2|           1|           1|
    |tmp_137_fu_14927_p2               |    or    |      0|  0|   2|           1|           1|
    |tmp_138_fu_14945_p2               |    or    |      0|  0|   2|           1|           1|
    |tmp_13_fu_13585_p2                |    or    |      0|  0|   2|           1|           1|
    |tmp_146_fu_15017_p2               |    or    |      0|  0|   2|           1|           1|
    |tmp_147_fu_15035_p2               |    or    |      0|  0|   2|           1|           1|
    |tmp_155_fu_15144_p2               |    or    |      0|  0|   2|           1|           1|
    |tmp_156_fu_15162_p2               |    or    |      0|  0|   2|           1|           1|
    |tmp_164_fu_15234_p2               |    or    |      0|  0|   2|           1|           1|
    |tmp_165_fu_15252_p2               |    or    |      0|  0|   2|           1|           1|
    |tmp_173_fu_15346_p2               |    or    |      0|  0|   2|           1|           1|
    |tmp_174_fu_15364_p2               |    or    |      0|  0|   2|           1|           1|
    |tmp_182_fu_15436_p2               |    or    |      0|  0|   2|           1|           1|
    |tmp_183_fu_15454_p2               |    or    |      0|  0|   2|           1|           1|
    |tmp_19_fu_13065_p2                |    or    |      0|  0|  16|          16|           1|
    |tmp_1_fu_14082_p2                 |    or    |      0|  0|   2|           1|           1|
    |tmp_20_fu_13652_p2                |    or    |      0|  0|   2|           1|           1|
    |tmp_21_fu_13670_p2                |    or    |      0|  0|   2|           1|           1|
    |tmp_29_fu_13742_p2                |    or    |      0|  0|   2|           1|           1|
    |tmp_30_fu_13760_p2                |    or    |      0|  0|   2|           1|           1|
    |tmp_38_fu_13832_p2                |    or    |      0|  0|   2|           1|           1|
    |tmp_39_fu_13850_p2                |    or    |      0|  0|   2|           1|           1|
    |tmp_3_fu_14289_p2                 |    or    |      0|  0|   2|           1|           1|
    |tmp_47_fu_13922_p2                |    or    |      0|  0|   2|           1|           1|
    |tmp_48_fu_13940_p2                |    or    |      0|  0|   2|           1|           1|
    |tmp_4_fu_14490_p2                 |    or    |      0|  0|   2|           1|           1|
    |tmp_56_fu_14038_p2                |    or    |      0|  0|   2|           1|           1|
    |tmp_57_fu_14056_p2                |    or    |      0|  0|   2|           1|           1|
    |tmp_5_fu_14689_p2                 |    or    |      0|  0|   2|           1|           1|
    |tmp_65_fu_14149_p2                |    or    |      0|  0|   2|           1|           1|
    |tmp_66_fu_14167_p2                |    or    |      0|  0|   2|           1|           1|
    |tmp_6_fu_15067_p2                 |    or    |      0|  0|   2|           1|           1|
    |tmp_74_fu_14239_p2                |    or    |      0|  0|   2|           1|           1|
    |tmp_75_fu_14257_p2                |    or    |      0|  0|   2|           1|           1|
    |tmp_7_fu_15085_p2                 |    or    |      0|  0|   2|           1|           1|
    |tmp_83_fu_14347_p2                |    or    |      0|  0|   2|           1|           1|
    |tmp_84_fu_14365_p2                |    or    |      0|  0|   2|           1|           1|
    |tmp_8_fu_15287_p2                 |    or    |      0|  0|   2|           1|           1|
    |tmp_92_fu_14437_p2                |    or    |      0|  0|   2|           1|           1|
    |tmp_93_fu_14455_p2                |    or    |      0|  0|   2|           1|           1|
    |tmp_9_fu_15479_p2                 |    or    |      0|  0|   2|           1|           1|
    |tmp_fu_13975_p2                   |    or    |      0|  0|   2|           1|           1|
    |ap_return                         |  select  |      0|  0|   5|           1|           5|
    |cluster_1_10_fu_15089_p3          |  select  |      0|  0|   4|           1|           4|
    |cluster_1_11_cast_ca_fu_15060_p3  |  select  |      0|  0|   4|           1|           3|
    |cluster_1_11_fu_15280_p3          |  select  |      0|  0|   6|           1|           5|
    |cluster_1_12_fu_15291_p3          |  select  |      0|  0|   5|           1|           5|
    |cluster_1_13_cast_ca_fu_15078_p3  |  select  |      0|  0|   3|           1|           2|
    |cluster_1_13_fu_15472_p3          |  select  |      0|  0|   5|           1|           5|
    |cluster_1_1_fu_14693_p3           |  select  |      0|  0|   4|           1|           4|
    |cluster_1_2_fu_13968_p3           |  select  |      0|  0|   3|           1|           2|
    |cluster_1_3_fu_13979_p3           |  select  |      0|  0|   2|           1|           2|
    |cluster_1_4_fu_14074_p3           |  select  |      0|  0|   4|           1|           3|
    |cluster_1_5_fu_14087_p3           |  select  |      0|  0|   3|           1|           3|
    |cluster_1_6_cast_cas_fu_14282_p3  |  select  |      0|  0|   3|           1|           2|
    |cluster_1_6_fu_15071_p3           |  select  |      0|  0|   4|           1|           4|
    |cluster_1_7_fu_14293_p3           |  select  |      0|  0|   3|           1|           3|
    |cluster_1_8_fu_14483_p3           |  select  |      0|  0|   5|           1|           4|
    |cluster_1_9_fu_14494_p3           |  select  |      0|  0|   4|           1|           4|
    |cluster_1_s_fu_14682_p3           |  select  |      0|  0|   4|           1|           4|
    |min_distance_1_10_fu_14675_p3     |  select  |      0|  0|  32|           1|          32|
    |min_distance_1_11_fu_14783_p3     |  select  |      0|  0|  32|           1|          32|
    |min_distance_1_12_fu_14873_p3     |  select  |      0|  0|  32|           1|          32|
    |min_distance_1_13_fu_14963_p3     |  select  |      0|  0|  32|           1|          32|
    |min_distance_1_14_fu_15053_p3     |  select  |      0|  0|  32|           1|          32|
    |min_distance_1_15_fu_15180_p3     |  select  |      0|  0|  32|           1|          32|
    |min_distance_1_16_fu_15270_p3     |  select  |      0|  0|  32|           1|          32|
    |min_distance_1_17_fu_15382_p3     |  select  |      0|  0|  32|           1|          32|
    |min_distance_1_1_fu_13688_p3      |  select  |      0|  0|  32|           1|          32|
    |min_distance_1_2_fu_13778_p3      |  select  |      0|  0|  32|           1|          32|
    |min_distance_1_3_fu_13868_p3      |  select  |      0|  0|  32|           1|          32|
    |min_distance_1_4_fu_13958_p3      |  select  |      0|  0|  32|           1|          32|
    |min_distance_1_5_fu_14095_p3      |  select  |      0|  0|  32|           1|          32|
    |min_distance_1_6_fu_14185_p3      |  select  |      0|  0|  32|           1|          32|
    |min_distance_1_7_fu_14275_p3      |  select  |      0|  0|  32|           1|          32|
    |min_distance_1_8_fu_14383_p3      |  select  |      0|  0|  32|           1|          32|
    |min_distance_1_9_fu_14473_p3      |  select  |      0|  0|  32|           1|          32|
    |min_distance_1_fu_13597_p3        |  select  |      0|  0|  32|           1|          32|
    |min_distance_1_s_fu_14585_p3      |  select  |      0|  0|  32|           1|          32|
    +----------------------------------+----------+-------+---+----+------------+------------+
    |Total                             |          |      0|  0|3104|        1585|        1645|
    +----------------------------------+----------+-------+---+----+------------+------------+

    * Multiplexer: 
    +---------------------+------+-----------+-----+-----------+
    |         Name        |  LUT | Input Size| Bits| Total Bits|
    +---------------------+------+-----------+-----+-----------+
    |ap_NS_fsm            |  2193|       1031|    1|       1031|
    |centroids_address0   |  2193|       1001|   10|      10010|
    |centroids_address1   |  2193|       1001|   10|      10010|
    |data_set_address0    |   437|         99|   16|       1584|
    |data_set_address1    |   437|         99|   16|       1584|
    |grp_fu_12630_opcode  |    15|          3|    2|          6|
    |grp_fu_12630_p0      |   145|         32|   32|       1024|
    |grp_fu_12630_p1      |    62|         15|   32|        480|
    |grp_fu_12634_opcode  |    15|          3|    2|          6|
    |grp_fu_12634_p0      |    53|         12|   32|        384|
    |grp_fu_12634_p1      |    53|         12|   32|        384|
    |grp_fu_12639_opcode  |    15|          3|    2|          6|
    |grp_fu_12639_p0      |   113|         24|   32|        768|
    |grp_fu_12639_p1      |    59|         14|   32|        448|
    |grp_fu_12644_opcode  |    15|          3|    2|          6|
    |grp_fu_12644_p0      |    27|          5|   32|        160|
    |grp_fu_12644_p1      |    15|          3|   32|         96|
    |grp_fu_12650_p0      |    85|         17|   32|        544|
    |grp_fu_12650_p1      |    89|         18|   32|        576|
    |grp_fu_12654_p1      |   101|         21|   32|        672|
    |grp_fu_12659_p1      |    56|         13|   32|        416|
    +---------------------+------+-----------+-----+-----------+
    |Total                |  8371|       3429|  445|      30195|
    +---------------------+------+-----------+-----+-----------+

    * Register: 
    +-----------------------------+------+----+------+-----------+
    |             Name            |  FF  | LUT| Bits | Const Bits|
    +-----------------------------+------+----+------+-----------+
    |ap_CS_fsm                    |  1030|   0|  1030|          0|
    |cluster_1_10_reg_22084       |     4|   0|     4|          0|
    |cluster_1_12_reg_22114       |     5|   0|     5|          0|
    |cluster_1_1_reg_22029        |     4|   0|     4|          0|
    |cluster_1_5_reg_21932        |     3|   0|     3|          0|
    |cluster_1_7_reg_21969        |     3|   0|     3|          0|
    |cluster_1_9_reg_21999        |     4|   0|     4|          0|
    |data_set_addr_10_reg_16842   |    16|   0|    16|          0|
    |data_set_addr_11_reg_16968   |    16|   0|    16|          0|
    |data_set_addr_12_reg_17094   |    16|   0|    16|          0|
    |data_set_addr_13_reg_17220   |    16|   0|    16|          0|
    |data_set_addr_14_reg_17346   |    16|   0|    16|          0|
    |data_set_addr_15_reg_17472   |    16|   0|    16|          0|
    |data_set_addr_16_reg_17598   |    16|   0|    16|          0|
    |data_set_addr_17_reg_17724   |    16|   0|    16|          0|
    |data_set_addr_18_reg_17850   |    16|   0|    16|          0|
    |data_set_addr_19_reg_17976   |    16|   0|    16|          0|
    |data_set_addr_1_reg_15683    |    15|   0|    16|          1|
    |data_set_addr_20_reg_18102   |    16|   0|    16|          0|
    |data_set_addr_21_reg_18228   |    16|   0|    16|          0|
    |data_set_addr_22_reg_18354   |    16|   0|    16|          0|
    |data_set_addr_23_reg_18480   |    16|   0|    16|          0|
    |data_set_addr_24_reg_18606   |    16|   0|    16|          0|
    |data_set_addr_25_reg_18732   |    16|   0|    16|          0|
    |data_set_addr_26_reg_18858   |    16|   0|    16|          0|
    |data_set_addr_27_reg_18984   |    16|   0|    16|          0|
    |data_set_addr_28_reg_19110   |    16|   0|    16|          0|
    |data_set_addr_29_reg_19236   |    16|   0|    16|          0|
    |data_set_addr_2_reg_15824    |    16|   0|    16|          0|
    |data_set_addr_30_reg_19362   |    16|   0|    16|          0|
    |data_set_addr_31_reg_19488   |    16|   0|    16|          0|
    |data_set_addr_32_reg_19614   |    16|   0|    16|          0|
    |data_set_addr_33_reg_19740   |    16|   0|    16|          0|
    |data_set_addr_34_reg_19866   |    16|   0|    16|          0|
    |data_set_addr_35_reg_19992   |    16|   0|    16|          0|
    |data_set_addr_36_reg_20118   |    16|   0|    16|          0|
    |data_set_addr_37_reg_20244   |    16|   0|    16|          0|
    |data_set_addr_38_reg_20370   |    16|   0|    16|          0|
    |data_set_addr_39_reg_20496   |    16|   0|    16|          0|
    |data_set_addr_3_reg_15960    |    16|   0|    16|          0|
    |data_set_addr_40_reg_20622   |    16|   0|    16|          0|
    |data_set_addr_41_reg_20748   |    16|   0|    16|          0|
    |data_set_addr_42_reg_20874   |    16|   0|    16|          0|
    |data_set_addr_43_reg_21000   |    16|   0|    16|          0|
    |data_set_addr_44_reg_21126   |    16|   0|    16|          0|
    |data_set_addr_45_reg_21252   |    16|   0|    16|          0|
    |data_set_addr_46_reg_21378   |    16|   0|    16|          0|
    |data_set_addr_47_reg_21504   |    16|   0|    16|          0|
    |data_set_addr_48_reg_21630   |    16|   0|    16|          0|
    |data_set_addr_49_reg_21636   |    16|   0|    16|          0|
    |data_set_addr_4_reg_16086    |    16|   0|    16|          0|
    |data_set_addr_5_reg_16212    |    16|   0|    16|          0|
    |data_set_addr_6_reg_16338    |    16|   0|    16|          0|
    |data_set_addr_7_reg_16464    |    16|   0|    16|          0|
    |data_set_addr_8_reg_16590    |    16|   0|    16|          0|
    |data_set_addr_9_reg_16716    |    16|   0|    16|          0|
    |data_set_addr_reg_15551      |    16|   0|    16|          0|
    |distance_2_16_reg_15877      |    32|   0|    32|          0|
    |distance_2_18_reg_15783      |    32|   0|    32|          0|
    |min_distance_1_10_reg_22022  |    32|   0|    32|          0|
    |min_distance_1_11_reg_22039  |    32|   0|    32|          0|
    |min_distance_1_12_reg_22052  |    32|   0|    32|          0|
    |min_distance_1_13_reg_22064  |    32|   0|    32|          0|
    |min_distance_1_14_reg_22077  |    32|   0|    32|          0|
    |min_distance_1_15_reg_22094  |    32|   0|    32|          0|
    |min_distance_1_16_reg_22107  |    32|   0|    32|          0|
    |min_distance_1_17_reg_22124  |    32|   0|    32|          0|
    |min_distance_1_1_reg_21888   |    32|   0|    32|          0|
    |min_distance_1_2_reg_21900   |    32|   0|    32|          0|
    |min_distance_1_3_reg_21913   |    32|   0|    32|          0|
    |min_distance_1_4_reg_21925   |    32|   0|    32|          0|
    |min_distance_1_5_reg_21937   |    32|   0|    32|          0|
    |min_distance_1_6_reg_21949   |    32|   0|    32|          0|
    |min_distance_1_7_reg_21962   |    32|   0|    32|          0|
    |min_distance_1_8_reg_21979   |    32|   0|    32|          0|
    |min_distance_1_9_reg_21992   |    32|   0|    32|          0|
    |min_distance_1_reg_21876     |    32|   0|    32|          0|
    |min_distance_1_s_reg_22009   |    32|   0|    32|          0|
    |reg_12664                    |    32|   0|    32|          0|
    |reg_12671                    |    32|   0|    32|          0|
    |reg_12678                    |    32|   0|    32|          0|
    |reg_12685                    |    32|   0|    32|          0|
    |reg_12692                    |    32|   0|    32|          0|
    |reg_12698                    |    32|   0|    32|          0|
    |reg_12704                    |    32|   0|    32|          0|
    |reg_12710                    |    32|   0|    32|          0|
    |reg_12716                    |    32|   0|    32|          0|
    |reg_12722                    |    32|   0|    32|          0|
    |reg_12728                    |    32|   0|    32|          0|
    |reg_12734                    |    32|   0|    32|          0|
    |reg_12740                    |    32|   0|    32|          0|
    |reg_12746                    |    32|   0|    32|          0|
    |reg_12752                    |    32|   0|    32|          0|
    |reg_12758                    |    32|   0|    32|          0|
    |reg_12764                    |    32|   0|    32|          0|
    |reg_12770                    |    32|   0|    32|          0|
    |reg_12776                    |    32|   0|    32|          0|
    |reg_12782                    |    32|   0|    32|          0|
    |reg_12788                    |    32|   0|    32|          0|
    |reg_12795                    |    32|   0|    32|          0|
    |reg_12801                    |    32|   0|    32|          0|
    |reg_12808                    |    32|   0|    32|          0|
    |reg_12814                    |    32|   0|    32|          0|
    |reg_12821                    |    32|   0|    32|          0|
    |reg_12827                    |    32|   0|    32|          0|
    |reg_12834                    |    32|   0|    32|          0|
    |reg_12841                    |    32|   0|    32|          0|
    |reg_12849                    |    32|   0|    32|          0|
    |reg_12857                    |    32|   0|    32|          0|
    |reg_12866                    |    32|   0|    32|          0|
    |reg_12874                    |    32|   0|    32|          0|
    |reg_12881                    |    32|   0|    32|          0|
    |reg_12888                    |    32|   0|    32|          0|
    |reg_12895                    |    32|   0|    32|          0|
    |reg_12902                    |    32|   0|    32|          0|
    |reg_12909                    |    32|   0|    32|          0|
    |reg_12918                    |    32|   0|    32|          0|
    |reg_12925                    |    32|   0|    32|          0|
    |reg_12931                    |    32|   0|    32|          0|
    |reg_12937                    |    32|   0|    32|          0|
    |reg_12943                    |    32|   0|    32|          0|
    |reg_12949                    |    32|   0|    32|          0|
    |reg_12955                    |    32|   0|    32|          0|
    |reg_12962                    |    32|   0|    32|          0|
    |reg_12968                    |    32|   0|    32|          0|
    |reg_12973                    |    32|   0|    32|          0|
    |reg_12978                    |    32|   0|    32|          0|
    |reg_12983                    |    32|   0|    32|          0|
    |reg_12989                    |    32|   0|    32|          0|
    |reg_12996                    |    32|   0|    32|          0|
    |reg_13003                    |    32|   0|    32|          0|
    |reg_13010                    |    32|   0|    32|          0|
    |reg_13018                    |    32|   0|    32|          0|
    |reg_13024                    |    32|   0|    32|          0|
    |reg_13029                    |    32|   0|    32|          0|
    |reg_13034                    |    32|   0|    32|          0|
    |reg_13039                    |    32|   0|    32|          0|
    |reg_13044                    |    32|   0|    32|          0|
    |reg_13049                    |    32|   0|    32|          0|
    |tmp_105_reg_22004            |     1|   0|     1|          0|
    |tmp_114_reg_22016            |     1|   0|     1|          0|
    |tmp_123_reg_22034            |     1|   0|     1|          0|
    |tmp_132_reg_22046            |     1|   0|     1|          0|
    |tmp_141_reg_22059            |     1|   0|     1|          0|
    |tmp_150_reg_22071            |     1|   0|     1|          0|
    |tmp_159_reg_22089            |     1|   0|     1|          0|
    |tmp_168_reg_22101            |     1|   0|     1|          0|
    |tmp_177_reg_22119            |     1|   0|     1|          0|
    |tmp_17_reg_15498             |    16|   0|    16|          0|
    |tmp_186_reg_22130            |     1|   0|     1|          0|
    |tmp_24_reg_21883             |     1|   0|     1|          0|
    |tmp_33_reg_21895             |     1|   0|     1|          0|
    |tmp_42_reg_21907             |     1|   0|     1|          0|
    |tmp_51_reg_21920             |     1|   0|     1|          0|
    |tmp_5_19_1_reg_15860         |    32|   0|    32|          0|
    |tmp_69_reg_21944             |     1|   0|     1|          0|
    |tmp_78_reg_21956             |     1|   0|     1|          0|
    |tmp_7_15_reg_15725           |    32|   0|    32|          0|
    |tmp_7_2_1_reg_15766          |    32|   0|    32|          0|
    |tmp_87_reg_21974             |     1|   0|     1|          0|
    |tmp_96_reg_21986             |     1|   0|     1|          0|
    +-----------------------------+------+----+------+-----------+
    |Total                        |  4606|   0|  4607|          1|
    +-----------------------------+------+----+------+-----------+



================================================================
== Interface
================================================================
* Summary: 
+--------------------+-----+-----+------------+-----------------+--------------+
|      RTL Ports     | Dir | Bits|  Protocol  |  Source Object  |    C Type    |
+--------------------+-----+-----+------------+-----------------+--------------+
|ap_clk              |  in |    1| ap_ctrl_hs |   get_cluster   | return value |
|ap_rst              |  in |    1| ap_ctrl_hs |   get_cluster   | return value |
|ap_start            |  in |    1| ap_ctrl_hs |   get_cluster   | return value |
|ap_done             | out |    1| ap_ctrl_hs |   get_cluster   | return value |
|ap_idle             | out |    1| ap_ctrl_hs |   get_cluster   | return value |
|ap_ready            | out |    1| ap_ctrl_hs |   get_cluster   | return value |
|ap_return           | out |    5| ap_ctrl_hs |   get_cluster   | return value |
|data_set_address0   | out |   16|  ap_memory |     data_set    |     array    |
|data_set_ce0        | out |    1|  ap_memory |     data_set    |     array    |
|data_set_q0         |  in |   32|  ap_memory |     data_set    |     array    |
|data_set_address1   | out |   16|  ap_memory |     data_set    |     array    |
|data_set_ce1        | out |    1|  ap_memory |     data_set    |     array    |
|data_set_q1         |  in |   32|  ap_memory |     data_set    |     array    |
|data_set_offset     |  in |   10|   ap_none  | data_set_offset |    scalar    |
|centroids_address0  | out |   10|  ap_memory |    centroids    |     array    |
|centroids_ce0       | out |    1|  ap_memory |    centroids    |     array    |
|centroids_q0        |  in |   32|  ap_memory |    centroids    |     array    |
|centroids_address1  | out |   10|  ap_memory |    centroids    |     array    |
|centroids_ce1       | out |    1|  ap_memory |    centroids    |     array    |
|centroids_q1        |  in |   32|  ap_memory |    centroids    |     array    |
+--------------------+-----+-----+------------+-----------------+--------------+

