logic__257: 
logic__151: 
reg__82: 
logic__686: 
case__19: 
logic__652: 
logic__1023: 
keep__1: 
case__90: 
counter__2: 
logic__101: 
reg__15: 
logic__813: 
logic__901: 
case__193: 
logic__694: 
case__102: 
reg__68: 
addsub__18: 
reg__81: 
case__189: 
signinv__13: 
generic_baseblocks_v2_1_0_comparator_static__parameterized4: 
datapath__101: 
signinv__20: 
case__161: 
signinv__1: 
axi_infrastructure_v1_1_0_vector2axi: 
logic__622: 
logic__93: 
datapath__39: 
reg__10: 
reg__52: 
logic__152: 
case__228: 
logic__1059: 
addsub__30: 
logic__57: 
datapath__58: 
logic__144: 
case__103: 
datapath__93: 
case__98: 
logic__801: 
logic__760: 
logic__53: 
logic__226: 
logic__1024: 
datapath__7: 
logic__305: 
case__9: 
case__185: 
datapath__105: 
logic__295: 
logic__429: 
datapath__119: 
case__155: 
logic__217: 
signinv__7: 
axi_crossbar_v2_1_18_wdata_mux__parameterized0: 
logic__954: 
logic__890: 
reg__96: 
logic__386: 
case__194: 
datapath__22: 
logic__71: 
axi_crossbar_v2_1_18_si_transactor: 
logic__431: 
case__267: 
signinv__3: 
logic__32: 
logic__869: 
datapath__112: 
datapath__110: 
logic__66: 
reg__16: 
datapath__47: 
case__244: 
case__280: 
case__27: 
axi_register_slice_v2_1_17_axic_register_slice__parameterized1: 
case__243: 
case__30: 
logic__898: 
logic__372: 
logic__918: 
logic__426: 
logic__89: 
logic__907: 
logic__385: 
logic__885: 
case__41: 
logic__434: 
logic__207: 
reg__65: 
case__151: 
datapath__107: 
signinv__19: 
logic__268: 
datapath__43: 
datapath__11: 
logic__204: 
reg__98: 
logic__285: 
logic__648: 
logic__881: 
reg__61: 
datapath__60: 
logic__796: 
logic__175: 
case__191: 
logic__865: 
reg__87: 
logic__373: 
logic__412: 
logic__133: 
logic__98: 
logic__315: 
addsub__7: 
case__88: 
case__106: 
logic__276: 
case__190: 
logic__269: 
datapath__113: 
logic__730: 
datapath__19: 
reg__37: 
logic__68: 
logic__82: 
logic__746: 
logic__547: 
case__188: 
logic__893: 
logic__591: 
case__150: 
datapath__89: 
logic__87: 
datapath__15: 
case__300: 
case__183: 
logic__818: 
reg__59: 
logic__599: 
datapath__44: 
axi_crossbar_v2_1_18_crossbar: 
datapath__36: 
logic__795: 
logic__475: 
reg__30: 
datapath__9: 
logic__923: 
logic__749: 
datapath__28: 
logic__149: 
logic__208: 
reg__47: 
datapath__79: 
axi_crossbar_v2_1_18_arbiter_resp: 
case__215: 
reg__89: 
logic__815: 
case__213: 
logic__705: 
datapath__91: 
datapath__106: 
generic_baseblocks_v2_1_0_mux_enc__parameterized2: 
logic__956: 
addsub__9: 
reg__57: 
logic__618: 
signinv__6: 
datapath__8: 
logic__24: 
signinv__5: 
reg__88: 
case__247: 
case__23: 
case__31: 
reg__84: 
datapath__65: 
axi_crossbar_v2_1_18_addr_decoder: 
axi_crossbar_v2_1_18_si_transactor__parameterized8: 
case__148: 
logic__97: 
reg__36: 
case__182: 
case__157: 
case__152: 
reg__63: 
case__277: 
case__227: 
datapath__80: 
case__43: 
case__198: 
logic__790: 
logic__752: 
logic__59: 
reg__86: 
logic__886: 
datapath__115: 
datapath__62: 
datapath__35: 
reg__18: 
reg__31: 
logic__555: 
reg__93: 
reg__42: 
case__297: 
logic__197: 
logic__140: 
keep__8: 
datapath__68: 
datapath__48: 
logic__665: 
logic__1018: 
logic__167: 
signinv__15: 
logic__83: 
logic__656: 
reg__69: 
logic__593: 
logic__991: 
signinv__27: 
logic__570: 
logic__229: 
logic__949: 
logic__802: 
case__45: 
case__35: 
case__263: 
case__15: 
logic__558: 
logic__733: 
datapath__27: 
logic__1052: 
logic__792: 
logic__73: 
logic: 
case__14: 
reg__21: 
reg__9: 
logic__495: 
case__46: 
reg__53: 
case__192: 
logic__262: 
logic__753: 
case__276: 
datapath__103: 
datapath__90: 
logic__611: 
logic__879: 
logic__586: 
logic__185: 
addsub__26: 
muxpart: 
logic__639: 
logic__1035: 
logic__834: 
logic__947: 
addsub__15: 
logic__198: 
logic__487: 
logic__653: 
logic__371: 
datapath__50: 
case__296: 
addsub__29: 
logic__638: 
logic__272: 
logic__891: 
case__24: 
generic_baseblocks_v2_1_0_comparator_static__parameterized0: 
keep__5: 
keep__4: 
reg__48: 
case__164: 
logic__637: 
reg__97: 
case__281: 
case__309: 
logic__224: 
datapath__126: 
datapath__95: 
addsub__28: 
datapath__31: 
logic__471: 
reg__12: 
logic__594: 
axi_crossbar_v2_1_18_si_transactor__parameterized6: 
reg: 
case__223: 
case__220: 
datapath__61: 
reg__70: 
logic__887: 
datapath__83: 
reg__67: 
logic__880: 
logic__221: 
logic__34: 
reg__79: 
logic__645: 
logic__451: 
datapath__96: 
logic__376: 
reg__85: 
logic__507: 
logic__383: 
logic__924: 
axi_crossbar_v2_1_18_si_transactor__parameterized7: 
logic__81: 
datapath__24: 
logic__884: 
logic__366: 
logic__805: 
case__237: 
datapath__33: 
logic__655: 
datapath__64: 
logic__959: 
case__221: 
reg__91: 
case__225: 
logic__554: 
case__36: 
logic__375: 
logic__1042: 
datapath__92: 
logic__202: 
case__154: 
logic__78: 
case__270: 
case__153: 
logic__680: 
reg__6: 
logic__44: 
reg__29: 
logic__928: 
datapath__70: 
case__196: 
axi_data_fifo_v2_1_16_axic_reg_srl_fifo__parameterized2: 
signinv__11: 
datapath__51: 
reg__58: 
addsub__20: 
generic_baseblocks_v2_1_0_comparator_static__parameterized3: 
logic__800: 
logic__461: 
logic__277: 
datapath__122: 
logic__840: 
reg__74: 
logic__422: 
case__149: 
logic__275: 
logic__441: 
datapath__121: 
logic__777: 
logic__703: 
logic__510: 
case__239: 
logic__290: 
reg__2: 
logic__92: 
logic__811: 
logic__962: 
reg__32: 
datapath__72: 
logic__173: 
case__264: 
logic__986: 
reg__8: 
datapath__85: 
logic__55: 
logic__711: 
axi_data_fifo_v2_1_16_axic_srl_fifo__parameterized2: 
logic__418: 
datapath__32: 
logic__479: 
logic__994: 
case__180: 
case__302: 
axi_crossbar_v2_1_18_si_transactor__parameterized3: 
logic__551: 
keep: 
logic__382: 
logic__384: 
case__306: 
axi_data_fifo_v2_1_16_axic_srl_fifo: 
addsub__14: 
addsub__13: 
datapath__45: 
logic__709: 
logic__364: 
case__216: 
case__100: 
logic__754: 
logic__667: 
logic__335: 
logic__319: 
case__229: 
logic__661: 
addsub__16: 
datapath__4: 
logic__54: 
logic__147: 
reg__34: 
logic__987: 
signinv__4: 
case__272: 
logic__222: 
logic__491: 
logic__180: 
logic__588: 
axi_crossbar_v2_1_18_splitter: 
logic__556: 
logic__747: 
signinv__9: 
logic__365: 
datapath__53: 
axi_data_fifo_v2_1_16_axic_reg_srl_fifo__parameterized0: 
datapath__98: 
case__104: 
logic__380: 
datapath__114: 
axi_data_fifo_v2_1_16_axic_reg_srl_fifo__parameterized1: 
case__248: 
reg__14: 
reg__5: 
generic_baseblocks_v2_1_0_comparator_static__parameterized1: 
case__232: 
datapath__75: 
datapath__55: 
logic__544: 
logic__100: 
axi_data_fifo_v2_1_16_ndeep_srl__parameterized0: 
keep__6: 
logic__774: 
logic__270: 
logic__35: 
case__33: 
case__165: 
logic__552: 
addsub: 
case__21: 
logic__964: 
case__269: 
signinv__8: 
case__282: 
logic__557: 
datapath__56: 
case__163: 
case__40: 
logic__189: 
signinv__12: 
logic__850: 
axi_data_fifo_v2_1_16_axic_srl_fifo__parameterized1: 
logic__560: 
logic__794: 
logic__60: 
logic__553: 
logic__370: 
logic__657: 
datapath__71: 
reg__64: 
axi_crossbar_v2_1_18_si_transactor__parameterized4: 
addsub__23: 
logic__654: 
logic__274: 
generic_baseblocks_v2_1_0_carry_and: 
logic__94: 
logic__716: 
logic__379: 
logic__421: 
datapath__54: 
logic__219: 
logic__664: 
logic__265: 
signinv__17: 
datapath__1: 
logic__65: 
case: 
datapath__37: 
axi_crossbar_v2_1_18_axi_crossbar: 
reg__62: 
reg__38: 
logic__271: 
datapath__41: 
datapath__52: 
logic__420: 
logic__228: 
logic__883: 
logic__731: 
logic__1033: 
datapath__63: 
logic__67: 
logic__828: 
logic__768: 
logic__327: 
case__181: 
signinv__30: 
datapath__108: 
logic__1053: 
datapath__116: 
axi_data_fifo_v2_1_16_ndeep_srl: 
logic__360: 
case__271: 
datapath__102: 
logic__537: 
generic_baseblocks_v2_1_0_comparator_static__parameterized2: 
logic__771: 
reg__7: 
design_1_xbar_0: 
reg__35: 
case__298: 
logic__572: 
logic__61: 
case__217: 
reg__51: 
logic__425: 
axi_crossbar_v2_1_18_decerr_slave: 
logic__29: 
datapath__125: 
muxpart__9: 
datapath__69: 
logic__64: 
datapath__88: 
datapath__12: 
case__240: 
logic__793: 
logic__90: 
logic__351: 
logic__607: 
case__93: 
logic__536: 
case__230: 
addsub__25: 
datapath__14: 
logic__174: 
logic__75: 
logic__538: 
axi_crossbar_v2_1_18_si_transactor__parameterized1: 
logic__566: 
case__265: 
logic__782: 
signinv__21: 
logic__352: 
logic__725: 
addsub__3: 
logic__559: 
reg__19: 
logic__96: 
signinv__25: 
logic__129: 
case__219: 
logic__1016: 
logic__432: 
reg__80: 
muxpart__10: 
logic__837: 
logic__428: 
case__212: 
reg__13: 
logic__517: 
logic__955: 
datapath__111: 
datapath__104: 
addsub__17: 
axi_crossbar_v2_1_18_si_transactor__parameterized5: 
counter__3: 
case__235: 
logic__1: 
logic__137: 
logic__963: 
case__274: 
case__107: 
case__42: 
case__238: 
reg__23: 
logic__666: 
addsub__19: 
signinv__22: 
case__29: 
logic__1026: 
signinv__28: 
axi_crossbar_v2_1_18_addr_decoder__parameterized0: 
logic__423: 
datapath__38: 
case__37: 
reg__72: 
logic__88: 
logic__888: 
logic__223: 
case__266: 
logic__424: 
datapath__77: 
logic__86: 
logic__1032: 
logic__1017: 
logic__905: 
addsub__8: 
case__305: 
case__32: 
datapath__82: 
datapath__120: 
logic__953: 
case__224: 
logic__56: 
logic__377: 
datapath__30: 
axi_data_fifo_v2_1_16_axic_srl_fifo__parameterized0: 
datapath__34: 
axi_data_fifo_v2_1_16_axic_reg_srl_fifo: 
case__226: 
logic__63: 
logic__592: 
logic__483: 
logic__569: 
logic__889: 
logic__358: 
reg__25: 
case__242: 
addsub__5: 
logic__564: 
logic__659: 
reg__46: 
case__94: 
logic__266: 
reg__100: 
generic_baseblocks_v2_1_0_mux_enc__parameterized3: 
datapath__21: 
logic__1022: 
counter__1: 
logic__769: 
reg__66: 
logic__799: 
logic__943: 
logic__150: 
logic__846: 
logic__993: 
case__278: 
logic__683: 
datapath__18: 
logic__672: 
logic__957: 
signinv__31: 
logic__433: 
case__26: 
case__13: 
generic_baseblocks_v2_1_0_mux_enc: 
axi_crossbar_v2_1_18_wdata_router__parameterized0: 
logic__168: 
reg__20: 
datapath__78: 
case__11: 
logic__952: 
reg__60: 
case__91: 
case__38: 
logic__702: 
logic__804: 
case__47: 
case__97: 
logic__331: 
datapath__94: 
reg__33: 
logic__70: 
logic__220: 
signinv__24: 
reg__1: 
keep__3: 
logic__951: 
datapath__46: 
case__303: 
case__249: 
axi_crossbar_v2_1_18_wdata_router: 
case__89: 
logic__256: 
addsub__24: 
datapath__23: 
addsub__2: 
logic__264: 
addsub__12: 
logic__1041: 
datapath__100: 
case__159: 
generic_baseblocks_v2_1_0_comparator_static: 
axi_data_fifo_v2_1_16_ndeep_srl__parameterized1: 
logic__915: 
logic__95: 
datapath__3: 
keep__7: 
addsub__22: 
logic__577: 
axi_crossbar_v2_1_18_wdata_mux: 
case__197: 
logic__687: 
logic__186: 
logic__1014: 
datapath__25: 
logic__99: 
logic__585: 
datapath__109: 
logic__882: 
case__236: 
case__186: 
case__311: 
logic__1051: 
logic__72: 
case__99: 
generic_baseblocks_v2_1_0_mux_enc__parameterized1: 
logic__430: 
datapath__74: 
logic__196: 
logic__210: 
logic__992: 
axi_register_slice_v2_1_17_axi_register_slice: 
case__275: 
case__231: 
datapath__2: 
logic__85: 
logic__948: 
case__308: 
reg__22: 
logic__614: 
reg__28: 
logic__797: 
case__10: 
case__233: 
logic__263: 
datapath__59: 
logic__58: 
case__310: 
datapath__10: 
datapath__99: 
reg__41: 
datapath__124: 
datapath__73: 
case__92: 
case__222: 
case__195: 
logic__571: 
case__105: 
case__268: 
addsub__11: 
logic__135: 
case__214: 
datapath__40: 
case__184: 
addsub__31: 
logic__74: 
case__22: 
logic__227: 
logic__724: 
logic__710: 
case__158: 
case__179: 
logic__300: 
logic__343: 
axi_crossbar_v2_1_18_si_transactor__parameterized2: 
signinv__2: 
signinv: 
logic__273: 
datapath__13: 
logic__27: 
logic__456: 
logic__919: 
signinv__14: 
datapath__57: 
logic__23: 
logic__166: 
datapath__117: 
logic__154: 
logic__689: 
logic__141: 
logic__2: 
case__187: 
logic__381: 
logic__985: 
logic__681: 
datapath__84: 
datapath__42: 
logic__1050: 
reg__3: 
logic__791: 
logic__339: 
logic__28: 
logic__91: 
generic_baseblocks_v2_1_0_mux_enc__parameterized0: 
logic__225: 
reg__90: 
reg__76: 
case__44: 
reg__49: 
reg__75: 
case__101: 
case__273: 
case__241: 
datapath__17: 
logic__830: 
logic__310: 
signinv__18: 
logic__216: 
logic__688: 
logic__148: 
case__12: 
logic__732: 
addsub__21: 
logic__658: 
logic__69: 
logic__466: 
reg__45: 
axi_infrastructure_v1_1_0_axi2vector: 
reg__39: 
logic__908: 
reg__4: 
logic__995: 
logic__912: 
case__234: 
case__34: 
logic__1044: 
case__17: 
case__96: 
case__245: 
axi_register_slice_v2_1_17_axic_register_slice__parameterized2: 
datapath__5: 
logic__841: 
reg__71: 
logic__84: 
reg__50: 
datapath__67: 
signinv__10: 
logic__1062: 
logic__892: 
case__246: 
signinv__16: 
logic__983: 
reg__40: 
logic__906: 
counter: 
datapath__86: 
datapath__81: 
logic__513: 
reg__92: 
reg__54: 
addsub__1: 
case__279: 
case__218: 
logic__347: 
case__18: 
logic__755: 
addsub__4: 
case__160: 
logic__798: 
logic__214: 
logic__775: 
logic__1034: 
keep__9: 
case__25: 
axi_crossbar_v2_1_18_si_transactor__parameterized0: 
logic__128: 
logic__209: 
reg__83: 
logic__708: 
datapath__76: 
reg__24: 
case__95: 
logic__215: 
reg__99: 
signinv__23: 
logic__363: 
logic__413: 
datapath__29: 
case__301: 
logic__190: 
addsub__27: 
logic__738: 
logic__961: 
counter__4: 
reg__55: 
signinv__29: 
logic__727: 
logic__25: 
logic__845: 
logic__323: 
datapath__87: 
logic__499: 
datapath: 
logic__950: 
case__156: 
logic__278: 
datapath__6: 
reg__73: 
addsub__10: 
case__299: 
logic__230: 
logic__378: 
case__39: 
logic__427: 
datapath__16: 
logic__153: 
logic__829: 
logic__419: 
logic__608: 
logic__803: 
keep__2: 
logic__374: 
logic__984: 
axi_register_slice_v2_1_17_axic_register_slice: 
case__162: 
reg__17: 
logic__1015: 
logic__878: 
reg__11: 
logic__130: 
logic__503: 
logic__521: 
reg__56: 
case__28: 
logic__218: 
datapath__123: 
case__20: 
logic__446: 
signinv__26: 
datapath__66: 
logic__62: 
datapath__49: 
logic__267: 
datapath__20: 
datapath__26: 
logic__22: 
axi_crossbar_v2_1_18_addr_arbiter: 
logic__776: 
datapath__118: 
addsub__6: 
datapath__97: 
axi_register_slice_v2_1_17_axic_register_slice__parameterized0: 
