

================================================================
== Vivado HLS Report for 'get_cluster'
================================================================
* Date:           Fri Nov 30 00:42:26 2018

* Version:        2018.2 (Build 2258646 on Thu Jun 14 20:25:20 MDT 2018)
* Project:        kmeans
* Solution:       opti2
* Product family: zynq
* Target device:  xc7z020clg484-1


================================================================
== Performance Estimates
================================================================
+ Timing (ns): 
    * Summary: 
    +--------+-------+----------+------------+
    |  Clock | Target| Estimated| Uncertainty|
    +--------+-------+----------+------------+
    |ap_clk  |  10.00|    10.455|        1.25|
    +--------+-------+----------+------------+

+ Latency (clock cycles): 
    * Summary: 
    +------+------+------+------+---------+
    |   Latency   |   Interval  | Pipeline|
    |  min |  max |  min |  max |   Type  |
    +------+------+------+------+---------+
    |  1029|  1029|  1029|  1029|   none  |
    +------+------+------+------+---------+

    + Detail: 
        * Instance: 
        N/A

        * Loop: 
        N/A



================================================================
== Utilization Estimates
================================================================
* Summary: 
+-----------------+---------+-------+--------+-------+
|       Name      | BRAM_18K| DSP48E|   FF   |  LUT  |
+-----------------+---------+-------+--------+-------+
|DSP              |        -|      1|       -|      -|
|Expression       |        -|      -|       0|   3104|
|FIFO             |        -|      -|       -|      -|
|Instance         |        -|     11|    1434|   2735|
|Memory           |        -|      -|       -|      -|
|Multiplexer      |        -|      -|       -|  12794|
|Register         |        -|      -|    5372|      -|
+-----------------+---------+-------+--------+-------+
|Total            |        0|     12|    6806|  18633|
+-----------------+---------+-------+--------+-------+
|Available        |      280|    220|  106400|  53200|
+-----------------+---------+-------+--------+-------+
|Utilization (%)  |        0|      5|       6|     35|
+-----------------+---------+-------+--------+-------+

+ Detail: 
    * Instance: 
    +-------------------------+----------------------+---------+-------+-----+-----+
    |         Instance        |        Module        | BRAM_18K| DSP48E|  FF | LUT |
    +-------------------------+----------------------+---------+-------+-----+-----+
    |doKmean_fadd_32nsdEe_U4  |doKmean_fadd_32nsdEe  |        0|      2|  205|  390|
    |doKmean_faddfsub_bkb_U1  |doKmean_faddfsub_bkb  |        0|      2|  205|  390|
    |doKmean_faddfsub_bkb_U3  |doKmean_faddfsub_bkb  |        0|      2|  205|  390|
    |doKmean_fcmp_32nsfYi_U6  |doKmean_fcmp_32nsfYi  |        0|      0|   66|  239|
    |doKmean_fmul_32nseOg_U5  |doKmean_fmul_32nseOg  |        0|      3|  143|  321|
    |doKmean_fsqrt_32ng8j_U7  |doKmean_fsqrt_32ng8j  |        0|      0|  405|  615|
    |doKmean_fsub_32nscud_U2  |doKmean_fsub_32nscud  |        0|      2|  205|  390|
    +-------------------------+----------------------+---------+-------+-----+-----+
    |Total                    |                      |        0|     11| 1434| 2735|
    +-------------------------+----------------------+---------+-------+-----+-----+

    * DSP48: 
    +-------------------------+----------------------+-----------+
    |         Instance        |        Module        | Expression|
    +-------------------------+----------------------+-----------+
    |doKmean_mul_mul_7hbi_U8  |doKmean_mul_mul_7hbi  |  i0 * i1  |
    +-------------------------+----------------------+-----------+

    * Memory: 
    N/A

    * FIFO: 
    N/A

    * Expression: 
    +----------------------------------+----------+-------+---+----+------------+------------+
    |           Variable Name          | Operation| DSP48E| FF| LUT| Bitwidth P0| Bitwidth P1|
    +----------------------------------+----------+-------+---+----+------------+------------+
    |tmp_100_fu_11673_p2               |     +    |      0|  0|  23|           5|          16|
    |tmp_107_fu_11683_p2               |     +    |      0|  0|  23|           5|          16|
    |tmp_109_fu_11693_p2               |     +    |      0|  0|  23|           5|          16|
    |tmp_116_fu_11703_p2               |     +    |      0|  0|  23|           5|          16|
    |tmp_118_fu_11713_p2               |     +    |      0|  0|  23|           5|          16|
    |tmp_125_fu_11723_p2               |     +    |      0|  0|  23|           5|          16|
    |tmp_127_fu_11733_p2               |     +    |      0|  0|  23|           5|          16|
    |tmp_134_fu_11743_p2               |     +    |      0|  0|  23|           5|          16|
    |tmp_136_fu_11753_p2               |     +    |      0|  0|  23|           5|          16|
    |tmp_143_fu_11763_p2               |     +    |      0|  0|  23|           5|          16|
    |tmp_145_fu_11773_p2               |     +    |      0|  0|  23|           5|          16|
    |tmp_152_fu_11783_p2               |     +    |      0|  0|  23|           5|          16|
    |tmp_154_fu_11793_p2               |     +    |      0|  0|  23|           5|          16|
    |tmp_161_fu_11803_p2               |     +    |      0|  0|  23|           6|          16|
    |tmp_163_fu_11813_p2               |     +    |      0|  0|  23|           6|          16|
    |tmp_170_fu_11823_p2               |     +    |      0|  0|  23|           6|          16|
    |tmp_172_fu_11833_p2               |     +    |      0|  0|  23|           6|          16|
    |tmp_179_fu_11843_p2               |     +    |      0|  0|  23|           6|          16|
    |tmp_181_fu_11853_p2               |     +    |      0|  0|  23|           6|          16|
    |tmp_187_fu_11863_p2               |     +    |      0|  0|  23|           6|          16|
    |tmp_188_fu_11873_p2               |     +    |      0|  0|  23|           6|          16|
    |tmp_189_fu_11883_p2               |     +    |      0|  0|  23|           6|          16|
    |tmp_190_fu_11893_p2               |     +    |      0|  0|  23|           6|          16|
    |tmp_191_fu_11903_p2               |     +    |      0|  0|  23|           6|          16|
    |tmp_192_fu_11913_p2               |     +    |      0|  0|  23|           6|          16|
    |tmp_193_fu_11923_p2               |     +    |      0|  0|  23|           6|          16|
    |tmp_194_fu_11933_p2               |     +    |      0|  0|  23|           6|          16|
    |tmp_195_fu_11943_p2               |     +    |      0|  0|  23|           6|          16|
    |tmp_196_fu_11953_p2               |     +    |      0|  0|  23|           6|          16|
    |tmp_197_fu_11963_p2               |     +    |      0|  0|  23|           6|          16|
    |tmp_198_fu_11973_p2               |     +    |      0|  0|  23|           6|          16|
    |tmp_26_fu_11503_p2                |     +    |      0|  0|  23|           2|          16|
    |tmp_28_fu_11513_p2                |     +    |      0|  0|  23|           2|          16|
    |tmp_35_fu_11523_p2                |     +    |      0|  0|  23|           3|          16|
    |tmp_37_fu_11533_p2                |     +    |      0|  0|  23|           3|          16|
    |tmp_44_fu_11543_p2                |     +    |      0|  0|  23|           3|          16|
    |tmp_46_fu_11553_p2                |     +    |      0|  0|  23|           3|          16|
    |tmp_53_fu_11563_p2                |     +    |      0|  0|  23|           4|          16|
    |tmp_55_fu_11573_p2                |     +    |      0|  0|  23|           4|          16|
    |tmp_62_fu_11583_p2                |     +    |      0|  0|  23|           4|          16|
    |tmp_64_fu_11593_p2                |     +    |      0|  0|  23|           4|          16|
    |tmp_71_fu_11603_p2                |     +    |      0|  0|  23|           4|          16|
    |tmp_73_fu_11613_p2                |     +    |      0|  0|  23|           4|          16|
    |tmp_80_fu_11623_p2                |     +    |      0|  0|  23|           4|          16|
    |tmp_82_fu_11633_p2                |     +    |      0|  0|  23|           4|          16|
    |tmp_89_fu_11643_p2                |     +    |      0|  0|  23|           5|          16|
    |tmp_91_fu_11653_p2                |     +    |      0|  0|  23|           5|          16|
    |tmp_98_fu_11663_p2                |     +    |      0|  0|  23|           5|          16|
    |tmp_103_fu_12978_p2               |    and   |      0|  0|   2|           1|           1|
    |tmp_105_fu_12984_p2               |    and   |      0|  0|   2|           1|           1|
    |tmp_112_fu_13068_p2               |    and   |      0|  0|   2|           1|           1|
    |tmp_114_fu_13074_p2               |    and   |      0|  0|   2|           1|           1|
    |tmp_121_fu_13199_p2               |    and   |      0|  0|   2|           1|           1|
    |tmp_123_fu_13205_p2               |    and   |      0|  0|   2|           1|           1|
    |tmp_130_fu_13289_p2               |    and   |      0|  0|   2|           1|           1|
    |tmp_132_fu_13295_p2               |    and   |      0|  0|   2|           1|           1|
    |tmp_139_fu_13379_p2               |    and   |      0|  0|   2|           1|           1|
    |tmp_141_fu_13385_p2               |    and   |      0|  0|   2|           1|           1|
    |tmp_148_fu_13469_p2               |    and   |      0|  0|   2|           1|           1|
    |tmp_150_fu_13475_p2               |    and   |      0|  0|   2|           1|           1|
    |tmp_157_fu_13596_p2               |    and   |      0|  0|   2|           1|           1|
    |tmp_159_fu_13602_p2               |    and   |      0|  0|   2|           1|           1|
    |tmp_15_fu_12019_p2                |    and   |      0|  0|   2|           1|           1|
    |tmp_166_fu_13686_p2               |    and   |      0|  0|   2|           1|           1|
    |tmp_168_fu_13692_p2               |    and   |      0|  0|   2|           1|           1|
    |tmp_175_fu_13798_p2               |    and   |      0|  0|   2|           1|           1|
    |tmp_177_fu_13804_p2               |    and   |      0|  0|   2|           1|           1|
    |tmp_184_fu_13888_p2               |    and   |      0|  0|   2|           1|           1|
    |tmp_186_fu_13894_p2               |    and   |      0|  0|   2|           1|           1|
    |tmp_22_fu_12104_p2                |    and   |      0|  0|   2|           1|           1|
    |tmp_24_fu_12110_p2                |    and   |      0|  0|   2|           1|           1|
    |tmp_31_fu_12194_p2                |    and   |      0|  0|   2|           1|           1|
    |tmp_33_fu_12200_p2                |    and   |      0|  0|   2|           1|           1|
    |tmp_40_fu_12284_p2                |    and   |      0|  0|   2|           1|           1|
    |tmp_42_fu_12290_p2                |    and   |      0|  0|   2|           1|           1|
    |tmp_49_fu_12396_p2                |    and   |      0|  0|   2|           1|           1|
    |tmp_51_fu_12402_p2                |    and   |      0|  0|   2|           1|           1|
    |tmp_58_fu_12489_p2                |    and   |      0|  0|   2|           1|           1|
    |tmp_60_fu_12495_p2                |    and   |      0|  0|   2|           1|           1|
    |tmp_67_fu_12600_p2                |    and   |      0|  0|   2|           1|           1|
    |tmp_69_fu_12606_p2                |    and   |      0|  0|   2|           1|           1|
    |tmp_76_fu_12690_p2                |    and   |      0|  0|   2|           1|           1|
    |tmp_78_fu_12696_p2                |    and   |      0|  0|   2|           1|           1|
    |tmp_85_fu_12798_p2                |    and   |      0|  0|   2|           1|           1|
    |tmp_87_fu_12804_p2                |    and   |      0|  0|   2|           1|           1|
    |tmp_94_fu_12888_p2                |    and   |      0|  0|   2|           1|           1|
    |tmp_96_fu_12894_p2                |    and   |      0|  0|   2|           1|           1|
    |notlhs10_fu_12471_p2              |   icmp   |      0|  0|  11|           8|           2|
    |notlhs11_fu_12564_p2              |   icmp   |      0|  0|  11|           8|           2|
    |notlhs12_fu_12582_p2              |   icmp   |      0|  0|  11|           8|           2|
    |notlhs13_fu_12654_p2              |   icmp   |      0|  0|  11|           8|           2|
    |notlhs14_fu_12672_p2              |   icmp   |      0|  0|  11|           8|           2|
    |notlhs15_fu_12762_p2              |   icmp   |      0|  0|  11|           8|           2|
    |notlhs16_fu_12780_p2              |   icmp   |      0|  0|  11|           8|           2|
    |notlhs17_fu_12852_p2              |   icmp   |      0|  0|  11|           8|           2|
    |notlhs18_fu_12870_p2              |   icmp   |      0|  0|  11|           8|           2|
    |notlhs19_fu_12942_p2              |   icmp   |      0|  0|  11|           8|           2|
    |notlhs1_fu_12068_p2               |   icmp   |      0|  0|  11|           8|           2|
    |notlhs20_fu_12960_p2              |   icmp   |      0|  0|  11|           8|           2|
    |notlhs21_fu_13032_p2              |   icmp   |      0|  0|  11|           8|           2|
    |notlhs22_fu_13050_p2              |   icmp   |      0|  0|  11|           8|           2|
    |notlhs23_fu_13163_p2              |   icmp   |      0|  0|  11|           8|           2|
    |notlhs24_fu_13181_p2              |   icmp   |      0|  0|  11|           8|           2|
    |notlhs25_fu_13253_p2              |   icmp   |      0|  0|  11|           8|           2|
    |notlhs26_fu_13271_p2              |   icmp   |      0|  0|  11|           8|           2|
    |notlhs27_fu_13343_p2              |   icmp   |      0|  0|  11|           8|           2|
    |notlhs28_fu_13361_p2              |   icmp   |      0|  0|  11|           8|           2|
    |notlhs29_fu_13433_p2              |   icmp   |      0|  0|  11|           8|           2|
    |notlhs2_fu_12266_p2               |   icmp   |      0|  0|  11|           8|           2|
    |notlhs30_fu_13451_p2              |   icmp   |      0|  0|  11|           8|           2|
    |notlhs31_fu_13560_p2              |   icmp   |      0|  0|  11|           8|           2|
    |notlhs32_fu_13578_p2              |   icmp   |      0|  0|  11|           8|           2|
    |notlhs33_fu_13650_p2              |   icmp   |      0|  0|  11|           8|           2|
    |notlhs34_fu_13668_p2              |   icmp   |      0|  0|  11|           8|           2|
    |notlhs35_fu_13762_p2              |   icmp   |      0|  0|  11|           8|           2|
    |notlhs36_fu_13780_p2              |   icmp   |      0|  0|  11|           8|           2|
    |notlhs37_fu_13852_p2              |   icmp   |      0|  0|  11|           8|           2|
    |notlhs38_fu_13870_p2              |   icmp   |      0|  0|  11|           8|           2|
    |notlhs3_fu_12086_p2               |   icmp   |      0|  0|  11|           8|           2|
    |notlhs4_fu_12360_p2               |   icmp   |      0|  0|  11|           8|           2|
    |notlhs5_fu_12158_p2               |   icmp   |      0|  0|  11|           8|           2|
    |notlhs6_fu_12378_p2               |   icmp   |      0|  0|  11|           8|           2|
    |notlhs7_fu_12176_p2               |   icmp   |      0|  0|  11|           8|           2|
    |notlhs8_fu_12453_p2               |   icmp   |      0|  0|  11|           8|           2|
    |notlhs9_fu_12248_p2               |   icmp   |      0|  0|  11|           8|           2|
    |notlhs_fu_12001_p2                |   icmp   |      0|  0|  11|           8|           2|
    |notrhs10_fu_12477_p2              |   icmp   |      0|  0|  18|          23|           1|
    |notrhs11_fu_12570_p2              |   icmp   |      0|  0|  18|          23|           1|
    |notrhs12_fu_12588_p2              |   icmp   |      0|  0|  18|          23|           1|
    |notrhs13_fu_12660_p2              |   icmp   |      0|  0|  18|          23|           1|
    |notrhs14_fu_12678_p2              |   icmp   |      0|  0|  18|          23|           1|
    |notrhs15_fu_12768_p2              |   icmp   |      0|  0|  18|          23|           1|
    |notrhs16_fu_12786_p2              |   icmp   |      0|  0|  18|          23|           1|
    |notrhs17_fu_12858_p2              |   icmp   |      0|  0|  18|          23|           1|
    |notrhs18_fu_12876_p2              |   icmp   |      0|  0|  18|          23|           1|
    |notrhs19_fu_12948_p2              |   icmp   |      0|  0|  18|          23|           1|
    |notrhs1_fu_12254_p2               |   icmp   |      0|  0|  18|          23|           1|
    |notrhs20_fu_12966_p2              |   icmp   |      0|  0|  18|          23|           1|
    |notrhs21_fu_13038_p2              |   icmp   |      0|  0|  18|          23|           1|
    |notrhs22_fu_13056_p2              |   icmp   |      0|  0|  18|          23|           1|
    |notrhs23_fu_13169_p2              |   icmp   |      0|  0|  18|          23|           1|
    |notrhs24_fu_13187_p2              |   icmp   |      0|  0|  18|          23|           1|
    |notrhs25_fu_13259_p2              |   icmp   |      0|  0|  18|          23|           1|
    |notrhs26_fu_13277_p2              |   icmp   |      0|  0|  18|          23|           1|
    |notrhs27_fu_13349_p2              |   icmp   |      0|  0|  18|          23|           1|
    |notrhs28_fu_13367_p2              |   icmp   |      0|  0|  18|          23|           1|
    |notrhs29_fu_13439_p2              |   icmp   |      0|  0|  18|          23|           1|
    |notrhs2_fu_12074_p2               |   icmp   |      0|  0|  18|          23|           1|
    |notrhs30_fu_13457_p2              |   icmp   |      0|  0|  18|          23|           1|
    |notrhs31_fu_13566_p2              |   icmp   |      0|  0|  18|          23|           1|
    |notrhs32_fu_13584_p2              |   icmp   |      0|  0|  18|          23|           1|
    |notrhs33_fu_13656_p2              |   icmp   |      0|  0|  18|          23|           1|
    |notrhs34_fu_13674_p2              |   icmp   |      0|  0|  18|          23|           1|
    |notrhs35_fu_13768_p2              |   icmp   |      0|  0|  18|          23|           1|
    |notrhs36_fu_13786_p2              |   icmp   |      0|  0|  18|          23|           1|
    |notrhs37_fu_13858_p2              |   icmp   |      0|  0|  18|          23|           1|
    |notrhs38_fu_13876_p2              |   icmp   |      0|  0|  18|          23|           1|
    |notrhs3_fu_12272_p2               |   icmp   |      0|  0|  18|          23|           1|
    |notrhs4_fu_12092_p2               |   icmp   |      0|  0|  18|          23|           1|
    |notrhs5_fu_12366_p2               |   icmp   |      0|  0|  18|          23|           1|
    |notrhs6_fu_12164_p2               |   icmp   |      0|  0|  18|          23|           1|
    |notrhs7_fu_12384_p2               |   icmp   |      0|  0|  18|          23|           1|
    |notrhs8_fu_12182_p2               |   icmp   |      0|  0|  18|          23|           1|
    |notrhs9_fu_12459_p2               |   icmp   |      0|  0|  18|          23|           1|
    |notrhs_fu_12007_p2                |   icmp   |      0|  0|  18|          23|           1|
    |tmp_101_fu_12954_p2               |    or    |      0|  0|   2|           1|           1|
    |tmp_102_fu_12972_p2               |    or    |      0|  0|   2|           1|           1|
    |tmp_110_fu_13044_p2               |    or    |      0|  0|   2|           1|           1|
    |tmp_111_fu_13062_p2               |    or    |      0|  0|   2|           1|           1|
    |tmp_119_fu_13175_p2               |    or    |      0|  0|   2|           1|           1|
    |tmp_120_fu_13193_p2               |    or    |      0|  0|   2|           1|           1|
    |tmp_128_fu_13265_p2               |    or    |      0|  0|   2|           1|           1|
    |tmp_129_fu_13283_p2               |    or    |      0|  0|   2|           1|           1|
    |tmp_137_fu_13355_p2               |    or    |      0|  0|   2|           1|           1|
    |tmp_138_fu_13373_p2               |    or    |      0|  0|   2|           1|           1|
    |tmp_13_fu_12013_p2                |    or    |      0|  0|   2|           1|           1|
    |tmp_146_fu_13445_p2               |    or    |      0|  0|   2|           1|           1|
    |tmp_147_fu_13463_p2               |    or    |      0|  0|   2|           1|           1|
    |tmp_155_fu_13572_p2               |    or    |      0|  0|   2|           1|           1|
    |tmp_156_fu_13590_p2               |    or    |      0|  0|   2|           1|           1|
    |tmp_164_fu_13662_p2               |    or    |      0|  0|   2|           1|           1|
    |tmp_165_fu_13680_p2               |    or    |      0|  0|   2|           1|           1|
    |tmp_173_fu_13774_p2               |    or    |      0|  0|   2|           1|           1|
    |tmp_174_fu_13792_p2               |    or    |      0|  0|   2|           1|           1|
    |tmp_182_fu_13864_p2               |    or    |      0|  0|   2|           1|           1|
    |tmp_183_fu_13882_p2               |    or    |      0|  0|   2|           1|           1|
    |tmp_19_fu_11493_p2                |    or    |      0|  0|  16|          16|           1|
    |tmp_1_fu_12509_p2                 |    or    |      0|  0|   2|           1|           1|
    |tmp_20_fu_12080_p2                |    or    |      0|  0|   2|           1|           1|
    |tmp_21_fu_12098_p2                |    or    |      0|  0|   2|           1|           1|
    |tmp_29_fu_12170_p2                |    or    |      0|  0|   2|           1|           1|
    |tmp_30_fu_12188_p2                |    or    |      0|  0|   2|           1|           1|
    |tmp_38_fu_12260_p2                |    or    |      0|  0|   2|           1|           1|
    |tmp_39_fu_12278_p2                |    or    |      0|  0|   2|           1|           1|
    |tmp_3_fu_12716_p2                 |    or    |      0|  0|   2|           1|           1|
    |tmp_47_fu_12372_p2                |    or    |      0|  0|   2|           1|           1|
    |tmp_48_fu_12390_p2                |    or    |      0|  0|   2|           1|           1|
    |tmp_4_fu_13097_p2                 |    or    |      0|  0|   2|           1|           1|
    |tmp_56_fu_12465_p2                |    or    |      0|  0|   2|           1|           1|
    |tmp_57_fu_12483_p2                |    or    |      0|  0|   2|           1|           1|
    |tmp_5_fu_13116_p2                 |    or    |      0|  0|   2|           1|           1|
    |tmp_65_fu_12576_p2                |    or    |      0|  0|   2|           1|           1|
    |tmp_66_fu_12594_p2                |    or    |      0|  0|   2|           1|           1|
    |tmp_6_fu_13495_p2                 |    or    |      0|  0|   2|           1|           1|
    |tmp_74_fu_12666_p2                |    or    |      0|  0|   2|           1|           1|
    |tmp_75_fu_12684_p2                |    or    |      0|  0|   2|           1|           1|
    |tmp_7_fu_13513_p2                 |    or    |      0|  0|   2|           1|           1|
    |tmp_83_fu_12774_p2                |    or    |      0|  0|   2|           1|           1|
    |tmp_84_fu_12792_p2                |    or    |      0|  0|   2|           1|           1|
    |tmp_8_fu_13715_p2                 |    or    |      0|  0|   2|           1|           1|
    |tmp_92_fu_12864_p2                |    or    |      0|  0|   2|           1|           1|
    |tmp_93_fu_12882_p2                |    or    |      0|  0|   2|           1|           1|
    |tmp_9_fu_13907_p2                 |    or    |      0|  0|   2|           1|           1|
    |tmp_fu_12313_p2                   |    or    |      0|  0|   2|           1|           1|
    |ap_return                         |  select  |      0|  0|   5|           1|           5|
    |cluster_1_10_fu_13517_p3          |  select  |      0|  0|   4|           1|           4|
    |cluster_1_11_cast_ca_fu_13488_p3  |  select  |      0|  0|   4|           1|           3|
    |cluster_1_11_fu_13708_p3          |  select  |      0|  0|   6|           1|           5|
    |cluster_1_12_fu_13719_p3          |  select  |      0|  0|   5|           1|           5|
    |cluster_1_13_cast_ca_fu_13506_p3  |  select  |      0|  0|   3|           1|           2|
    |cluster_1_13_fu_13900_p3          |  select  |      0|  0|   5|           1|           5|
    |cluster_1_1_fu_13120_p3           |  select  |      0|  0|   4|           1|           4|
    |cluster_1_2_fu_12306_p3           |  select  |      0|  0|   3|           1|           2|
    |cluster_1_3_fu_12317_p3           |  select  |      0|  0|   2|           1|           2|
    |cluster_1_4_fu_12501_p3           |  select  |      0|  0|   4|           1|           3|
    |cluster_1_5_fu_12514_p3           |  select  |      0|  0|   3|           1|           3|
    |cluster_1_6_cast_cas_fu_12709_p3  |  select  |      0|  0|   3|           1|           2|
    |cluster_1_6_fu_13499_p3           |  select  |      0|  0|   4|           1|           4|
    |cluster_1_7_fu_12720_p3           |  select  |      0|  0|   3|           1|           3|
    |cluster_1_8_fu_13090_p3           |  select  |      0|  0|   5|           1|           4|
    |cluster_1_9_fu_13101_p3           |  select  |      0|  0|   4|           1|           4|
    |cluster_1_s_fu_13109_p3           |  select  |      0|  0|   4|           1|           4|
    |min_distance_1_10_fu_13080_p3     |  select  |      0|  0|  32|           1|          32|
    |min_distance_1_11_fu_13211_p3     |  select  |      0|  0|  32|           1|          32|
    |min_distance_1_12_fu_13301_p3     |  select  |      0|  0|  32|           1|          32|
    |min_distance_1_13_fu_13391_p3     |  select  |      0|  0|  32|           1|          32|
    |min_distance_1_14_fu_13481_p3     |  select  |      0|  0|  32|           1|          32|
    |min_distance_1_15_fu_13608_p3     |  select  |      0|  0|  32|           1|          32|
    |min_distance_1_16_fu_13698_p3     |  select  |      0|  0|  32|           1|          32|
    |min_distance_1_17_fu_13810_p3     |  select  |      0|  0|  32|           1|          32|
    |min_distance_1_1_fu_12116_p3      |  select  |      0|  0|  32|           1|          32|
    |min_distance_1_2_fu_12206_p3      |  select  |      0|  0|  32|           1|          32|
    |min_distance_1_3_fu_12296_p3      |  select  |      0|  0|  32|           1|          32|
    |min_distance_1_4_fu_12408_p3      |  select  |      0|  0|  32|           1|          32|
    |min_distance_1_5_fu_12522_p3      |  select  |      0|  0|  32|           1|          32|
    |min_distance_1_6_fu_12612_p3      |  select  |      0|  0|  32|           1|          32|
    |min_distance_1_7_fu_12702_p3      |  select  |      0|  0|  32|           1|          32|
    |min_distance_1_8_fu_12810_p3      |  select  |      0|  0|  32|           1|          32|
    |min_distance_1_9_fu_12900_p3      |  select  |      0|  0|  32|           1|          32|
    |min_distance_1_fu_12025_p3        |  select  |      0|  0|  32|           1|          32|
    |min_distance_1_s_fu_12990_p3      |  select  |      0|  0|  32|           1|          32|
    +----------------------------------+----------+-------+---+----+------------+------------+
    |Total                             |          |      0|  0|3104|        1585|        1645|
    +----------------------------------+----------+-------+---+----+------------+------------+

    * Multiplexer: 
    +-----------------------+------+-----------+-----+-----------+
    |          Name         |  LUT | Input Size| Bits| Total Bits|
    +-----------------------+------+-----------+-----+-----------+
    |ap_NS_fsm              |  2193|       1031|    1|       1031|
    |centroids_0_address0   |   221|         51|    6|        306|
    |centroids_0_address1   |   221|         51|    6|        306|
    |centroids_10_address0  |   221|         51|    6|        306|
    |centroids_10_address1  |   221|         51|    6|        306|
    |centroids_11_address0  |   221|         51|    6|        306|
    |centroids_11_address1  |   221|         51|    6|        306|
    |centroids_12_address0  |   221|         51|    6|        306|
    |centroids_12_address1  |   221|         51|    6|        306|
    |centroids_13_address0  |   221|         51|    6|        306|
    |centroids_13_address1  |   221|         51|    6|        306|
    |centroids_14_address0  |   221|         51|    6|        306|
    |centroids_14_address1  |   221|         51|    6|        306|
    |centroids_15_address0  |   221|         51|    6|        306|
    |centroids_15_address1  |   221|         51|    6|        306|
    |centroids_16_address0  |   221|         51|    6|        306|
    |centroids_16_address1  |   221|         51|    6|        306|
    |centroids_17_address0  |   221|         51|    6|        306|
    |centroids_17_address1  |   221|         51|    6|        306|
    |centroids_18_address0  |   221|         51|    6|        306|
    |centroids_18_address1  |   221|         51|    6|        306|
    |centroids_19_address0  |   221|         51|    6|        306|
    |centroids_19_address1  |   221|         51|    6|        306|
    |centroids_1_address0   |   221|         51|    6|        306|
    |centroids_1_address1   |   221|         51|    6|        306|
    |centroids_2_address0   |   221|         51|    6|        306|
    |centroids_2_address1   |   221|         51|    6|        306|
    |centroids_3_address0   |   221|         51|    6|        306|
    |centroids_3_address1   |   221|         51|    6|        306|
    |centroids_4_address0   |   221|         51|    6|        306|
    |centroids_4_address1   |   221|         51|    6|        306|
    |centroids_5_address0   |   221|         51|    6|        306|
    |centroids_5_address1   |   221|         51|    6|        306|
    |centroids_6_address0   |   221|         51|    6|        306|
    |centroids_6_address1   |   221|         51|    6|        306|
    |centroids_7_address0   |   221|         51|    6|        306|
    |centroids_7_address1   |   221|         51|    6|        306|
    |centroids_8_address0   |   221|         51|    6|        306|
    |centroids_8_address1   |   221|         51|    6|        306|
    |centroids_9_address0   |   221|         51|    6|        306|
    |centroids_9_address1   |   221|         51|    6|        306|
    |data_set_address0      |   437|         99|   16|       1584|
    |data_set_address1      |   437|         99|   16|       1584|
    |grp_fu_10939_opcode    |    15|          3|    2|          6|
    |grp_fu_10939_p0        |   145|         32|   32|       1024|
    |grp_fu_10939_p1        |    85|         17|   32|        544|
    |grp_fu_10943_p0        |    50|         11|   32|        352|
    |grp_fu_10943_p1        |   109|         23|   32|        736|
    |grp_fu_10948_opcode    |    15|          3|    2|          6|
    |grp_fu_10948_p0        |    97|         20|   32|        640|
    |grp_fu_10948_p1        |    93|         19|   32|        608|
    |grp_fu_10958_p0        |    59|         14|   32|        448|
    |grp_fu_10958_p1        |    62|         15|   32|        480|
    |grp_fu_10962_p1        |   101|         21|   32|        672|
    |grp_fu_10967_p1        |    56|         13|   32|        416|
    +-----------------------+------+-----------+-----+-----------+
    |Total                  | 12794|       3460|  597|      22371|
    +-----------------------+------+-----------+-----+-----------+

    * Register: 
    +-----------------------------+------+----+------+-----------+
    |             Name            |  FF  | LUT| Bits | Const Bits|
    +-----------------------------+------+----+------+-----------+
    |ap_CS_fsm                    |  1030|   0|  1030|          0|
    |cluster_1_10_reg_20492       |     4|   0|     4|          0|
    |cluster_1_12_reg_20522       |     5|   0|     5|          0|
    |cluster_1_1_reg_20437        |     4|   0|     4|          0|
    |cluster_1_3_reg_20328        |     2|   0|     2|          0|
    |cluster_1_5_reg_20345        |     3|   0|     3|          0|
    |cluster_1_7_reg_20382        |     3|   0|     3|          0|
    |data_set_addr_10_reg_15244   |    16|   0|    16|          0|
    |data_set_addr_11_reg_15370   |    16|   0|    16|          0|
    |data_set_addr_12_reg_15496   |    16|   0|    16|          0|
    |data_set_addr_13_reg_15622   |    16|   0|    16|          0|
    |data_set_addr_14_reg_15748   |    16|   0|    16|          0|
    |data_set_addr_15_reg_15874   |    16|   0|    16|          0|
    |data_set_addr_16_reg_16000   |    16|   0|    16|          0|
    |data_set_addr_17_reg_16126   |    16|   0|    16|          0|
    |data_set_addr_18_reg_16252   |    16|   0|    16|          0|
    |data_set_addr_19_reg_16378   |    16|   0|    16|          0|
    |data_set_addr_1_reg_14105    |    15|   0|    16|          1|
    |data_set_addr_20_reg_16504   |    16|   0|    16|          0|
    |data_set_addr_21_reg_16630   |    16|   0|    16|          0|
    |data_set_addr_22_reg_16756   |    16|   0|    16|          0|
    |data_set_addr_23_reg_16882   |    16|   0|    16|          0|
    |data_set_addr_24_reg_17008   |    16|   0|    16|          0|
    |data_set_addr_25_reg_17134   |    16|   0|    16|          0|
    |data_set_addr_26_reg_17260   |    16|   0|    16|          0|
    |data_set_addr_27_reg_17386   |    16|   0|    16|          0|
    |data_set_addr_28_reg_17512   |    16|   0|    16|          0|
    |data_set_addr_29_reg_17638   |    16|   0|    16|          0|
    |data_set_addr_2_reg_14236    |    16|   0|    16|          0|
    |data_set_addr_30_reg_17764   |    16|   0|    16|          0|
    |data_set_addr_31_reg_17890   |    16|   0|    16|          0|
    |data_set_addr_32_reg_18016   |    16|   0|    16|          0|
    |data_set_addr_33_reg_18142   |    16|   0|    16|          0|
    |data_set_addr_34_reg_18268   |    16|   0|    16|          0|
    |data_set_addr_35_reg_18394   |    16|   0|    16|          0|
    |data_set_addr_36_reg_18520   |    16|   0|    16|          0|
    |data_set_addr_37_reg_18646   |    16|   0|    16|          0|
    |data_set_addr_38_reg_18772   |    16|   0|    16|          0|
    |data_set_addr_39_reg_18898   |    16|   0|    16|          0|
    |data_set_addr_3_reg_14362    |    16|   0|    16|          0|
    |data_set_addr_40_reg_19024   |    16|   0|    16|          0|
    |data_set_addr_41_reg_19150   |    16|   0|    16|          0|
    |data_set_addr_42_reg_19276   |    16|   0|    16|          0|
    |data_set_addr_43_reg_19402   |    16|   0|    16|          0|
    |data_set_addr_44_reg_19528   |    16|   0|    16|          0|
    |data_set_addr_45_reg_19654   |    16|   0|    16|          0|
    |data_set_addr_46_reg_19780   |    16|   0|    16|          0|
    |data_set_addr_47_reg_19906   |    16|   0|    16|          0|
    |data_set_addr_48_reg_20032   |    16|   0|    16|          0|
    |data_set_addr_49_reg_20038   |    16|   0|    16|          0|
    |data_set_addr_4_reg_14488    |    16|   0|    16|          0|
    |data_set_addr_5_reg_14614    |    16|   0|    16|          0|
    |data_set_addr_6_reg_14740    |    16|   0|    16|          0|
    |data_set_addr_7_reg_14866    |    16|   0|    16|          0|
    |data_set_addr_8_reg_14992    |    16|   0|    16|          0|
    |data_set_addr_9_reg_15118    |    16|   0|    16|          0|
    |data_set_addr_reg_13979      |    16|   0|    16|          0|
    |distance_2_14_reg_14177      |    32|   0|    32|          0|
    |min_distance_1_10_reg_20430  |    32|   0|    32|          0|
    |min_distance_1_11_reg_20447  |    32|   0|    32|          0|
    |min_distance_1_12_reg_20460  |    32|   0|    32|          0|
    |min_distance_1_13_reg_20472  |    32|   0|    32|          0|
    |min_distance_1_14_reg_20485  |    32|   0|    32|          0|
    |min_distance_1_15_reg_20502  |    32|   0|    32|          0|
    |min_distance_1_16_reg_20515  |    32|   0|    32|          0|
    |min_distance_1_17_reg_20532  |    32|   0|    32|          0|
    |min_distance_1_1_reg_20296   |    32|   0|    32|          0|
    |min_distance_1_2_reg_20308   |    32|   0|    32|          0|
    |min_distance_1_3_reg_20321   |    32|   0|    32|          0|
    |min_distance_1_4_reg_20338   |    32|   0|    32|          0|
    |min_distance_1_5_reg_20350   |    32|   0|    32|          0|
    |min_distance_1_6_reg_20362   |    32|   0|    32|          0|
    |min_distance_1_7_reg_20375   |    32|   0|    32|          0|
    |min_distance_1_8_reg_20392   |    32|   0|    32|          0|
    |min_distance_1_9_reg_20405   |    32|   0|    32|          0|
    |min_distance_1_reg_20284     |    32|   0|    32|          0|
    |min_distance_1_s_reg_20417   |    32|   0|    32|          0|
    |reg_10972                    |    32|   0|    32|          0|
    |reg_10978                    |    32|   0|    32|          0|
    |reg_10983                    |    32|   0|    32|          0|
    |reg_10989                    |    32|   0|    32|          0|
    |reg_10994                    |    32|   0|    32|          0|
    |reg_11000                    |    32|   0|    32|          0|
    |reg_11005                    |    32|   0|    32|          0|
    |reg_11011                    |    32|   0|    32|          0|
    |reg_11016                    |    32|   0|    32|          0|
    |reg_11022                    |    32|   0|    32|          0|
    |reg_11027                    |    32|   0|    32|          0|
    |reg_11033                    |    32|   0|    32|          0|
    |reg_11038                    |    32|   0|    32|          0|
    |reg_11044                    |    32|   0|    32|          0|
    |reg_11049                    |    32|   0|    32|          0|
    |reg_11055                    |    32|   0|    32|          0|
    |reg_11060                    |    32|   0|    32|          0|
    |reg_11066                    |    32|   0|    32|          0|
    |reg_11072                    |    32|   0|    32|          0|
    |reg_11078                    |    32|   0|    32|          0|
    |reg_11084                    |    32|   0|    32|          0|
    |reg_11091                    |    32|   0|    32|          0|
    |reg_11097                    |    32|   0|    32|          0|
    |reg_11102                    |    32|   0|    32|          0|
    |reg_11107                    |    32|   0|    32|          0|
    |reg_11114                    |    32|   0|    32|          0|
    |reg_11120                    |    32|   0|    32|          0|
    |reg_11125                    |    32|   0|    32|          0|
    |reg_11130                    |    32|   0|    32|          0|
    |reg_11137                    |    32|   0|    32|          0|
    |reg_11143                    |    32|   0|    32|          0|
    |reg_11148                    |    32|   0|    32|          0|
    |reg_11153                    |    32|   0|    32|          0|
    |reg_11160                    |    32|   0|    32|          0|
    |reg_11166                    |    32|   0|    32|          0|
    |reg_11171                    |    32|   0|    32|          0|
    |reg_11176                    |    32|   0|    32|          0|
    |reg_11183                    |    32|   0|    32|          0|
    |reg_11189                    |    32|   0|    32|          0|
    |reg_11195                    |    32|   0|    32|          0|
    |reg_11203                    |    32|   0|    32|          0|
    |reg_11208                    |    32|   0|    32|          0|
    |reg_11213                    |    32|   0|    32|          0|
    |reg_11221                    |    32|   0|    32|          0|
    |reg_11226                    |    32|   0|    32|          0|
    |reg_11231                    |    32|   0|    32|          0|
    |reg_11239                    |    32|   0|    32|          0|
    |reg_11244                    |    32|   0|    32|          0|
    |reg_11249                    |    32|   0|    32|          0|
    |reg_11257                    |    32|   0|    32|          0|
    |reg_11262                    |    32|   0|    32|          0|
    |reg_11267                    |    32|   0|    32|          0|
    |reg_11273                    |    32|   0|    32|          0|
    |reg_11278                    |    32|   0|    32|          0|
    |reg_11283                    |    32|   0|    32|          0|
    |reg_11290                    |    32|   0|    32|          0|
    |reg_11295                    |    32|   0|    32|          0|
    |reg_11300                    |    32|   0|    32|          0|
    |reg_11307                    |    32|   0|    32|          0|
    |reg_11312                    |    32|   0|    32|          0|
    |reg_11317                    |    32|   0|    32|          0|
    |reg_11324                    |    32|   0|    32|          0|
    |reg_11329                    |    32|   0|    32|          0|
    |reg_11334                    |    32|   0|    32|          0|
    |reg_11341                    |    32|   0|    32|          0|
    |reg_11346                    |    32|   0|    32|          0|
    |reg_11351                    |    32|   0|    32|          0|
    |reg_11357                    |    32|   0|    32|          0|
    |reg_11362                    |    32|   0|    32|          0|
    |reg_11367                    |    32|   0|    32|          0|
    |reg_11373                    |    32|   0|    32|          0|
    |reg_11379                    |    32|   0|    32|          0|
    |reg_11385                    |    32|   0|    32|          0|
    |reg_11391                    |    32|   0|    32|          0|
    |reg_11397                    |    32|   0|    32|          0|
    |reg_11404                    |    32|   0|    32|          0|
    |reg_11410                    |    32|   0|    32|          0|
    |reg_11415                    |    32|   0|    32|          0|
    |reg_11420                    |    32|   0|    32|          0|
    |reg_11427                    |    32|   0|    32|          0|
    |reg_11433                    |    32|   0|    32|          0|
    |reg_11439                    |    32|   0|    32|          0|
    |reg_11445                    |    32|   0|    32|          0|
    |reg_11450                    |    32|   0|    32|          0|
    |reg_11457                    |    32|   0|    32|          0|
    |reg_11462                    |    32|   0|    32|          0|
    |reg_11467                    |    32|   0|    32|          0|
    |reg_11472                    |    32|   0|    32|          0|
    |reg_11477                    |    32|   0|    32|          0|
    |tmp_105_reg_20412            |     1|   0|     1|          0|
    |tmp_114_reg_20424            |     1|   0|     1|          0|
    |tmp_123_reg_20442            |     1|   0|     1|          0|
    |tmp_132_reg_20454            |     1|   0|     1|          0|
    |tmp_141_reg_20467            |     1|   0|     1|          0|
    |tmp_150_reg_20479            |     1|   0|     1|          0|
    |tmp_159_reg_20497            |     1|   0|     1|          0|
    |tmp_168_reg_20509            |     1|   0|     1|          0|
    |tmp_177_reg_20527            |     1|   0|     1|          0|
    |tmp_17_reg_13926             |    16|   0|    16|          0|
    |tmp_186_reg_20538            |     1|   0|     1|          0|
    |tmp_24_reg_20291             |     1|   0|     1|          0|
    |tmp_33_reg_20303             |     1|   0|     1|          0|
    |tmp_42_reg_20315             |     1|   0|     1|          0|
    |tmp_51_reg_20333             |     1|   0|     1|          0|
    |tmp_69_reg_20357             |     1|   0|     1|          0|
    |tmp_78_reg_20369             |     1|   0|     1|          0|
    |tmp_87_reg_20387             |     1|   0|     1|          0|
    |tmp_96_reg_20399             |     1|   0|     1|          0|
    +-----------------------------+------+----+------+-----------+
    |Total                        |  5372|   0|  5373|          1|
    +-----------------------------+------+----+------+-----------+



================================================================
== Interface
================================================================
* Summary: 
+-----------------------+-----+-----+------------+-----------------+--------------+
|       RTL Ports       | Dir | Bits|  Protocol  |  Source Object  |    C Type    |
+-----------------------+-----+-----+------------+-----------------+--------------+
|ap_clk                 |  in |    1| ap_ctrl_hs |   get_cluster   | return value |
|ap_rst                 |  in |    1| ap_ctrl_hs |   get_cluster   | return value |
|ap_start               |  in |    1| ap_ctrl_hs |   get_cluster   | return value |
|ap_done                | out |    1| ap_ctrl_hs |   get_cluster   | return value |
|ap_idle                | out |    1| ap_ctrl_hs |   get_cluster   | return value |
|ap_ready               | out |    1| ap_ctrl_hs |   get_cluster   | return value |
|ap_return              | out |    5| ap_ctrl_hs |   get_cluster   | return value |
|data_set_address0      | out |   16|  ap_memory |     data_set    |     array    |
|data_set_ce0           | out |    1|  ap_memory |     data_set    |     array    |
|data_set_q0            |  in |   32|  ap_memory |     data_set    |     array    |
|data_set_address1      | out |   16|  ap_memory |     data_set    |     array    |
|data_set_ce1           | out |    1|  ap_memory |     data_set    |     array    |
|data_set_q1            |  in |   32|  ap_memory |     data_set    |     array    |
|data_set_offset        |  in |   10|   ap_none  | data_set_offset |    scalar    |
|centroids_0_address0   | out |    6|  ap_memory |   centroids_0   |     array    |
|centroids_0_ce0        | out |    1|  ap_memory |   centroids_0   |     array    |
|centroids_0_q0         |  in |   32|  ap_memory |   centroids_0   |     array    |
|centroids_0_address1   | out |    6|  ap_memory |   centroids_0   |     array    |
|centroids_0_ce1        | out |    1|  ap_memory |   centroids_0   |     array    |
|centroids_0_q1         |  in |   32|  ap_memory |   centroids_0   |     array    |
|centroids_1_address0   | out |    6|  ap_memory |   centroids_1   |     array    |
|centroids_1_ce0        | out |    1|  ap_memory |   centroids_1   |     array    |
|centroids_1_q0         |  in |   32|  ap_memory |   centroids_1   |     array    |
|centroids_1_address1   | out |    6|  ap_memory |   centroids_1   |     array    |
|centroids_1_ce1        | out |    1|  ap_memory |   centroids_1   |     array    |
|centroids_1_q1         |  in |   32|  ap_memory |   centroids_1   |     array    |
|centroids_2_address0   | out |    6|  ap_memory |   centroids_2   |     array    |
|centroids_2_ce0        | out |    1|  ap_memory |   centroids_2   |     array    |
|centroids_2_q0         |  in |   32|  ap_memory |   centroids_2   |     array    |
|centroids_2_address1   | out |    6|  ap_memory |   centroids_2   |     array    |
|centroids_2_ce1        | out |    1|  ap_memory |   centroids_2   |     array    |
|centroids_2_q1         |  in |   32|  ap_memory |   centroids_2   |     array    |
|centroids_3_address0   | out |    6|  ap_memory |   centroids_3   |     array    |
|centroids_3_ce0        | out |    1|  ap_memory |   centroids_3   |     array    |
|centroids_3_q0         |  in |   32|  ap_memory |   centroids_3   |     array    |
|centroids_3_address1   | out |    6|  ap_memory |   centroids_3   |     array    |
|centroids_3_ce1        | out |    1|  ap_memory |   centroids_3   |     array    |
|centroids_3_q1         |  in |   32|  ap_memory |   centroids_3   |     array    |
|centroids_4_address0   | out |    6|  ap_memory |   centroids_4   |     array    |
|centroids_4_ce0        | out |    1|  ap_memory |   centroids_4   |     array    |
|centroids_4_q0         |  in |   32|  ap_memory |   centroids_4   |     array    |
|centroids_4_address1   | out |    6|  ap_memory |   centroids_4   |     array    |
|centroids_4_ce1        | out |    1|  ap_memory |   centroids_4   |     array    |
|centroids_4_q1         |  in |   32|  ap_memory |   centroids_4   |     array    |
|centroids_5_address0   | out |    6|  ap_memory |   centroids_5   |     array    |
|centroids_5_ce0        | out |    1|  ap_memory |   centroids_5   |     array    |
|centroids_5_q0         |  in |   32|  ap_memory |   centroids_5   |     array    |
|centroids_5_address1   | out |    6|  ap_memory |   centroids_5   |     array    |
|centroids_5_ce1        | out |    1|  ap_memory |   centroids_5   |     array    |
|centroids_5_q1         |  in |   32|  ap_memory |   centroids_5   |     array    |
|centroids_6_address0   | out |    6|  ap_memory |   centroids_6   |     array    |
|centroids_6_ce0        | out |    1|  ap_memory |   centroids_6   |     array    |
|centroids_6_q0         |  in |   32|  ap_memory |   centroids_6   |     array    |
|centroids_6_address1   | out |    6|  ap_memory |   centroids_6   |     array    |
|centroids_6_ce1        | out |    1|  ap_memory |   centroids_6   |     array    |
|centroids_6_q1         |  in |   32|  ap_memory |   centroids_6   |     array    |
|centroids_7_address0   | out |    6|  ap_memory |   centroids_7   |     array    |
|centroids_7_ce0        | out |    1|  ap_memory |   centroids_7   |     array    |
|centroids_7_q0         |  in |   32|  ap_memory |   centroids_7   |     array    |
|centroids_7_address1   | out |    6|  ap_memory |   centroids_7   |     array    |
|centroids_7_ce1        | out |    1|  ap_memory |   centroids_7   |     array    |
|centroids_7_q1         |  in |   32|  ap_memory |   centroids_7   |     array    |
|centroids_8_address0   | out |    6|  ap_memory |   centroids_8   |     array    |
|centroids_8_ce0        | out |    1|  ap_memory |   centroids_8   |     array    |
|centroids_8_q0         |  in |   32|  ap_memory |   centroids_8   |     array    |
|centroids_8_address1   | out |    6|  ap_memory |   centroids_8   |     array    |
|centroids_8_ce1        | out |    1|  ap_memory |   centroids_8   |     array    |
|centroids_8_q1         |  in |   32|  ap_memory |   centroids_8   |     array    |
|centroids_9_address0   | out |    6|  ap_memory |   centroids_9   |     array    |
|centroids_9_ce0        | out |    1|  ap_memory |   centroids_9   |     array    |
|centroids_9_q0         |  in |   32|  ap_memory |   centroids_9   |     array    |
|centroids_9_address1   | out |    6|  ap_memory |   centroids_9   |     array    |
|centroids_9_ce1        | out |    1|  ap_memory |   centroids_9   |     array    |
|centroids_9_q1         |  in |   32|  ap_memory |   centroids_9   |     array    |
|centroids_10_address0  | out |    6|  ap_memory |   centroids_10  |     array    |
|centroids_10_ce0       | out |    1|  ap_memory |   centroids_10  |     array    |
|centroids_10_q0        |  in |   32|  ap_memory |   centroids_10  |     array    |
|centroids_10_address1  | out |    6|  ap_memory |   centroids_10  |     array    |
|centroids_10_ce1       | out |    1|  ap_memory |   centroids_10  |     array    |
|centroids_10_q1        |  in |   32|  ap_memory |   centroids_10  |     array    |
|centroids_11_address0  | out |    6|  ap_memory |   centroids_11  |     array    |
|centroids_11_ce0       | out |    1|  ap_memory |   centroids_11  |     array    |
|centroids_11_q0        |  in |   32|  ap_memory |   centroids_11  |     array    |
|centroids_11_address1  | out |    6|  ap_memory |   centroids_11  |     array    |
|centroids_11_ce1       | out |    1|  ap_memory |   centroids_11  |     array    |
|centroids_11_q1        |  in |   32|  ap_memory |   centroids_11  |     array    |
|centroids_12_address0  | out |    6|  ap_memory |   centroids_12  |     array    |
|centroids_12_ce0       | out |    1|  ap_memory |   centroids_12  |     array    |
|centroids_12_q0        |  in |   32|  ap_memory |   centroids_12  |     array    |
|centroids_12_address1  | out |    6|  ap_memory |   centroids_12  |     array    |
|centroids_12_ce1       | out |    1|  ap_memory |   centroids_12  |     array    |
|centroids_12_q1        |  in |   32|  ap_memory |   centroids_12  |     array    |
|centroids_13_address0  | out |    6|  ap_memory |   centroids_13  |     array    |
|centroids_13_ce0       | out |    1|  ap_memory |   centroids_13  |     array    |
|centroids_13_q0        |  in |   32|  ap_memory |   centroids_13  |     array    |
|centroids_13_address1  | out |    6|  ap_memory |   centroids_13  |     array    |
|centroids_13_ce1       | out |    1|  ap_memory |   centroids_13  |     array    |
|centroids_13_q1        |  in |   32|  ap_memory |   centroids_13  |     array    |
|centroids_14_address0  | out |    6|  ap_memory |   centroids_14  |     array    |
|centroids_14_ce0       | out |    1|  ap_memory |   centroids_14  |     array    |
|centroids_14_q0        |  in |   32|  ap_memory |   centroids_14  |     array    |
|centroids_14_address1  | out |    6|  ap_memory |   centroids_14  |     array    |
|centroids_14_ce1       | out |    1|  ap_memory |   centroids_14  |     array    |
|centroids_14_q1        |  in |   32|  ap_memory |   centroids_14  |     array    |
|centroids_15_address0  | out |    6|  ap_memory |   centroids_15  |     array    |
|centroids_15_ce0       | out |    1|  ap_memory |   centroids_15  |     array    |
|centroids_15_q0        |  in |   32|  ap_memory |   centroids_15  |     array    |
|centroids_15_address1  | out |    6|  ap_memory |   centroids_15  |     array    |
|centroids_15_ce1       | out |    1|  ap_memory |   centroids_15  |     array    |
|centroids_15_q1        |  in |   32|  ap_memory |   centroids_15  |     array    |
|centroids_16_address0  | out |    6|  ap_memory |   centroids_16  |     array    |
|centroids_16_ce0       | out |    1|  ap_memory |   centroids_16  |     array    |
|centroids_16_q0        |  in |   32|  ap_memory |   centroids_16  |     array    |
|centroids_16_address1  | out |    6|  ap_memory |   centroids_16  |     array    |
|centroids_16_ce1       | out |    1|  ap_memory |   centroids_16  |     array    |
|centroids_16_q1        |  in |   32|  ap_memory |   centroids_16  |     array    |
|centroids_17_address0  | out |    6|  ap_memory |   centroids_17  |     array    |
|centroids_17_ce0       | out |    1|  ap_memory |   centroids_17  |     array    |
|centroids_17_q0        |  in |   32|  ap_memory |   centroids_17  |     array    |
|centroids_17_address1  | out |    6|  ap_memory |   centroids_17  |     array    |
|centroids_17_ce1       | out |    1|  ap_memory |   centroids_17  |     array    |
|centroids_17_q1        |  in |   32|  ap_memory |   centroids_17  |     array    |
|centroids_18_address0  | out |    6|  ap_memory |   centroids_18  |     array    |
|centroids_18_ce0       | out |    1|  ap_memory |   centroids_18  |     array    |
|centroids_18_q0        |  in |   32|  ap_memory |   centroids_18  |     array    |
|centroids_18_address1  | out |    6|  ap_memory |   centroids_18  |     array    |
|centroids_18_ce1       | out |    1|  ap_memory |   centroids_18  |     array    |
|centroids_18_q1        |  in |   32|  ap_memory |   centroids_18  |     array    |
|centroids_19_address0  | out |    6|  ap_memory |   centroids_19  |     array    |
|centroids_19_ce0       | out |    1|  ap_memory |   centroids_19  |     array    |
|centroids_19_q0        |  in |   32|  ap_memory |   centroids_19  |     array    |
|centroids_19_address1  | out |    6|  ap_memory |   centroids_19  |     array    |
|centroids_19_ce1       | out |    1|  ap_memory |   centroids_19  |     array    |
|centroids_19_q1        |  in |   32|  ap_memory |   centroids_19  |     array    |
+-----------------------+-----+-----+------------+-----------------+--------------+

