reg__57: 
case__155: 
logic__154: 
logic__574: 
datapath__82: 
keep__1: 
logic__90: 
datapath__31: 
logic__530: 
keep: 
reg__32: 
case__166: 
logic__367: 
signinv__19: 
datapath__79: 
datapath__34: 
reg__10: 
logic__61: 
logic__211: 
datapath__17: 
logic__410: 
logic__43: 
addsub__9: 
datapath__23: 
axi_crossbar_v2_1_18_axi_crossbar: 
datapath__10: 
logic__185: 
logic__437: 
logic__54: 
reg__26: 
logic__514: 
logic__47: 
logic__56: 
axi_crossbar_v2_1_18_splitter: 
signinv__7: 
logic__266: 
axi_crossbar_v2_1_18_wdata_router: 
case__145: 
logic__141: 
logic__59: 
case__171: 
logic__319: 
addsub: 
logic__309: 
logic__192: 
logic__131: 
axi_data_fifo_v2_1_16_axic_reg_srl_fifo: 
case__30: 
logic__83: 
datapath__1: 
logic__64: 
case__14: 
logic__562: 
logic__471: 
logic__35: 
logic__422: 
logic__22: 
datapath__84: 
logic__592: 
case__126: 
logic__464: 
addsub__24: 
datapath__42: 
case__78: 
logic__308: 
case__71: 
case: 
case__17: 
signinv__21: 
logic__297: 
logic__129: 
reg__1: 
case__19: 
datapath__91: 
case__164: 
case__70: 
logic__463: 
logic__539: 
reg__2: 
logic__304: 
datapath__80: 
logic__489: 
datapath__19: 
logic__543: 
logic__102: 
logic__42: 
logic__563: 
logic__487: 
reg__3: 
logic__565: 
logic__301: 
logic__401: 
logic__163: 
datapath__75: 
logic__444: 
logic__531: 
datapath__39: 
logic__610: 
logic__39: 
logic__355: 
case__37: 
logic__395: 
datapath__54: 
signinv__5: 
axi_register_slice_v2_1_17_axi_register_slice: 
logic__93: 
datapath__15: 
reg__44: 
logic__332: 
reg__11: 
logic__51: 
logic__250: 
logic__306: 
logic__177: 
case__168: 
case__72: 
reg__58: 
case__157: 
case__27: 
case__146: 
datapath__93: 
case__35: 
logic__72: 
logic__583: 
axi_infrastructure_v1_1_0_vector2axi: 
datapath__64: 
logic__499: 
case__161: 
reg__37: 
case__83: 
case__116: 
logic__402: 
datapath__73: 
logic__198: 
logic__320: 
case__113: 
reg__47: 
logic__481: 
case__127: 
logic__137: 
logic__556: 
addsub__19: 
datapath__57: 
reg__19: 
case__67: 
logic__486: 
reg__33: 
datapath__9: 
reg__4: 
case__20: 
keep__3: 
reg__42: 
reg__20: 
axi_data_fifo_v2_1_16_ndeep_srl: 
signinv__25: 
logic__310: 
logic__151: 
logic__29: 
logic__589: 
addsub__5: 
logic__542: 
logic__494: 
logic__333: 
logic__521: 
datapath__92: 
logic__254: 
case__115: 
case__36: 
signinv__1: 
datapath__53: 
addsub__10: 
logic__479: 
case__143: 
logic__25: 
addsub__25: 
logic__580: 
logic__400: 
datapath__13: 
datapath__46: 
reg__35: 
signinv__14: 
case__24: 
axi_crossbar_v2_1_18_crossbar: 
datapath__68: 
addsub__18: 
case__156: 
logic__314: 
datapath__61: 
logic__298: 
case__117: 
logic__238: 
datapath__45: 
signinv__22: 
logic__291: 
logic__246: 
reg__46: 
logic__418: 
logic__153: 
logic__158: 
logic__57: 
datapath__40: 
logic__537: 
datapath__38: 
case__9: 
reg__48: 
addsub__14: 
reg__41: 
logic__44: 
reg__7: 
logic__191: 
logic__434: 
counter__1: 
case__74: 
logic__239: 
datapath__18: 
logic__334: 
axi_crossbar_v2_1_18_si_transactor: 
logic__106: 
signinv__8: 
addsub__1: 
axi_crossbar_v2_1_18_wdata_mux: 
logic__300: 
logic__66: 
logic__315: 
logic__540: 
logic__144: 
addsub__8: 
addsub__21: 
datapath__8: 
logic__354: 
datapath__3: 
logic__480: 
reg__13: 
logic__95: 
reg__15: 
logic__430: 
reg__49: 
case__81: 
logic__142: 
datapath__67: 
addsub__23: 
case__73: 
signinv: 
datapath__41: 
logic__513: 
logic__270: 
reg__29: 
design_1_xbar_2: 
datapath__28: 
case__80: 
logic__110: 
logic__482: 
datapath__22: 
logic__190: 
logic__426: 
reg__21: 
logic__184: 
reg__36: 
axi_crossbar_v2_1_18_decerr_slave: 
logic__293: 
generic_baseblocks_v2_1_0_mux_enc__parameterized0: 
signinv__18: 
case__141: 
case__142: 
case__64: 
logic__547: 
case__110: 
signinv__3: 
addsub__6: 
logic__360: 
datapath__43: 
logic__278: 
logic__465: 
datapath__2: 
logic__302: 
logic__48: 
datapath__32: 
logic__572: 
logic__262: 
case__160: 
logic__545: 
logic__348: 
reg__23: 
signinv__23: 
logic__527: 
logic__101: 
case__11: 
reg__24: 
counter: 
case__21: 
reg__55: 
case__167: 
logic__292: 
datapath__94: 
logic__440: 
datapath__21: 
logic__573: 
logic__143: 
logic__590: 
logic__544: 
logic__523: 
logic__591: 
logic__136: 
logic__155: 
datapath__56: 
logic__394: 
logic__564: 
logic__571: 
reg__14: 
logic__406: 
case__22: 
logic__85: 
datapath__83: 
addsub__22: 
addsub__20: 
case__144: 
datapath: 
case__119: 
logic__60: 
datapath__71: 
logic__522: 
case__112: 
datapath__49: 
case__28: 
logic__600: 
axi_register_slice_v2_1_17_axic_register_slice__parameterized2: 
datapath__87: 
reg__5: 
case__170: 
axi_crossbar_v2_1_18_arbiter_resp: 
logic__63: 
logic__505: 
logic__135: 
axi_crossbar_v2_1_18_addr_decoder: 
datapath__78: 
datapath__63: 
logic__553: 
logic__171: 
datapath__74: 
case__34: 
logic__62: 
reg__9: 
reg__12: 
case__33: 
generic_baseblocks_v2_1_0_mux_enc: 
case__63: 
case__82: 
case__158: 
signinv__26: 
reg__52: 
logic__483: 
logic__94: 
logic__100: 
datapath__77: 
datapath__16: 
case__163: 
addsub__16: 
generic_baseblocks_v2_1_0_comparator_static__parameterized0: 
muxpart__10: 
logic__340: 
case__18: 
logic__116: 
reg__31: 
logic__164: 
addsub__26: 
reg__56: 
logic__519: 
logic__299: 
addsub__7: 
datapath__36: 
datapath__52: 
logic__159: 
logic__500: 
datapath__60: 
logic__495: 
logic__24: 
datapath__12: 
case__149: 
logic__478: 
counter__2: 
signinv__12: 
signinv__16: 
logic__607: 
case__85: 
datapath__86: 
addsub__2: 
case__23: 
reg__54: 
signinv__20: 
case__79: 
case__124: 
logic__157: 
logic__169: 
datapath__27: 
case__76: 
reg__43: 
case__32: 
case__118: 
datapath__5: 
logic__327: 
logic__2: 
case__29: 
logic__69: 
case__152: 
axi_data_fifo_v2_1_16_ndeep_srl__parameterized0: 
case__114: 
logic__149: 
addsub__12: 
reg__22: 
axi_infrastructure_v1_1_0_axi2vector: 
datapath__25: 
logic__27: 
logic__212: 
muxpart__9: 
datapath__7: 
case__169: 
logic__123: 
reg__16: 
addsub__11: 
reg__51: 
case__121: 
case__148: 
logic__125: 
logic__34: 
datapath__48: 
logic__199: 
reg__45: 
logic__601: 
logic__311: 
case__68: 
case__12: 
case__111: 
logic__204: 
logic__156: 
signinv__11: 
datapath__47: 
datapath__89: 
case__25: 
logic__23: 
case__75: 
logic__96: 
reg__17: 
logic__58: 
datapath__44: 
logic__91: 
logic__599: 
logic__150: 
logic__484: 
logic__245: 
datapath__33: 
logic__541: 
logic__285: 
reg__30: 
reg__25: 
datapath__66: 
axi_data_fifo_v2_1_16_axic_srl_fifo__parameterized0: 
datapath__30: 
logic__55: 
logic__529: 
case__84: 
case__26: 
logic__554: 
case__122: 
generic_baseblocks_v2_1_0_comparator_static: 
addsub__4: 
logic__498: 
logic__287: 
datapath__24: 
axi_data_fifo_v2_1_16_axic_srl_fifo__parameterized1: 
logic__326: 
datapath__37: 
logic__290: 
logic__515: 
datapath__76: 
axi_data_fifo_v2_1_16_axic_srl_fifo: 
datapath__59: 
case__31: 
axi_register_slice_v2_1_17_axic_register_slice__parameterized0: 
counter__3: 
datapath__6: 
logic__339: 
case__65: 
datapath__69: 
case__120: 
datapath__29: 
logic__581: 
case__38: 
case__150: 
case__125: 
datapath__50: 
datapath__81: 
reg__40: 
datapath__11: 
datapath__88: 
reg__6: 
logic__528: 
generic_baseblocks_v2_1_0_carry_and: 
case__77: 
logic__244: 
logic__546: 
logic__258: 
case__151: 
logic__312: 
logic__552: 
logic__305: 
logic__65: 
logic__525: 
axi_crossbar_v2_1_18_addr_arbiter: 
logic__111: 
datapath__26: 
datapath__62: 
logic__170: 
logic__493: 
axi_crossbar_v2_1_18_si_transactor__parameterized0: 
reg__27: 
logic__346: 
logic__497: 
logic__496: 
logic: 
logic__178: 
logic__147: 
reg__34: 
axi_register_slice_v2_1_17_axic_register_slice__parameterized1: 
case__10: 
counter__4: 
logic__92: 
case__123: 
logic__520: 
logic__613: 
datapath__51: 
signinv__15: 
logic__341: 
keep__2: 
logic__84: 
muxpart: 
signinv__17: 
logic__176: 
logic__274: 
logic__353: 
signinv__2: 
logic__183: 
logic__313: 
datapath__85: 
logic__1: 
reg__28: 
logic__526: 
datapath__70: 
signinv__10: 
logic__124: 
case__154: 
logic__38: 
addsub__17: 
logic__197: 
datapath__90: 
datapath__55: 
reg: 
case__147: 
reg__50: 
logic__508: 
datapath__35: 
axi_crossbar_v2_1_18_wdata_mux__parameterized0: 
datapath__65: 
datapath__14: 
case__15: 
signinv__4: 
signinv__13: 
reg__18: 
signinv__6: 
addsub__15: 
logic__303: 
axi_data_fifo_v2_1_16_ndeep_srl__parameterized1: 
datapath__20: 
case__13: 
logic__148: 
logic__485: 
logic__347: 
datapath__95: 
axi_register_slice_v2_1_17_axic_register_slice: 
addsub__3: 
logic__598: 
logic__448: 
logic__152: 
logic__474: 
logic__524: 
logic__414: 
reg__53: 
case__66: 
logic__307: 
reg__59: 
addsub__13: 
datapath__4: 
logic__145: 
logic__325: 
logic__32: 
logic__532: 
logic__134: 
logic__28: 
case__69: 
datapath__72: 
reg__8: 
datapath__58: 
logic__488: 
logic__368: 
logic__538: 
logic__146: 
signinv__9: 
signinv__24: 
logic__512: 
case__153: 
